Archive member included to satisfy reference by file (symbol)

.\CortexM3\ARM_GCC_541\Release\Toast.a(BLINK_05HZ.o)
                              .\CortexM3\ARM_GCC_541\Release\main.o (BLINK_05HZ_Start)
.\CortexM3\ARM_GCC_541\Release\Toast.a(LED_CTRL.o)
                              .\CortexM3\ARM_GCC_541\Release\utils.o (LED_CTRL_Write)
.\CortexM3\ARM_GCC_541\Release\Toast.a(BLINK_CTRL_EN.o)
                              .\CortexM3\ARM_GCC_541\Release\utils.o (BLINK_CTRL_EN_Write)
.\CortexM3\ARM_GCC_541\Release\Toast.a(BLINK_25HZ.o)
                              .\CortexM3\ARM_GCC_541\Release\main.o (BLINK_25HZ_Start)
.\CortexM3\ARM_GCC_541\Release\Toast.a(PWM_MOTORS.o)
                              .\CortexM3\ARM_GCC_541\Release\main.o (PWM_MOTORS_Start)
.\CortexM3\ARM_GCC_541\Release\Toast.a(EEPROM.o)
                              .\CortexM3\ARM_GCC_541\Release\main.o (EEPROM_Start)
.\CortexM3\ARM_GCC_541\Release\Toast.a(FTDI_ENABLE.o)
                              .\CortexM3\ARM_GCC_541\Release\command_processing.o (FTDI_ENABLE_Write)
.\CortexM3\ARM_GCC_541\Release\Toast.a(RS485_CTS.o)
                              .\CortexM3\ARM_GCC_541\Release\command_processing.o (RS485_CTS_Write)
.\CortexM3\ARM_GCC_541\Release\Toast.a(PACER_TIMER.o)
                              .\CortexM3\ARM_GCC_541\Release\main.o (PACER_TIMER_Start)
.\CortexM3\ARM_GCC_541\Release\Toast.a(RESET_FF.o)
                              .\CortexM3\ARM_GCC_541\Release\main.o (RESET_FF_Write)
.\CortexM3\ARM_GCC_541\Release\Toast.a(FF_STATUS.o)
                              .\CortexM3\ARM_GCC_541\Release\main.o (FF_STATUS_Read)
.\CortexM3\ARM_GCC_541\Release\Toast.a(MY_TIMER.o)
                              .\CortexM3\ARM_GCC_541\Release\main.o (MY_TIMER_Start)
.\CortexM3\ARM_GCC_541\Release\Toast.a(UART_RS485.o)
                              .\CortexM3\ARM_GCC_541\Release\main.o (UART_RS485_Start)
.\CortexM3\ARM_GCC_541\Release\Toast.a(UART_RS485_INT.o)
                              .\CortexM3\ARM_GCC_541\Release\Toast.a(UART_RS485.o) (UART_RS485_RXISR)
.\CortexM3\ARM_GCC_541\Release\Toast.a(ISR_RS485_RX.o)
                              .\CortexM3\ARM_GCC_541\Release\command_processing.o (ISR_RS485_RX_Disable)
.\CortexM3\ARM_GCC_541\Release\Toast.a(CLOCK_UART.o)
                              .\CortexM3\ARM_GCC_541\Release\command_processing.o (CLOCK_UART_SetDividerRegister)
.\CortexM3\ARM_GCC_541\Release\Toast.a(CYCLES_TIMER.o)
                              .\CortexM3\ARM_GCC_541\Release\main.o (CYCLES_TIMER_Start)
.\CortexM3\ARM_GCC_541\Release\Toast.a(ISR_CYCLES.o)
                              .\CortexM3\ARM_GCC_541\Release\main.o (ISR_CYCLES_StartEx)
.\CortexM3\ARM_GCC_541\Release\Toast.a(COUNTER_ENC.o)
                              .\CortexM3\ARM_GCC_541\Release\main.o (COUNTER_ENC_Start)
.\CortexM3\ARM_GCC_541\Release\Toast.a(SHIFTREG_ENC_3.o)
                              .\CortexM3\ARM_GCC_541\Release\main.o (SHIFTREG_ENC_3_Start)
.\CortexM3\ARM_GCC_541\Release\Toast.a(SHIFTREG_ENC_2.o)
                              .\CortexM3\ARM_GCC_541\Release\main.o (SHIFTREG_ENC_2_Start)
.\CortexM3\ARM_GCC_541\Release\Toast.a(SHIFTREG_ENC_1.o)
                              .\CortexM3\ARM_GCC_541\Release\main.o (SHIFTREG_ENC_1_Start)
.\CortexM3\ARM_GCC_541\Release\Toast.a(RESET_COUNTERS.o)
                              .\CortexM3\ARM_GCC_541\Release\Encoder_functions.o (RESET_COUNTERS_Write)
.\CortexM3\ARM_GCC_541\Release\Toast.a(CyFlash.o)
                              .\CortexM3\ARM_GCC_541\Release\Toast.a(EEPROM.o) (dieTemperature)
.\CortexM3\ARM_GCC_541\Release\Toast.a(CyLib.o)
                              .\CortexM3\ARM_GCC_541\Release\Cm3Start.o (CyResetStatus)
.\CortexM3\ARM_GCC_541\Release\Toast.a(cyPm.o)
                              .\CortexM3\ARM_GCC_541\Release\Toast.a(CyLib.o) (CyPmReadStatus)
.\CortexM3\ARM_GCC_541\Release\Toast.a(CySpc.o)
                              .\CortexM3\ARM_GCC_541\Release\Toast.a(EEPROM.o) (CySpcStart)
.\CortexM3\ARM_GCC_541\Release\Toast.a(Bootloadable.o)
                              .\CortexM3\ARM_GCC_541\Release\command_processing.o (Bootloadable_Load)
.\CortexM3\ARM_GCC_541\Release\Toast.a(MOTOR_ON_OFF_1.o)
                              .\CortexM3\ARM_GCC_541\Release\utils.o (MOTOR_ON_OFF_1_Write)
.\CortexM3\ARM_GCC_541\Release\Toast.a(MISO_RTC.o)
                              .\CortexM3\ARM_GCC_541\Release\SD_RTC_functions.o (MISO_RTC_Read)
.\CortexM3\ARM_GCC_541\Release\Toast.a(MOSI_RTC.o)
                              .\CortexM3\ARM_GCC_541\Release\SD_RTC_functions.o (MOSI_RTC_Write)
.\CortexM3\ARM_GCC_541\Release\Toast.a(CLK_RTC.o)
                              .\CortexM3\ARM_GCC_541\Release\SD_RTC_functions.o (CLK_RTC_Write)
.\CortexM3\ARM_GCC_541\Release\Toast.a(CS_RTC.o)
                              .\CortexM3\ARM_GCC_541\Release\SD_RTC_functions.o (CS_RTC_Write)
.\CortexM3\ARM_GCC_541\Release\Toast.a(Chip_Select_ENCODER_LINE.o)
[...]
Memory Configuration

Name             Origin             Length             Attributes
rom              0x00000000         0x00040000         xr
ram              0x1fff8000         0x00010000         xrw
*default*        0x00000000         0xffffffff

Linker script and memory map

LOAD c:/program files (x86)/cypress/psoc creator/4.4/psoc creator/import/gnu/arm/5.4.1/bin/../lib/gcc/arm-none-eabi/5.4.1/armv7-m/crti.o
LOAD c:/program files (x86)/cypress/psoc creator/4.4/psoc creator/import/gnu/arm/5.4.1/bin/../lib/gcc/arm-none-eabi/5.4.1/armv7-m/crtbegin.o
LOAD c:/program files (x86)/cypress/psoc creator/4.4/psoc creator/import/gnu/arm/5.4.1/bin/../lib/gcc/arm-none-eabi/5.4.1/../../../../arm-none-eabi/lib/armv7-m/crt0.o
START GROUP
LOAD .\CortexM3\ARM_GCC_541\Release\command_processing.o
LOAD .\CortexM3\ARM_GCC_541\Release\globals.o
LOAD .\CortexM3\ARM_GCC_541\Release\interruptions.o
LOAD .\CortexM3\ARM_GCC_541\Release\utils.o
LOAD .\CortexM3\ARM_GCC_541\Release\main.o
LOAD .\CortexM3\ARM_GCC_541\Release\Encoder_functions.o
LOAD .\CortexM3\ARM_GCC_541\Release\SD_RTC_functions.o
LOAD .\CortexM3\ARM_GCC_541\Release\IMU_functions.o
LOAD .\CortexM3\ARM_GCC_541\Release\FS_ConfigIO.o
LOAD .\CortexM3\ARM_GCC_541\Release\cyfitter_cfg.o
LOAD .\CortexM3\ARM_GCC_541\Release\cymetadata.o
LOAD .\CortexM3\ARM_GCC_541\Release\Cm3Start.o
LOAD .\CortexM3\ARM_GCC_541\Release\cybootloader.o
LOAD .\CortexM3\ARM_GCC_541\Release\Toast.a
LOAD C:\Program Files (x86)\Cypress\PSoC Creator\4.4\PSoC Creator\psoc\content\cycomponentlibrary\CyComponentLibrary.cylib\CortexM3\ARM_GCC_541\Release\CyComponentLibrary.a
LOAD ..\src\emFile_V322c\LinkLibrary\PSoC5\GCC\libemf16noslfn.a
LOAD c:/program files (x86)/cypress/psoc creator/4.4/psoc creator/import/gnu/arm/5.4.1/bin/../lib/gcc/arm-none-eabi/5.4.1/../../../../arm-none-eabi/lib/armv7-m\libm.a
END GROUP
START GROUP
LOAD c:/program files (x86)/cypress/psoc creator/4.4/psoc creator/import/gnu/arm/5.4.1/bin/../lib/gcc/arm-none-eabi/5.4.1/armv7-m\libgcc.a
LOAD c:/program files (x86)/cypress/psoc creator/4.4/psoc creator/import/gnu/arm/5.4.1/bin/../lib/gcc/arm-none-eabi/5.4.1/../../../../arm-none-eabi/lib/armv7-m\libg_nano.a
LOAD c:/program files (x86)/cypress/psoc creator/4.4/psoc creator/import/gnu/arm/5.4.1/bin/../lib/gcc/arm-none-eabi/5.4.1/../../../../arm-none-eabi/lib/armv7-m\libc_nano.a
END GROUP
START GROUP
LOAD c:/program files (x86)/cypress/psoc creator/4.4/psoc creator/import/gnu/arm/5.4.1/bin/../lib/gcc/arm-none-eabi/5.4.1/armv7-m\libgcc.a
LOAD c:/program files (x86)/cypress/psoc creator/4.4/psoc creator/import/gnu/arm/5.4.1/bin/../lib/gcc/arm-none-eabi/5.4.1/../../../../arm-none-eabi/lib/armv7-m\libc_nano.a
END GROUP
LOAD c:/program files (x86)/cypress/psoc creator/4.4/psoc creator/import/gnu/arm/5.4.1/bin/../lib/gcc/arm-none-eabi/5.4.1/armv7-m/crtend.o
LOAD c:/program files (x86)/cypress/psoc creator/4.4/psoc creator/import/gnu/arm/5.4.1/bin/../lib/gcc/arm-none-eabi/5.4.1/armv7-m/crtn.o
START GROUP
LOAD c:/program files (x86)/cypress/psoc creator/4.4/psoc creator/import/gnu/arm/5.4.1/bin/../lib/gcc/arm-none-eabi/5.4.1/armv7-m\libgcc.a
LOAD c:/program files (x86)/cypress/psoc creator/4.4/psoc creator/import/gnu/arm/5.4.1/bin/../lib/gcc/arm-none-eabi/5.4.1/../../../../arm-none-eabi/lib/armv7-m\libc.a
LOAD c:/program files (x86)/cypress/psoc creator/4.4/psoc creator/import/gnu/arm/5.4.1/bin/../lib/gcc/arm-none-eabi/5.4.1/../../../../arm-none-eabi/lib/armv7-m\libnosys.a
END GROUP
                0x00000000                CY_APPL_ORIGIN = 0x0
                0x00000100                CY_FLASH_ROW_SIZE = 0x100
                0x00000020                CY_ECC_ROW_SIZE = 0x20
                0x00000000                CY_EE_IN_BTLDR = 0x0
                0x00000001                CY_APPL_LOADABLE = 0x1
                0x00000800                CY_EE_SIZE = 0x800
                0x00000001                CY_APPL_NUM = 0x1
                0x00000001                CY_APPL_MAX = 0x1
                0x00000040                CY_METADATA_SIZE = 0x40
                0x00000001                CY_APPL_LOADABLE = 0x1
                0x00000000                CY_CHECKSUM_EXCLUDE_SIZE = ALIGN (0x0, CY_FLASH_ROW_SIZE)
                [!provide]                PROVIDE (__cy_heap_start, _end)
                0x00000001                PROVIDE (__cy_region_num, ((__cy_regions_end - __cy_regions) / 0x10))
                0x20008000                PROVIDE (__cy_stack, (ORIGIN (ram) + LENGTH (ram)))
                [!provide]                PROVIDE (__cy_heap_end, (__cy_stack - 0x800))

.cybootloader   0x00000000     0x1d00
 *(.cybootloader)
 .cybootloader  0x00000000     0x1d00 .\CortexM3\ARM_GCC_541\Release\cybootloader.o
                0x00000000                cy_bootloader
                0x00001d00                appl1_start = CY_APPL_ORIGIN?CY_APPL_ORIGIN:ALIGN (CY_FLASH_ROW_SIZE)
                0x00020e00                appl2_start = (appl1_start + ALIGN ((((LENGTH (rom) - appl1_start) - (0x2 * CY_FLASH_ROW_SIZE)) / 0x2), CY_FLASH_ROW_SIZE))
                0x00001d00                appl_start = (CY_APPL_NUM == 0x1)?appl1_start:appl2_start
                0x000003a0                ecc_offset = ((appl_start / CY_FLASH_ROW_SIZE) * CY_ECC_ROW_SIZE)
                0x00000000                ee_offset = (CY_APPL_LOADABLE && ! (CY_EE_IN_BTLDR))?((CY_EE_SIZE / CY_APPL_MAX) * (CY_APPL_NUM - 0x1)):0x0
                0x00000800                ee_size = (CY_APPL_LOADABLE && ! (CY_EE_IN_BTLDR))?(CY_EE_SIZE / CY_APPL_MAX):CY_EE_SIZE
                0x000003a0                PROVIDE (CY_ECC_OFFSET, ecc_offset)

.text           0x00001d00    0x15ba0
 CREATE_OBJECT_SYMBOLS
                0x00001d00                PROVIDE (__cy_interrupt_vector, RomVectors)
 *(.romvectors)
 .romvectors    0x00001d00       0x10 .\CortexM3\ARM_GCC_541\Release\Cm3Start.o
                0x00001d00                RomVectors
                0x00000001                ASSERT ((. != __cy_interrupt_vector), No interrupt vector)
                0x00000001                ASSERT (CY_APPL_ORIGIN?(SIZEOF (.cybootloader) <= CY_APPL_ORIGIN):0x1, Wrong image location)
                0x00001d10                PROVIDE (__cy_reset, Reset)
 *(.text.Reset)
 .text.Reset    0x00001d10        0x8 .\CortexM3\ARM_GCC_541\Release\Cm3Start.o
                0x00001d10                Reset
                0x00000001                ASSERT ((. != __cy_reset), No reset code)
 *(.dma_init)
                0x00000001                ASSERT ((((appl_start + .) <= 0x10000) || 0x1), DMA Init must be within the first 64k of flash)
 *(.text .text.* .gnu.linkonce.t.*)
 .text          0x00001d18       0x5c c:/program files (x86)/cypress/psoc creator/4.4/psoc creator/import/gnu/arm/5.4.1/bin/../lib/gcc/arm-none-eabi/5.4.1/armv7-m/crtbegin.o
 .text.commProcess
                0x00001d74      0x51c .\CortexM3\ARM_GCC_541\Release\command_processing.o
                0x00001d74                commProcess
 .text.infoGet  0x00002290      0x164 .\CortexM3\ARM_GCC_541\Release\command_processing.o
                0x00002290                infoGet
 .text.get_param_list
                0x000023f4     0x22e4 .\CortexM3\ARM_GCC_541\Release\command_processing.o
                0x000023f4                get_param_list
 .text.manage_param_list
                0x000046d8     0x1930 .\CortexM3\ARM_GCC_541\Release\command_processing.o
                0x000046d8                manage_param_list
 .text.get_IMU_param_list
                0x00006008      0xdf4 .\CortexM3\ARM_GCC_541\Release\command_processing.o
                0x00006008                get_IMU_param_list
 .text.setZeros
                0x00006dfc       0x90 .\CortexM3\ARM_GCC_541\Release\command_processing.o
                0x00006dfc                setZeros
 .text.prepare_generic_info
                0x00006e8c     0x1be8 .\CortexM3\ARM_GCC_541\Release\command_processing.o
                0x00006e8c                prepare_generic_info
 .text.prepare_counter_info
                0x00008a74      0x490 .\CortexM3\ARM_GCC_541\Release\command_processing.o
                0x00008a74                prepare_counter_info
 .text.prepare_R01_info
                0x00008f04      0x25c .\CortexM3\ARM_GCC_541\Release\command_processing.o
                0x00008f04                prepare_R01_info
 .text.prepare_SD_param_info
                0x00009160     0x1280 .\CortexM3\ARM_GCC_541\Release\command_processing.o
                0x00009160                prepare_SD_param_info
 .text.prepare_SD_legend
                0x0000a3e0       0xdc .\CortexM3\ARM_GCC_541\Release\command_processing.o
                0x0000a3e0                prepare_SD_legend
 .text.prepare_SD_EMG_History_legend
                0x0000a4bc       0x28 .\CortexM3\ARM_GCC_541\Release\command_processing.o
                0x0000a4bc                prepare_SD_EMG_History_legend
 .text.IMU_reading_info
                0x0000a4e4      0x374 .\CortexM3\ARM_GCC_541\Release\command_processing.o
                0x0000a4e4                IMU_reading_info
 .text.commWrite_old_id
                0x0000a858       0x84 .\CortexM3\ARM_GCC_541\Release\command_processing.o
                0x0000a858                commWrite_old_id
 .text.commWrite
                0x0000a8dc       0x88 .\CortexM3\ARM_GCC_541\Release\command_processing.o
                0x0000a8dc                commWrite
 .text.commWriteID
                0x0000a964       0xa0 .\CortexM3\ARM_GCC_541\Release\command_processing.o
                0x0000a964                commWriteID
 .text.LCRChecksum
                0x0000aa04       0x40 .\CortexM3\ARM_GCC_541\Release\command_processing.o
                0x0000aa04                LCRChecksum
 .text.sendAcknowledgment
                0x0000aa44       0x30 .\CortexM3\ARM_GCC_541\Release\command_processing.o
                0x0000aa44                sendAcknowledgment
 .text.memStore
                0x0000aa74       0x98 .\CortexM3\ARM_GCC_541\Release\command_processing.o
                0x0000aa74                memStore
 .text.memRecall
                0x0000ab0c       0x80 .\CortexM3\ARM_GCC_541\Release\command_processing.o
                0x0000ab0c                memRecall
 .text.memRestore
                0x0000ab8c       0x5c .\CortexM3\ARM_GCC_541\Release\command_processing.o
                0x0000ab8c                memRestore
 .text.memInit  0x0000abe8      0x628 .\CortexM3\ARM_GCC_541\Release\command_processing.o
                0x0000abe8                memInit
 .text.memInit_SoftHandPro
                0x0000b210      0x240 .\CortexM3\ARM_GCC_541\Release\command_processing.o
                0x0000b210                memInit_SoftHandPro
 .text.cmd_get_measurements
                0x0000b450      0x128 .\CortexM3\ARM_GCC_541\Release\command_processing.o
                0x0000b450                cmd_get_measurements
 .text.cmd_get_velocities
                0x0000b578       0xb8 .\CortexM3\ARM_GCC_541\Release\command_processing.o
                0x0000b578                cmd_get_velocities
 .text.cmd_get_accelerations
                0x0000b630       0xb8 .\CortexM3\ARM_GCC_541\Release\command_processing.o
                0x0000b630                cmd_get_accelerations
 .text.cmd_get_joystick
                0x0000b6e8       0x5c .\CortexM3\ARM_GCC_541\Release\command_processing.o
                0x0000b6e8                cmd_get_joystick
 .text.cmd_set_inputs
                0x0000b744       0x6c .\CortexM3\ARM_GCC_541\Release\command_processing.o
                0x0000b744                cmd_set_inputs
 .text.cmd_activate
                0x0000b7b0       0x34 .\CortexM3\ARM_GCC_541\Release\command_processing.o
                0x0000b7b0                cmd_activate
 .text.cmd_get_activate
                0x0000b7e4       0x34 .\CortexM3\ARM_GCC_541\Release\command_processing.o
                0x0000b7e4                cmd_get_activate
 .text.cmd_get_curr_and_meas
                0x0000b818      0x138 .\CortexM3\ARM_GCC_541\Release\command_processing.o
                0x0000b818                cmd_get_curr_and_meas
 .text.cmd_get_currents
                0x0000b950       0xec .\CortexM3\ARM_GCC_541\Release\command_processing.o
                0x0000b950                cmd_get_currents
 .text.cmd_get_currents_for_cuff
                0x0000ba3c       0x64 .\CortexM3\ARM_GCC_541\Release\command_processing.o
                0x0000ba3c                cmd_get_currents_for_cuff
 .text.cmd_set_baudrate
                0x0000baa0       0x34 .\CortexM3\ARM_GCC_541\Release\command_processing.o
                0x0000baa0                cmd_set_baudrate
 .text.cmd_ping
                0x0000bad4       0x20 .\CortexM3\ARM_GCC_541\Release\command_processing.o
                0x0000bad4                cmd_ping
 .text.cmd_get_inputs
                0x0000baf4       0xa0 .\CortexM3\ARM_GCC_541\Release\command_processing.o
                0x0000baf4                cmd_get_inputs
 .text.cmd_store_params
                0x0000bb94      0x1bc .\CortexM3\ARM_GCC_541\Release\command_processing.o
                0x0000bb94                cmd_store_params
 .text.cmd_get_emg
                0x0000bd50       0x60 .\CortexM3\ARM_GCC_541\Release\command_processing.o
                0x0000bd50                cmd_get_emg
 .text.cmd_get_imu_readings
                0x0000bdb0      0x598 .\CortexM3\ARM_GCC_541\Release\command_processing.o
                0x0000bdb0                cmd_get_imu_readings
 .text.cmd_get_encoder_map
                0x0000c348       0x8c .\CortexM3\ARM_GCC_541\Release\command_processing.o
                0x0000c348                cmd_get_encoder_map
 .text.cmd_get_encoder_raw
                0x0000c3d4       0xec .\CortexM3\ARM_GCC_541\Release\command_processing.o
                0x0000c3d4                cmd_get_encoder_raw
 .text.cmd_get_ADC_map
                0x0000c4c0       0x5c .\CortexM3\ARM_GCC_541\Release\command_processing.o
                0x0000c4c0                cmd_get_ADC_map
 .text.cmd_get_ADC_raw
                0x0000c51c       0xc0 .\CortexM3\ARM_GCC_541\Release\command_processing.o
                0x0000c51c                cmd_get_ADC_raw
 .text.cmd_get_SD_file
                0x0000c5dc      0x154 .\CortexM3\ARM_GCC_541\Release\command_processing.o
                0x0000c5dc                cmd_get_SD_file
 .text.cmd_remove_SD_file
                0x0000c730       0xb0 .\CortexM3\ARM_GCC_541\Release\command_processing.o
                0x0000c730                cmd_remove_SD_file
 .text.ISR_RS485_RX_ExInterrupt
                0x0000c7e0       0x18 .\CortexM3\ARM_GCC_541\Release\interruptions.o
                0x0000c7e0                ISR_RS485_RX_ExInterrupt
 .text.ISR_CYCLES_Handler
                0x0000c7f8       0x20 .\CortexM3\ARM_GCC_541\Release\interruptions.o
                0x0000c7f8                ISR_CYCLES_Handler
 .text.interrupt_manager
                0x0000c818      0x1f4 .\CortexM3\ARM_GCC_541\Release\interruptions.o
                0x0000c818                interrupt_manager
 .text.function_scheduler
                0x0000ca0c       0x34 .\CortexM3\ARM_GCC_541\Release\interruptions.o
                0x0000ca0c                function_scheduler
 .text.LED_control
                0x0000ca40       0x90 .\CortexM3\ARM_GCC_541\Release\utils.o
                0x0000ca40                LED_control
 .text.enable_motor
                0x0000cad0       0x20 .\CortexM3\ARM_GCC_541\Release\utils.o
                0x0000cad0                enable_motor
 .text.reset_counters
                0x0000caf0       0x98 .\CortexM3\ARM_GCC_541\Release\utils.o
                0x0000caf0                reset_counters
 .text.main     0x0000cb88      0x178 .\CortexM3\ARM_GCC_541\Release\main.o
                0x0000cb88                main
 .text.InitEncoderGeneral
                0x0000cd00       0x54 .\CortexM3\ARM_GCC_541\Release\Encoder_functions.o
                0x0000cd00                InitEncoderGeneral
 .text.InitEncoderLine
                0x0000cd54       0x7c .\CortexM3\ARM_GCC_541\Release\Encoder_functions.o
                0x0000cd54                InitEncoderLine
 .text.ReadEncoderLine
                0x0000cdd0      0x1e8 .\CortexM3\ARM_GCC_541\Release\Encoder_functions.o
                0x0000cdd0                ReadEncoderLine
 .text.DS1302_writeByte
                0x0000cfb8       0x1c .\CortexM3\ARM_GCC_541\Release\SD_RTC_functions.o
                0x0000cfb8                DS1302_writeByte
 .text.DS1302_read
                0x0000cfd4       0x44 .\CortexM3\ARM_GCC_541\Release\SD_RTC_functions.o
                0x0000cfd4                DS1302_read
 .text.DS1302_readByte
                0x0000d018       0x5c .\CortexM3\ARM_GCC_541\Release\SD_RTC_functions.o
                0x0000d018                DS1302_readByte
 .text.shiftOut_RTC
                0x0000d074       0x4c .\CortexM3\ARM_GCC_541\Release\SD_RTC_functions.o
                0x0000d074                shiftOut_RTC
 .text.store_RTC_current_time
                0x0000d0c0      0x11c .\CortexM3\ARM_GCC_541\Release\SD_RTC_functions.o
                0x0000d0c0                store_RTC_current_time
 .text.InitSD_FS
                0x0000d1dc      0x4f8 .\CortexM3\ARM_GCC_541\Release\SD_RTC_functions.o
                0x0000d1dc                InitSD_FS
 .text.Read_SD_Closed_File
                0x0000d6d4       0x48 .\CortexM3\ARM_GCC_541\Release\SD_RTC_functions.o
                0x0000d6d4                Read_SD_Closed_File
 .text.Remove_SD_File
                0x0000d71c       0x18 .\CortexM3\ARM_GCC_541\Release\SD_RTC_functions.o
                0x0000d71c                Remove_SD_File
 .text.Read_SD_Current_Data
                0x0000d734       0x6c .\CortexM3\ARM_GCC_541\Release\SD_RTC_functions.o
                0x0000d734                Read_SD_Current_Data
 .text.Read_SD_EMG_History_Data
                0x0000d7a0       0x70 .\CortexM3\ARM_GCC_541\Release\SD_RTC_functions.o
                0x0000d7a0                Read_SD_EMG_History_Data
 .text.Get_DirectoriesList
                0x0000d810      0x13c .\CortexM3\ARM_GCC_541\Release\SD_RTC_functions.o
                0x0000d810                Get_DirectoriesList
 .text.Get_SD_FS
                0x0000d94c      0x5dc .\CortexM3\ARM_GCC_541\Release\SD_RTC_functions.o
                0x0000d94c                Get_SD_FS
 .text.CYMEMZERO
                0x0000df28       0x1c .\CortexM3\ARM_GCC_541\Release\cyfitter_cfg.o
 .text.CYCONFIGCPY
                0x0000df44       0x20 .\CortexM3\ARM_GCC_541\Release\cyfitter_cfg.o
 .text.CyClockStartupError
                0x0000df64        0xc .\CortexM3\ARM_GCC_541\Release\cyfitter_cfg.o
 .text.cfg_write_bytes32
                0x0000df70       0x74 .\CortexM3\ARM_GCC_541\Release\cyfitter_cfg.o
 .text.ClockSetup
                0x0000dfe4      0x180 .\CortexM3\ARM_GCC_541\Release\cyfitter_cfg.o
 .text.AnalogSetDefault
                0x0000e164       0x44 .\CortexM3\ARM_GCC_541\Release\cyfitter_cfg.o
 .text.cyfitter_cfg
                0x0000e1a8      0x170 .\CortexM3\ARM_GCC_541\Release\cyfitter_cfg.o
                0x0000e1a8                cyfitter_cfg
 .text.IntDefaultHandler
                0x0000e318       0x14 .\CortexM3\ARM_GCC_541\Release\Cm3Start.o
                0x0000e318                IntDefaultHandler
 .text._sbrk    0x0000e32c       0x54 .\CortexM3\ARM_GCC_541\Release\Cm3Start.o
                0x0000e32c                _sbrk
 .text.Start_c  0x0000e380       0x98 .\CortexM3\ARM_GCC_541\Release\Cm3Start.o
                0x0000e380                Start_c
 .text.initialize_psoc
                0x0000e418       0x90 .\CortexM3\ARM_GCC_541\Release\Cm3Start.o
                0x0000e418                initialize_psoc
 .text.BLINK_05HZ_Start
                0x0000e4a8       0x24 .\CortexM3\ARM_GCC_541\Release\Toast.a(BLINK_05HZ.o)
                0x0000e4a8                BLINK_05HZ_Start
 .text.BLINK_05HZ_Init
                0x0000e4cc       0x6c .\CortexM3\ARM_GCC_541\Release\Toast.a(BLINK_05HZ.o)
                0x0000e4cc                BLINK_05HZ_Init
 .text.BLINK_05HZ_Enable
                0x0000e538       0x20 .\CortexM3\ARM_GCC_541\Release\Toast.a(BLINK_05HZ.o)
                0x0000e538                BLINK_05HZ_Enable
 .text.BLINK_05HZ_WriteCounter
                0x0000e558       0x20 .\CortexM3\ARM_GCC_541\Release\Toast.a(BLINK_05HZ.o)
                0x0000e558                BLINK_05HZ_WriteCounter
 .text.BLINK_05HZ_WritePeriod
                0x0000e578       0x20 .\CortexM3\ARM_GCC_541\Release\Toast.a(BLINK_05HZ.o)
                0x0000e578                BLINK_05HZ_WritePeriod
 .text.BLINK_05HZ_WriteCompare
                0x0000e598       0x20 .\CortexM3\ARM_GCC_541\Release\Toast.a(BLINK_05HZ.o)
                0x0000e598                BLINK_05HZ_WriteCompare
 .text.LED_CTRL_Write
                0x0000e5b8       0x20 .\CortexM3\ARM_GCC_541\Release\Toast.a(LED_CTRL.o)
                0x0000e5b8                LED_CTRL_Write
 .text.BLINK_CTRL_EN_Write
                0x0000e5d8       0x20 .\CortexM3\ARM_GCC_541\Release\Toast.a(BLINK_CTRL_EN.o)
                0x0000e5d8                BLINK_CTRL_EN_Write
 .text.BLINK_25HZ_Start
                0x0000e5f8       0x24 .\CortexM3\ARM_GCC_541\Release\Toast.a(BLINK_25HZ.o)
                0x0000e5f8                BLINK_25HZ_Start
 .text.BLINK_25HZ_Init
                0x0000e61c       0x50 .\CortexM3\ARM_GCC_541\Release\Toast.a(BLINK_25HZ.o)
                0x0000e61c                BLINK_25HZ_Init
 .text.BLINK_25HZ_Enable
                0x0000e66c       0x20 .\CortexM3\ARM_GCC_541\Release\Toast.a(BLINK_25HZ.o)
                0x0000e66c                BLINK_25HZ_Enable
 .text.BLINK_25HZ_WriteCounter
                0x0000e68c       0x20 .\CortexM3\ARM_GCC_541\Release\Toast.a(BLINK_25HZ.o)
                0x0000e68c                BLINK_25HZ_WriteCounter
 .text.BLINK_25HZ_WritePeriod
                0x0000e6ac       0x20 .\CortexM3\ARM_GCC_541\Release\Toast.a(BLINK_25HZ.o)
                0x0000e6ac                BLINK_25HZ_WritePeriod
 .text.BLINK_25HZ_WriteCompare
                0x0000e6cc       0x20 .\CortexM3\ARM_GCC_541\Release\Toast.a(BLINK_25HZ.o)
                0x0000e6cc                BLINK_25HZ_WriteCompare
 .text.PWM_MOTORS_Start
                0x0000e6ec       0x24 .\CortexM3\ARM_GCC_541\Release\Toast.a(PWM_MOTORS.o)
                0x0000e6ec                PWM_MOTORS_Start
 .text.PWM_MOTORS_Init
                0x0000e710       0x34 .\CortexM3\ARM_GCC_541\Release\Toast.a(PWM_MOTORS.o)
                0x0000e710                PWM_MOTORS_Init
 .text.PWM_MOTORS_Enable
                0x0000e744        0xc .\CortexM3\ARM_GCC_541\Release\Toast.a(PWM_MOTORS.o)
                0x0000e744                PWM_MOTORS_Enable
 .text.PWM_MOTORS_WriteCounter
                0x0000e750       0x20 .\CortexM3\ARM_GCC_541\Release\Toast.a(PWM_MOTORS.o)
                0x0000e750                PWM_MOTORS_WriteCounter
 .text.PWM_MOTORS_WritePeriod
                0x0000e770       0x20 .\CortexM3\ARM_GCC_541\Release\Toast.a(PWM_MOTORS.o)
                0x0000e770                PWM_MOTORS_WritePeriod
 .text.PWM_MOTORS_WriteCompare1
                0x0000e790       0x20 .\CortexM3\ARM_GCC_541\Release\Toast.a(PWM_MOTORS.o)
                0x0000e790                PWM_MOTORS_WriteCompare1
 .text.PWM_MOTORS_WriteCompare2
                0x0000e7b0       0x20 .\CortexM3\ARM_GCC_541\Release\Toast.a(PWM_MOTORS.o)
                0x0000e7b0                PWM_MOTORS_WriteCompare2
 .text.EEPROM_Enable
                0x0000e7d0       0x10 .\CortexM3\ARM_GCC_541\Release\Toast.a(EEPROM.o)
                0x0000e7d0                EEPROM_Enable
 .text.EEPROM_Start
                0x0000e7e0        0xc .\CortexM3\ARM_GCC_541\Release\Toast.a(EEPROM.o)
                0x0000e7e0                EEPROM_Start
 .text.EEPROM_UpdateTemperature
                0x0000e7ec       0x10 .\CortexM3\ARM_GCC_541\Release\Toast.a(EEPROM.o)
                0x0000e7ec                EEPROM_UpdateTemperature
 .text.EEPROM_Write
                0x0000e7fc       0xf0 .\CortexM3\ARM_GCC_541\Release\Toast.a(EEPROM.o)
                0x0000e7fc                EEPROM_Write
 .text.FTDI_ENABLE_Write
                0x0000e8ec       0x3c .\CortexM3\ARM_GCC_541\Release\Toast.a(FTDI_ENABLE.o)
                0x0000e8ec                FTDI_ENABLE_Write
 .text.RS485_CTS_Write
                0x0000e928       0x3c .\CortexM3\ARM_GCC_541\Release\Toast.a(RS485_CTS.o)
                0x0000e928                RS485_CTS_Write
 .text.PACER_TIMER_Init
                0x0000e964       0xa0 .\CortexM3\ARM_GCC_541\Release\Toast.a(PACER_TIMER.o)
                0x0000e964                PACER_TIMER_Init
 .text.PACER_TIMER_Enable
                0x0000ea04       0x48 .\CortexM3\ARM_GCC_541\Release\Toast.a(PACER_TIMER.o)
                0x0000ea04                PACER_TIMER_Enable
 .text.PACER_TIMER_Start
                0x0000ea4c       0x24 .\CortexM3\ARM_GCC_541\Release\Toast.a(PACER_TIMER.o)
                0x0000ea4c                PACER_TIMER_Start
 .text.PACER_TIMER_SetInterruptMode
                0x0000ea70       0x20 .\CortexM3\ARM_GCC_541\Release\Toast.a(PACER_TIMER.o)
                0x0000ea70                PACER_TIMER_SetInterruptMode
 .text.PACER_TIMER_WritePeriod
                0x0000ea90       0x24 .\CortexM3\ARM_GCC_541\Release\Toast.a(PACER_TIMER.o)
                0x0000ea90                PACER_TIMER_WritePeriod
 .text.PACER_TIMER_WriteCounter
                0x0000eab4       0x20 .\CortexM3\ARM_GCC_541\Release\Toast.a(PACER_TIMER.o)
                0x0000eab4                PACER_TIMER_WriteCounter
 .text.RESET_FF_Write
                0x0000ead4       0x20 .\CortexM3\ARM_GCC_541\Release\Toast.a(RESET_FF.o)
                0x0000ead4                RESET_FF_Write
 .text.FF_STATUS_Read
                0x0000eaf4       0x18 .\CortexM3\ARM_GCC_541\Release\Toast.a(FF_STATUS.o)
                0x0000eaf4                FF_STATUS_Read
 .text.MY_TIMER_Init
                0x0000eb0c       0xa0 .\CortexM3\ARM_GCC_541\Release\Toast.a(MY_TIMER.o)
                0x0000eb0c                MY_TIMER_Init
 .text.MY_TIMER_Enable
                0x0000ebac       0x48 .\CortexM3\ARM_GCC_541\Release\Toast.a(MY_TIMER.o)
                0x0000ebac                MY_TIMER_Enable
 .text.MY_TIMER_Start
                0x0000ebf4       0x24 .\CortexM3\ARM_GCC_541\Release\Toast.a(MY_TIMER.o)
                0x0000ebf4                MY_TIMER_Start
 .text.MY_TIMER_SetInterruptMode
                0x0000ec18       0x20 .\CortexM3\ARM_GCC_541\Release\Toast.a(MY_TIMER.o)
                0x0000ec18                MY_TIMER_SetInterruptMode
 .text.MY_TIMER_WritePeriod
                0x0000ec38       0x24 .\CortexM3\ARM_GCC_541\Release\Toast.a(MY_TIMER.o)
                0x0000ec38                MY_TIMER_WritePeriod
 .text.MY_TIMER_WriteCounter
                0x0000ec5c       0x20 .\CortexM3\ARM_GCC_541\Release\Toast.a(MY_TIMER.o)
                0x0000ec5c                MY_TIMER_WriteCounter
 .text.MY_TIMER_ReadCounter
                0x0000ec7c       0x20 .\CortexM3\ARM_GCC_541\Release\Toast.a(MY_TIMER.o)
                0x0000ec7c                MY_TIMER_ReadCounter
 .text.UART_RS485_Start
                0x0000ec9c       0x24 .\CortexM3\ARM_GCC_541\Release\Toast.a(UART_RS485.o)
                0x0000ec9c                UART_RS485_Start
 .text.UART_RS485_Init
                0x0000ecc0       0x58 .\CortexM3\ARM_GCC_541\Release\Toast.a(UART_RS485.o)
                0x0000ecc0                UART_RS485_Init
 .text.UART_RS485_Enable
                0x0000ed18       0x64 .\CortexM3\ARM_GCC_541\Release\Toast.a(UART_RS485.o)
                0x0000ed18                UART_RS485_Enable
 .text.UART_RS485_Stop
                0x0000ed7c       0x64 .\CortexM3\ARM_GCC_541\Release\Toast.a(UART_RS485.o)
                0x0000ed7c                UART_RS485_Stop
 .text.UART_RS485_ReadRxStatus
                0x0000ede0       0x40 .\CortexM3\ARM_GCC_541\Release\Toast.a(UART_RS485.o)
                0x0000ede0                UART_RS485_ReadRxStatus
 .text.UART_RS485_GetChar
                0x0000ee20       0xb4 .\CortexM3\ARM_GCC_541\Release\Toast.a(UART_RS485.o)
                0x0000ee20                UART_RS485_GetChar
 .text.UART_RS485_GetRxBufferSize
                0x0000eed4       0x90 .\CortexM3\ARM_GCC_541\Release\Toast.a(UART_RS485.o)
                0x0000eed4                UART_RS485_GetRxBufferSize
 .text.UART_RS485_ClearRxBuffer
                0x0000ef64       0x80 .\CortexM3\ARM_GCC_541\Release\Toast.a(UART_RS485.o)
                0x0000ef64                UART_RS485_ClearRxBuffer
 .text.UART_RS485_ReadTxStatus
                0x0000efe4       0x18 .\CortexM3\ARM_GCC_541\Release\Toast.a(UART_RS485.o)
                0x0000efe4                UART_RS485_ReadTxStatus
 .text.UART_RS485_PutChar
                0x0000effc       0x34 .\CortexM3\ARM_GCC_541\Release\Toast.a(UART_RS485.o)
                0x0000effc                UART_RS485_PutChar
 .text.UART_RS485_PutString
                0x0000f030       0x44 .\CortexM3\ARM_GCC_541\Release\Toast.a(UART_RS485.o)
                0x0000f030                UART_RS485_PutString
 .text.UART_RS485_ClearTxBuffer
                0x0000f074       0x44 .\CortexM3\ARM_GCC_541\Release\Toast.a(UART_RS485.o)
                0x0000f074                UART_RS485_ClearTxBuffer
 .text.UART_RS485_RXISR
                0x0000f0b8       0xd8 .\CortexM3\ARM_GCC_541\Release\Toast.a(UART_RS485_INT.o)
                0x0000f0b8                UART_RS485_RXISR
 .text.ISR_RS485_RX_StartEx
                0x0000f190       0x24 .\CortexM3\ARM_GCC_541\Release\Toast.a(ISR_RS485_RX.o)
                0x0000f190                ISR_RS485_RX_StartEx
 .text.ISR_RS485_RX_SetVector
                0x0000f1b4       0x24 .\CortexM3\ARM_GCC_541\Release\Toast.a(ISR_RS485_RX.o)
                0x0000f1b4                ISR_RS485_RX_SetVector
 .text.ISR_RS485_RX_SetPriority
                0x0000f1d8       0x24 .\CortexM3\ARM_GCC_541\Release\Toast.a(ISR_RS485_RX.o)
                0x0000f1d8                ISR_RS485_RX_SetPriority
 .text.ISR_RS485_RX_Enable
                0x0000f1fc       0x18 .\CortexM3\ARM_GCC_541\Release\Toast.a(ISR_RS485_RX.o)
                0x0000f1fc                ISR_RS485_RX_Enable
 .text.ISR_RS485_RX_Disable
                0x0000f214       0x18 .\CortexM3\ARM_GCC_541\Release\Toast.a(ISR_RS485_RX.o)
                0x0000f214                ISR_RS485_RX_Disable
 .text.CLOCK_UART_SetDividerRegister
                0x0000f22c      0x164 .\CortexM3\ARM_GCC_541\Release\Toast.a(CLOCK_UART.o)
                0x0000f22c                CLOCK_UART_SetDividerRegister
 .text.CLOCK_UART_GetDividerRegister
                0x0000f390       0x18 .\CortexM3\ARM_GCC_541\Release\Toast.a(CLOCK_UART.o)
                0x0000f390                CLOCK_UART_GetDividerRegister
 .text.CLOCK_UART_GetSourceRegister
                0x0000f3a8       0x1c .\CortexM3\ARM_GCC_541\Release\Toast.a(CLOCK_UART.o)
                0x0000f3a8                CLOCK_UART_GetSourceRegister
 .text.CYCLES_TIMER_Init
                0x0000f3c4       0xa0 .\CortexM3\ARM_GCC_541\Release\Toast.a(CYCLES_TIMER.o)
                0x0000f3c4                CYCLES_TIMER_Init
 .text.CYCLES_TIMER_Enable
                0x0000f464       0x48 .\CortexM3\ARM_GCC_541\Release\Toast.a(CYCLES_TIMER.o)
                0x0000f464                CYCLES_TIMER_Enable
 .text.CYCLES_TIMER_Start
                0x0000f4ac       0x24 .\CortexM3\ARM_GCC_541\Release\Toast.a(CYCLES_TIMER.o)
                0x0000f4ac                CYCLES_TIMER_Start
 .text.CYCLES_TIMER_SetInterruptMode
                0x0000f4d0       0x20 .\CortexM3\ARM_GCC_541\Release\Toast.a(CYCLES_TIMER.o)
                0x0000f4d0                CYCLES_TIMER_SetInterruptMode
 .text.CYCLES_TIMER_WritePeriod
                0x0000f4f0       0x24 .\CortexM3\ARM_GCC_541\Release\Toast.a(CYCLES_TIMER.o)
                0x0000f4f0                CYCLES_TIMER_WritePeriod
 .text.CYCLES_TIMER_WriteCounter
                0x0000f514       0x20 .\CortexM3\ARM_GCC_541\Release\Toast.a(CYCLES_TIMER.o)
                0x0000f514                CYCLES_TIMER_WriteCounter
 .text.ISR_CYCLES_StartEx
                0x0000f534       0x24 .\CortexM3\ARM_GCC_541\Release\Toast.a(ISR_CYCLES.o)
                0x0000f534                ISR_CYCLES_StartEx
 .text.ISR_CYCLES_SetVector
                0x0000f558       0x24 .\CortexM3\ARM_GCC_541\Release\Toast.a(ISR_CYCLES.o)
                0x0000f558                ISR_CYCLES_SetVector
 .text.ISR_CYCLES_SetPriority
                0x0000f57c       0x24 .\CortexM3\ARM_GCC_541\Release\Toast.a(ISR_CYCLES.o)
                0x0000f57c                ISR_CYCLES_SetPriority
 .text.ISR_CYCLES_Enable
                0x0000f5a0       0x18 .\CortexM3\ARM_GCC_541\Release\Toast.a(ISR_CYCLES.o)
                0x0000f5a0                ISR_CYCLES_Enable
 .text.ISR_CYCLES_Disable
                0x0000f5b8       0x18 .\CortexM3\ARM_GCC_541\Release\Toast.a(ISR_CYCLES.o)
                0x0000f5b8                ISR_CYCLES_Disable
 .text.COUNTER_ENC_Init
                0x0000f5d0       0x7c .\CortexM3\ARM_GCC_541\Release\Toast.a(COUNTER_ENC.o)
                0x0000f5d0                COUNTER_ENC_Init
 .text.COUNTER_ENC_Enable
                0x0000f64c       0x20 .\CortexM3\ARM_GCC_541\Release\Toast.a(COUNTER_ENC.o)
                0x0000f64c                COUNTER_ENC_Enable
 .text.COUNTER_ENC_Start
                0x0000f66c       0x24 .\CortexM3\ARM_GCC_541\Release\Toast.a(COUNTER_ENC.o)
                0x0000f66c                COUNTER_ENC_Start
 .text.COUNTER_ENC_SetInterruptMode
                0x0000f690       0x20 .\CortexM3\ARM_GCC_541\Release\Toast.a(COUNTER_ENC.o)
                0x0000f690                COUNTER_ENC_SetInterruptMode
 .text.COUNTER_ENC_ReadStatusRegister
                0x0000f6b0       0x18 .\CortexM3\ARM_GCC_541\Release\Toast.a(COUNTER_ENC.o)
                0x0000f6b0                COUNTER_ENC_ReadStatusRegister
 .text.COUNTER_ENC_WriteCounter
                0x0000f6c8       0x20 .\CortexM3\ARM_GCC_541\Release\Toast.a(COUNTER_ENC.o)
                0x0000f6c8                COUNTER_ENC_WriteCounter
 .text.COUNTER_ENC_ReadCapture
                0x0000f6e8       0x18 .\CortexM3\ARM_GCC_541\Release\Toast.a(COUNTER_ENC.o)
                0x0000f6e8                COUNTER_ENC_ReadCapture
 .text.COUNTER_ENC_WritePeriod
                0x0000f700       0x20 .\CortexM3\ARM_GCC_541\Release\Toast.a(COUNTER_ENC.o)
                0x0000f700                COUNTER_ENC_WritePeriod
 .text.COUNTER_ENC_WriteCompare
                0x0000f720       0x20 .\CortexM3\ARM_GCC_541\Release\Toast.a(COUNTER_ENC.o)
                0x0000f720                COUNTER_ENC_WriteCompare
 .text.COUNTER_ENC_ClearFIFO
                0x0000f740       0x1c .\CortexM3\ARM_GCC_541\Release\Toast.a(COUNTER_ENC.o)
                0x0000f740                COUNTER_ENC_ClearFIFO
 .text.SHIFTREG_ENC_3_Start
                0x0000f75c       0x24 .\CortexM3\ARM_GCC_541\Release\Toast.a(SHIFTREG_ENC_3.o)
                0x0000f75c                SHIFTREG_ENC_3_Start
 .text.SHIFTREG_ENC_3_Enable
                0x0000f780       0x20 .\CortexM3\ARM_GCC_541\Release\Toast.a(SHIFTREG_ENC_3.o)
                0x0000f780                SHIFTREG_ENC_3_Enable
 .text.SHIFTREG_ENC_3_Init
                0x0000f7a0       0x10 .\CortexM3\ARM_GCC_541\Release\Toast.a(SHIFTREG_ENC_3.o)
                0x0000f7a0                SHIFTREG_ENC_3_Init
 .text.SHIFTREG_ENC_3_EnableInt
                0x0000f7b0       0x34 .\CortexM3\ARM_GCC_541\Release\Toast.a(SHIFTREG_ENC_3.o)
                0x0000f7b0                SHIFTREG_ENC_3_EnableInt
 .text.SHIFTREG_ENC_3_SetIntMode
                0x0000f7e4       0x40 .\CortexM3\ARM_GCC_541\Release\Toast.a(SHIFTREG_ENC_3.o)
                0x0000f7e4                SHIFTREG_ENC_3_SetIntMode
 .text.SHIFTREG_ENC_3_ReadData
                0x0000f824       0x14 .\CortexM3\ARM_GCC_541\Release\Toast.a(SHIFTREG_ENC_3.o)
                0x0000f824                SHIFTREG_ENC_3_ReadData
 .text.SHIFTREG_ENC_2_Start
                0x0000f838       0x24 .\CortexM3\ARM_GCC_541\Release\Toast.a(SHIFTREG_ENC_2.o)
                0x0000f838                SHIFTREG_ENC_2_Start
 .text.SHIFTREG_ENC_2_Enable
                0x0000f85c       0x20 .\CortexM3\ARM_GCC_541\Release\Toast.a(SHIFTREG_ENC_2.o)
                0x0000f85c                SHIFTREG_ENC_2_Enable
 .text.SHIFTREG_ENC_2_Init
                0x0000f87c       0x10 .\CortexM3\ARM_GCC_541\Release\Toast.a(SHIFTREG_ENC_2.o)
                0x0000f87c                SHIFTREG_ENC_2_Init
 .text.SHIFTREG_ENC_2_EnableInt
                0x0000f88c       0x34 .\CortexM3\ARM_GCC_541\Release\Toast.a(SHIFTREG_ENC_2.o)
                0x0000f88c                SHIFTREG_ENC_2_EnableInt
 .text.SHIFTREG_ENC_2_SetIntMode
                0x0000f8c0       0x40 .\CortexM3\ARM_GCC_541\Release\Toast.a(SHIFTREG_ENC_2.o)
                0x0000f8c0                SHIFTREG_ENC_2_SetIntMode
 .text.SHIFTREG_ENC_2_ReadData
                0x0000f900       0x14 .\CortexM3\ARM_GCC_541\Release\Toast.a(SHIFTREG_ENC_2.o)
                0x0000f900                SHIFTREG_ENC_2_ReadData
 .text.SHIFTREG_ENC_1_Start
                0x0000f914       0x24 .\CortexM3\ARM_GCC_541\Release\Toast.a(SHIFTREG_ENC_1.o)
                0x0000f914                SHIFTREG_ENC_1_Start
 .text.SHIFTREG_ENC_1_Enable
                0x0000f938       0x20 .\CortexM3\ARM_GCC_541\Release\Toast.a(SHIFTREG_ENC_1.o)
                0x0000f938                SHIFTREG_ENC_1_Enable
 .text.SHIFTREG_ENC_1_Init
                0x0000f958       0x10 .\CortexM3\ARM_GCC_541\Release\Toast.a(SHIFTREG_ENC_1.o)
                0x0000f958                SHIFTREG_ENC_1_Init
 .text.SHIFTREG_ENC_1_EnableInt
                0x0000f968       0x34 .\CortexM3\ARM_GCC_541\Release\Toast.a(SHIFTREG_ENC_1.o)
                0x0000f968                SHIFTREG_ENC_1_EnableInt
 .text.SHIFTREG_ENC_1_SetIntMode
                0x0000f99c       0x40 .\CortexM3\ARM_GCC_541\Release\Toast.a(SHIFTREG_ENC_1.o)
                0x0000f99c                SHIFTREG_ENC_1_SetIntMode
 .text.SHIFTREG_ENC_1_ReadData
                0x0000f9dc       0x14 .\CortexM3\ARM_GCC_541\Release\Toast.a(SHIFTREG_ENC_1.o)
                0x0000f9dc                SHIFTREG_ENC_1_ReadData
 .text.RESET_COUNTERS_Write
                0x0000f9f0       0x20 .\CortexM3\ARM_GCC_541\Release\Toast.a(RESET_COUNTERS.o)
                0x0000f9f0                RESET_COUNTERS_Write
 .text.CySetTempInt
                0x0000fa10       0x7c .\CortexM3\ARM_GCC_541\Release\Toast.a(CyFlash.o)
 .text.CyFlashGetSpcAlgorithm
                0x0000fa8c       0x70 .\CortexM3\ARM_GCC_541\Release\Toast.a(CyFlash.o)
                0x0000fa8c                CyFlashGetSpcAlgorithm
 .text.CySetTemp
                0x0000fafc       0x24 .\CortexM3\ARM_GCC_541\Release\Toast.a(CyFlash.o)
                0x0000fafc                CySetTemp
 .text.CyEEPROM_Start
                0x0000fb20       0x8c .\CortexM3\ARM_GCC_541\Release\Toast.a(CyFlash.o)
                0x0000fb20                CyEEPROM_Start
 .text.CySoftwareReset
                0x0000fbac       0x20 .\CortexM3\ARM_GCC_541\Release\Toast.a(CyLib.o)
                0x0000fbac                CySoftwareReset
 .text.CyDelay  0x0000fbcc       0x44 .\CortexM3\ARM_GCC_541\Release\Toast.a(CyLib.o)
                0x0000fbcc                CyDelay
 .text.CyDelayUs
                0x0000fc10       0x28 .\CortexM3\ARM_GCC_541\Release\Toast.a(CyLib.o)
                0x0000fc10                CyDelayUs
 .text.CyIntSetVector
                0x0000fc38       0x48 .\CortexM3\ARM_GCC_541\Release\Toast.a(CyLib.o)
                0x0000fc38                CyIntSetVector
 .text.CyIntSetPriority
                0x0000fc80       0x30 .\CortexM3\ARM_GCC_541\Release\Toast.a(CyLib.o)
                0x0000fc80                CyIntSetPriority
 .text.CySpcStart
                0x0000fcb0       0x48 .\CortexM3\ARM_GCC_541\Release\Toast.a(CySpc.o)
                0x0000fcb0                CySpcStart
 .text.CySpcReadData
                0x0000fcf8       0x54 .\CortexM3\ARM_GCC_541\Release\Toast.a(CySpc.o)
                0x0000fcf8                CySpcReadData
 .text.CySpcLoadRow
                0x0000fd4c       0x88 .\CortexM3\ARM_GCC_541\Release\Toast.a(CySpc.o)
                0x0000fd4c                CySpcLoadRow
 .text.CySpcWriteRow
                0x0000fdd4       0x98 .\CortexM3\ARM_GCC_541\Release\Toast.a(CySpc.o)
                0x0000fdd4                CySpcWriteRow
 .text.CySpcGetTemp
                0x0000fe6c       0x64 .\CortexM3\ARM_GCC_541\Release\Toast.a(CySpc.o)
                0x0000fe6c                CySpcGetTemp
 .text.CySpcLock
                0x0000fed0       0x68 .\CortexM3\ARM_GCC_541\Release\Toast.a(CySpc.o)
                0x0000fed0                CySpcLock
 .text.CySpcUnlock
                0x0000ff38       0x50 .\CortexM3\ARM_GCC_541\Release\Toast.a(CySpc.o)
                0x0000ff38                CySpcUnlock
 .text.CySpcGetAlgorithm
                0x0000ff88       0x44 .\CortexM3\ARM_GCC_541\Release\Toast.a(CySpc.o)
                0x0000ff88                CySpcGetAlgorithm
 .text.Bootloadable_Load
                0x0000ffcc       0x18 .\CortexM3\ARM_GCC_541\Release\Toast.a(Bootloadable.o)
                0x0000ffcc                Bootloadable_Load
 .text.MOTOR_ON_OFF_1_Write
                0x0000ffe4       0x20 .\CortexM3\ARM_GCC_541\Release\Toast.a(MOTOR_ON_OFF_1.o)
                0x0000ffe4                MOTOR_ON_OFF_1_Write
 .text.MISO_RTC_Read
                0x00010004       0x20 .\CortexM3\ARM_GCC_541\Release\Toast.a(MISO_RTC.o)
                0x00010004                MISO_RTC_Read
 .text.MOSI_RTC_Write
                0x00010024       0x3c .\CortexM3\ARM_GCC_541\Release\Toast.a(MOSI_RTC.o)
                0x00010024                MOSI_RTC_Write
 .text.CLK_RTC_Write
                0x00010060       0x3c .\CortexM3\ARM_GCC_541\Release\Toast.a(CLK_RTC.o)
                0x00010060                CLK_RTC_Write
 .text.CS_RTC_Write
                0x0001009c       0x3c .\CortexM3\ARM_GCC_541\Release\Toast.a(CS_RTC.o)
                0x0001009c                CS_RTC_Write
 .text.Chip_Select_ENCODER_LINE_Write
                0x000100d8       0x20 .\CortexM3\ARM_GCC_541\Release\Toast.a(Chip_Select_ENCODER_LINE.o)
                0x000100d8                Chip_Select_ENCODER_LINE_Write
 .text.MY_TIMER_REG_Write
                0x000100f8       0x20 .\CortexM3\ARM_GCC_541\Release\Toast.a(MY_TIMER_REG.o)
                0x000100f8                MY_TIMER_REG_Write
 .text          0x00010118       0x20 .\CortexM3\ARM_GCC_541\Release\Toast.a(CyBootAsmGnu.o)
                0x00010118                CyDelayCycles
                0x00010128                CyEnterCriticalSection
                0x00010130                CyExitCriticalSection
 .text._CopyString
                0x00010138       0x1c ..\src\emFile_V322c\LinkLibrary\PSoC5\GCC\libemf16noslfn.a(FAT_LFN.o)
 .text._CalcNumChar
                0x00010154       0x1e ..\src\emFile_V322c\LinkLibrary\PSoC5\GCC\libemf16noslfn.a(FAT_LFN.o)
 .text._WriteName
                0x00010172       0x32 ..\src\emFile_V322c\LinkLibrary\PSoC5\GCC\libemf16noslfn.a(FAT_LFN.o)
 .text._ToUpper
                0x000101a4       0x10 ..\src\emFile_V322c\LinkLibrary\PSoC5\GCC\libemf16noslfn.a(FAT_LFN.o)
 .text._CompareChar
                0x000101b4       0x44 ..\src\emFile_V322c\LinkLibrary\PSoC5\GCC\libemf16noslfn.a(FAT_LFN.o)
 .text._CalcCheckSum
                0x000101f8       0x24 ..\src\emFile_V322c\LinkLibrary\PSoC5\GCC\libemf16noslfn.a(FAT_LFN.o)
 .text._SetDirPosIndex
                0x0001021c        0x8 ..\src\emFile_V322c\LinkLibrary\PSoC5\GCC\libemf16noslfn.a(FAT_LFN.o)
 .text.FS_FAT_SupportLFN
                0x00010224       0x10 ..\src\emFile_V322c\LinkLibrary\PSoC5\GCC\libemf16noslfn.a(FAT_LFN.o)
                0x00010224                FS_FAT_SupportLFN
 .text._LFN_DelLongEntry
                0x00010234       0x5e ..\src\emFile_V322c\LinkLibrary\PSoC5\GCC\libemf16noslfn.a(FAT_LFN.o)
 .text._CorrectTrail
                0x00010292       0x28 ..\src\emFile_V322c\LinkLibrary\PSoC5\GCC\libemf16noslfn.a(FAT_LFN.o)
 .text._CalcNumLongEntries
                0x000102ba       0x16 ..\src\emFile_V322c\LinkLibrary\PSoC5\GCC\libemf16noslfn.a(FAT_LFN.o)
 .text._ComputeLongDirEntry
                0x000102d0       0x88 ..\src\emFile_V322c\LinkLibrary\PSoC5\GCC\libemf16noslfn.a(FAT_LFN.o)
 .text._LFN_FindDirEntry
                0x00010358      0x146 ..\src\emFile_V322c\LinkLibrary\PSoC5\GCC\libemf16noslfn.a(FAT_LFN.o)
 .text._GenerateShortEntry
                0x0001049e       0xce ..\src\emFile_V322c\LinkLibrary\PSoC5\GCC\libemf16noslfn.a(FAT_LFN.o)
 .text._LFN_ReadDirEntryInfo
                0x0001056c      0x1c6 ..\src\emFile_V322c\LinkLibrary\PSoC5\GCC\libemf16noslfn.a(FAT_LFN.o)
 .text._LFN_CreateDirEntry
                0x00010732      0x2a4 ..\src\emFile_V322c\LinkLibrary\PSoC5\GCC\libemf16noslfn.a(FAT_LFN.o)
 .text._ClusterId2FATOff
                0x000109d6       0x18 ..\src\emFile_V322c\LinkLibrary\PSoC5\GCC\libemf16noslfn.a(FAT_Misc.o)
 .text._CalcLogClusterPos
                0x000109ee        0xe ..\src\emFile_V322c\LinkLibrary\PSoC5\GCC\libemf16noslfn.a(FAT_Misc.o)
 .text._ReadFromFreeClusterCache
                0x000109fc       0x46 ..\src\emFile_V322c\LinkLibrary\PSoC5\GCC\libemf16noslfn.a(FAT_Misc.o)
 .text.FS_FAT_GetFATType
                0x00010a42       0x1a ..\src\emFile_V322c\LinkLibrary\PSoC5\GCC\libemf16noslfn.a(FAT_Misc.o)
                0x00010a42                FS_FAT_GetFATType
 .text.FS_FAT_ClusterId2SectorNo
                0x00010a5c        0xc ..\src\emFile_V322c\LinkLibrary\PSoC5\GCC\libemf16noslfn.a(FAT_Misc.o)
                0x00010a5c                FS_FAT_ClusterId2SectorNo
 .text.FS_FAT_IsValidShortNameChar
                0x00010a68       0x34 ..\src\emFile_V322c\LinkLibrary\PSoC5\GCC\libemf16noslfn.a(FAT_Misc.o)
                0x00010a68                FS_FAT_IsValidShortNameChar
 .text.FS_FAT_CopyShortName
                0x00010a9c       0x56 ..\src\emFile_V322c\LinkLibrary\PSoC5\GCC\libemf16noslfn.a(FAT_Misc.o)
                0x00010a9c                FS_FAT_CopyShortName
 .text._SFN_CreateDirEntry
                0x00010af2       0x5a ..\src\emFile_V322c\LinkLibrary\PSoC5\GCC\libemf16noslfn.a(FAT_Misc.o)
 .text._SFN_FindDirEntry
                0x00010b4c       0x10 ..\src\emFile_V322c\LinkLibrary\PSoC5\GCC\libemf16noslfn.a(FAT_Misc.o)
 .text.FS_FAT_FindDirEntry
                0x00010b5c       0x60 ..\src\emFile_V322c\LinkLibrary\PSoC5\GCC\libemf16noslfn.a(FAT_Misc.o)
                0x00010b5c                FS_FAT_FindDirEntry
 .text.FS_FAT_CopyDirEntryInfo
                0x00010bbc       0x50 ..\src\emFile_V322c\LinkLibrary\PSoC5\GCC\libemf16noslfn.a(FAT_Misc.o)
                0x00010bbc                FS_FAT_CopyDirEntryInfo
 .text._SFN_ReadDirEntryInfo
                0x00010c0c       0x6e ..\src\emFile_V322c\LinkLibrary\PSoC5\GCC\libemf16noslfn.a(FAT_Misc.o)
 .text._SetFATSector
                0x00010c7a        0x6 ..\src\emFile_V322c\LinkLibrary\PSoC5\GCC\libemf16noslfn.a(FAT_Misc.o)
 .text._WriteFATEntry
                0x00010c80      0x152 ..\src\emFile_V322c\LinkLibrary\PSoC5\GCC\libemf16noslfn.a(FAT_Misc.o)
 .text.FS_FAT_MarkClusterEOC
                0x00010dd2        0x8 ..\src\emFile_V322c\LinkLibrary\PSoC5\GCC\libemf16noslfn.a(FAT_Misc.o)
                0x00010dd2                FS_FAT_MarkClusterEOC
 .text.FS_FAT_SyncFAT
                0x00010dda       0x3c ..\src\emFile_V322c\LinkLibrary\PSoC5\GCC\libemf16noslfn.a(FAT_Misc.o)
                0x00010dda                FS_FAT_SyncFAT
 .text.FS_FAT_LinkCluster
                0x00010e16       0x1c ..\src\emFile_V322c\LinkLibrary\PSoC5\GCC\libemf16noslfn.a(FAT_Misc.o)
                0x00010e16                FS_FAT_LinkCluster
 .text.FS_FAT_ReadFATEntry
                0x00010e32       0xb2 ..\src\emFile_V322c\LinkLibrary\PSoC5\GCC\libemf16noslfn.a(FAT_Misc.o)
                0x00010e32                FS_FAT_ReadFATEntry
 .text.FS_FAT_GetNumAdjClustersInChain
                0x00010ee4       0x64 ..\src\emFile_V322c\LinkLibrary\PSoC5\GCC\libemf16noslfn.a(FAT_Misc.o)
                0x00010ee4                FS_FAT_GetNumAdjClustersInChain
 .text.FS_FAT_WalkClusterEx
                0x00010f48       0x5c ..\src\emFile_V322c\LinkLibrary\PSoC5\GCC\libemf16noslfn.a(FAT_Misc.o)
                0x00010f48                FS_FAT_WalkClusterEx
 .text.FS_FAT_GotoCluster
                0x00010fa4       0x88 ..\src\emFile_V322c\LinkLibrary\PSoC5\GCC\libemf16noslfn.a(FAT_Misc.o)
                0x00010fa4                FS_FAT_GotoCluster
 .text.FS_FAT_WalkCluster
                0x0001102c       0x18 ..\src\emFile_V322c\LinkLibrary\PSoC5\GCC\libemf16noslfn.a(FAT_Misc.o)
                0x0001102c                FS_FAT_WalkCluster
 .text.FS_FAT_FindLastCluster
                0x00011044       0x34 ..\src\emFile_V322c\LinkLibrary\PSoC5\GCC\libemf16noslfn.a(FAT_Misc.o)
                0x00011044                FS_FAT_FindLastCluster
 .text._CalcFreeClusterCnt
                0x00011078       0x88 ..\src\emFile_V322c\LinkLibrary\PSoC5\GCC\libemf16noslfn.a(FAT_Misc.o)
 .text.FS_FAT_FindFreeCluster
                0x00011100       0xa8 ..\src\emFile_V322c\LinkLibrary\PSoC5\GCC\libemf16noslfn.a(FAT_Misc.o)
                0x00011100                FS_FAT_FindFreeCluster
 .text.FS_FAT_AllocCluster
                0x000111a8       0x20 ..\src\emFile_V322c\LinkLibrary\PSoC5\GCC\libemf16noslfn.a(FAT_Misc.o)
                0x000111a8                FS_FAT_AllocCluster
 .text._WriteEmptyFATSectors
                0x000111c8       0x3c ..\src\emFile_V322c\LinkLibrary\PSoC5\GCC\libemf16noslfn.a(FAT_Misc.o)
 .text.FS_FAT_FreeClusterChain
                0x00011204       0xe0 ..\src\emFile_V322c\LinkLibrary\PSoC5\GCC\libemf16noslfn.a(FAT_Misc.o)
                0x00011204                FS_FAT_FreeClusterChain
 .text.FS_FAT_CheckBPB
                0x000112e4      0x14c ..\src\emFile_V322c\LinkLibrary\PSoC5\GCC\libemf16noslfn.a(FAT_Misc.o)
                0x000112e4                FS_FAT_CheckBPB
 .text.FS_FAT_InitDirEntryScan
                0x00011430       0x14 ..\src\emFile_V322c\LinkLibrary\PSoC5\GCC\libemf16noslfn.a(FAT_Open.o)
                0x00011430                FS_FAT_InitDirEntryScan
 .text.FS_FAT_IncDirPos
                0x00011444        0x8 ..\src\emFile_V322c\LinkLibrary\PSoC5\GCC\libemf16noslfn.a(FAT_Open.o)
                0x00011444                FS_FAT_IncDirPos
 .text._CopyDirText
                0x0001144c       0x44 ..\src\emFile_V322c\LinkLibrary\PSoC5\GCC\libemf16noslfn.a(FAT_Open.o)
 .text.FS_FAT_Make83Name
                0x00011490       0xb0 ..\src\emFile_V322c\LinkLibrary\PSoC5\GCC\libemf16noslfn.a(FAT_Open.o)
                0x00011490                FS_FAT_Make83Name
 .text.FS_FAT_GetDirEntry
                0x00011540       0xb2 ..\src\emFile_V322c\LinkLibrary\PSoC5\GCC\libemf16noslfn.a(FAT_Open.o)
                0x00011540                FS_FAT_GetDirEntry
 .text.FS_FAT_FindDirEntryShortEx
                0x000115f2       0x5a ..\src\emFile_V322c\LinkLibrary\PSoC5\GCC\libemf16noslfn.a(FAT_Open.o)
                0x000115f2                FS_FAT_FindDirEntryShortEx
 .text.FS_FAT_FindDirEntryShort
                0x0001164c       0x36 ..\src\emFile_V322c\LinkLibrary\PSoC5\GCC\libemf16noslfn.a(FAT_Open.o)
                0x0001164c                FS_FAT_FindDirEntryShort
 .text.FS_FAT_FindEmptyDirEntry
                0x00011682       0xb0 ..\src\emFile_V322c\LinkLibrary\PSoC5\GCC\libemf16noslfn.a(FAT_Open.o)
                0x00011682                FS_FAT_FindEmptyDirEntry
 .text.FS_FAT_GetFirstCluster
                0x00011732       0x1a ..\src\emFile_V322c\LinkLibrary\PSoC5\GCC\libemf16noslfn.a(FAT_Open.o)
                0x00011732                FS_FAT_GetFirstCluster
 .text.FS_FAT_FindPath
                0x0001174c       0x7a ..\src\emFile_V322c\LinkLibrary\PSoC5\GCC\libemf16noslfn.a(FAT_Open.o)
                0x0001174c                FS_FAT_FindPath
 .text.FS_FAT_DeleteFileOrDir
                0x000117c6       0x48 ..\src\emFile_V322c\LinkLibrary\PSoC5\GCC\libemf16noslfn.a(FAT_Open.o)
                0x000117c6                FS_FAT_DeleteFileOrDir
 *fill*         0x0001180e        0x2 
 .text.FS_FAT_Open
                0x00011810      0x1dc ..\src\emFile_V322c\LinkLibrary\PSoC5\GCC\libemf16noslfn.a(FAT_Open.o)
                0x00011810                FS_FAT_Open
 .text.FS_FAT_WriteDirEntryCluster
                0x000119ec       0x1c ..\src\emFile_V322c\LinkLibrary\PSoC5\GCC\libemf16noslfn.a(FAT_Open.o)
                0x000119ec                FS_FAT_WriteDirEntryCluster
 .text.FS_FAT_WriteDirEntry83
                0x00011a08       0x6c ..\src\emFile_V322c\LinkLibrary\PSoC5\GCC\libemf16noslfn.a(FAT_Open.o)
                0x00011a08                FS_FAT_WriteDirEntry83
 .text._WriteBurst
                0x00011a74       0x24 ..\src\emFile_V322c\LinkLibrary\PSoC5\GCC\libemf16noslfn.a(FAT_Write.o)
 .text.FS_FAT_GotoClusterAllocIfReq
                0x00011a98       0xa8 ..\src\emFile_V322c\LinkLibrary\PSoC5\GCC\libemf16noslfn.a(FAT_Write.o)
                0x00011a98                FS_FAT_GotoClusterAllocIfReq
 .text.FS_FAT_UpdateDirEntry
                0x00011b40       0x68 ..\src\emFile_V322c\LinkLibrary\PSoC5\GCC\libemf16noslfn.a(FAT_Write.o)
                0x00011b40                FS_FAT_UpdateDirEntry
 .text.FS_FAT_Close
                0x00011ba8       0x44 ..\src\emFile_V322c\LinkLibrary\PSoC5\GCC\libemf16noslfn.a(FAT_Write.o)
                0x00011ba8                FS_FAT_Close
 .text.FS_FAT_Write
                0x00011bec      0x1c8 ..\src\emFile_V322c\LinkLibrary\PSoC5\GCC\libemf16noslfn.a(FAT_Write.o)
                0x00011bec                FS_FAT_Write
 .text.FS__CLIB_memcmp
                0x00011db4       0x20 ..\src\emFile_V322c\LinkLibrary\PSoC5\GCC\libemf16noslfn.a(FS_CLib.o)
                0x00011db4                FS__CLIB_memcmp
 .text.FS__CLIB_memset
                0x00011dd4       0x6c ..\src\emFile_V322c\LinkLibrary\PSoC5\GCC\libemf16noslfn.a(FS_CLib.o)
                0x00011dd4                FS__CLIB_memset
 .text.FS__CLIB_strcmp
                0x00011e40       0x1a ..\src\emFile_V322c\LinkLibrary\PSoC5\GCC\libemf16noslfn.a(FS_CLib.o)
                0x00011e40                FS__CLIB_strcmp
 .text.FS__CLIB_strlen
                0x00011e5a       0x10 ..\src\emFile_V322c\LinkLibrary\PSoC5\GCC\libemf16noslfn.a(FS_CLib.o)
                0x00011e5a                FS__CLIB_strlen
 .text.FS__CLIB_strncmp
                0x00011e6a       0x26 ..\src\emFile_V322c\LinkLibrary\PSoC5\GCC\libemf16noslfn.a(FS_CLib.o)
                0x00011e6a                FS__CLIB_strncmp
 .text.FS__CLIB_toupper
                0x00011e90        0xe ..\src\emFile_V322c\LinkLibrary\PSoC5\GCC\libemf16noslfn.a(FS_CLib.o)
                0x00011e90                FS__CLIB_toupper
 .text.FS__strchr
                0x00011e9e       0x14 ..\src\emFile_V322c\LinkLibrary\PSoC5\GCC\libemf16noslfn.a(FS_Core.o)
                0x00011e9e                FS__strchr
 .text.FS_LoadU32BE
                0x00011eb2       0x18 ..\src\emFile_V322c\LinkLibrary\PSoC5\GCC\libemf16noslfn.a(FS_Core.o)
                0x00011eb2                FS_LoadU32BE
 .text.FS_LoadU32LE
                0x00011eca       0x16 ..\src\emFile_V322c\LinkLibrary\PSoC5\GCC\libemf16noslfn.a(FS_Core.o)
                0x00011eca                FS_LoadU32LE
 .text.FS_StoreU32LE
                0x00011ee0       0x14 ..\src\emFile_V322c\LinkLibrary\PSoC5\GCC\libemf16noslfn.a(FS_Core.o)
                0x00011ee0                FS_StoreU32LE
 .text.FS_StoreU16LE
                0x00011ef4        0x8 ..\src\emFile_V322c\LinkLibrary\PSoC5\GCC\libemf16noslfn.a(FS_Core.o)
                0x00011ef4                FS_StoreU16LE
 .text.FS_LoadU16LE
                0x00011efc        0xa ..\src\emFile_V322c\LinkLibrary\PSoC5\GCC\libemf16noslfn.a(FS_Core.o)
                0x00011efc                FS_LoadU16LE
 *fill*         0x00011f06        0x2 
 .text._Alloc   0x00011f08       0x30 ..\src\emFile_V322c\LinkLibrary\PSoC5\GCC\libemf16noslfn.a(FS_Core.o)
 .text.FS_Alloc
                0x00011f38        0xc ..\src\emFile_V322c\LinkLibrary\PSoC5\GCC\libemf16noslfn.a(FS_Core.o)
                0x00011f38                FS_Alloc
 .text.FS_TryAlloc
                0x00011f44        0x4 ..\src\emFile_V322c\LinkLibrary\PSoC5\GCC\libemf16noslfn.a(FS_Core.o)
                0x00011f44                FS_TryAlloc
 .text.FS_Free  0x00011f48       0x1c ..\src\emFile_V322c\LinkLibrary\PSoC5\GCC\libemf16noslfn.a(FS_Core.o)
                0x00011f48                FS_Free
 .text.FS_AssignMemory
                0x00011f64        0xc ..\src\emFile_V322c\LinkLibrary\PSoC5\GCC\libemf16noslfn.a(FS_Core.o)
                0x00011f64                FS_AssignMemory
 .text.FS_AllocZeroed
                0x00011f70       0x16 ..\src\emFile_V322c\LinkLibrary\PSoC5\GCC\libemf16noslfn.a(FS_Core.o)
                0x00011f70                FS_AllocZeroed
 *fill*         0x00011f86        0x2 
 .text.FS_STORAGE_Init
                0x00011f88       0x28 ..\src\emFile_V322c\LinkLibrary\PSoC5\GCC\libemf16noslfn.a(FS_Core.o)
                0x00011f88                FS_STORAGE_Init
 .text.FS__FindClose
                0x00011fb0        0x6 ..\src\emFile_V322c\LinkLibrary\PSoC5\GCC\libemf16noslfn.a(FS_Dir.o)
                0x00011fb0                FS__FindClose
 .text.FS_FindClose
                0x00011fb6        0x4 ..\src\emFile_V322c\LinkLibrary\PSoC5\GCC\libemf16noslfn.a(FS_Dir.o)
                0x00011fb6                FS_FindClose
 .text.FS__FindNextFile
                0x00011fba       0x52 ..\src\emFile_V322c\LinkLibrary\PSoC5\GCC\libemf16noslfn.a(FS_Dir.o)
                0x00011fba                FS__FindNextFile
 .text.FS_FindNextFile
                0x0001200c        0xa ..\src\emFile_V322c\LinkLibrary\PSoC5\GCC\libemf16noslfn.a(FS_Dir.o)
                0x0001200c                FS_FindNextFile
 .text.FS__FindFirstFileEx
                0x00012016       0x86 ..\src\emFile_V322c\LinkLibrary\PSoC5\GCC\libemf16noslfn.a(FS_Dir.o)
                0x00012016                FS__FindFirstFileEx
 .text.FS__FindFirstFile
                0x0001209c       0x2e ..\src\emFile_V322c\LinkLibrary\PSoC5\GCC\libemf16noslfn.a(FS_Dir.o)
                0x0001209c                FS__FindFirstFile
 .text.FS_FindFirstFile
                0x000120ca        0xa ..\src\emFile_V322c\LinkLibrary\PSoC5\GCC\libemf16noslfn.a(FS_Dir.o)
                0x000120ca                FS_FindFirstFile
 .text.FS__MkDir
                0x000120d4       0x24 ..\src\emFile_V322c\LinkLibrary\PSoC5\GCC\libemf16noslfn.a(FS_Dir.o)
                0x000120d4                FS__MkDir
 .text.FS_MkDir
                0x000120f8        0x4 ..\src\emFile_V322c\LinkLibrary\PSoC5\GCC\libemf16noslfn.a(FS_Dir.o)
                0x000120f8                FS_MkDir
 .text._FreeDirHandle
                0x000120fc        0xa ..\src\emFile_V322c\LinkLibrary\PSoC5\GCC\libemf16noslfn.a(FS_DirOld.o)
 .text.FS__RewindDir
                0x00012106        0xa ..\src\emFile_V322c\LinkLibrary\PSoC5\GCC\libemf16noslfn.a(FS_DirOld.o)
                0x00012106                FS__RewindDir
 .text.FS__DirEnt2Attr
                0x00012110        0xc ..\src\emFile_V322c\LinkLibrary\PSoC5\GCC\libemf16noslfn.a(FS_DirOld.o)
                0x00012110                FS__DirEnt2Attr
 .text.FS__CloseDir
                0x0001211c       0x20 ..\src\emFile_V322c\LinkLibrary\PSoC5\GCC\libemf16noslfn.a(FS_DirOld.o)
                0x0001211c                FS__CloseDir
 .text.FS_CloseDir
                0x0001213c        0x4 ..\src\emFile_V322c\LinkLibrary\PSoC5\GCC\libemf16noslfn.a(FS_DirOld.o)
                0x0001213c                FS_CloseDir
 .text.FS__ReadDir
                0x00012140       0x4c ..\src\emFile_V322c\LinkLibrary\PSoC5\GCC\libemf16noslfn.a(FS_DirOld.o)
                0x00012140                FS__ReadDir
 .text.FS__OpenDir
                0x0001218c       0x48 ..\src\emFile_V322c\LinkLibrary\PSoC5\GCC\libemf16noslfn.a(FS_DirOld.o)
                0x0001218c                FS__OpenDir
 .text.FS_OpenDir
                0x000121d4        0x4 ..\src\emFile_V322c\LinkLibrary\PSoC5\GCC\libemf16noslfn.a(FS_DirOld.o)
                0x000121d4                FS_OpenDir
 .text.FS_FRead
                0x000121d8       0x1c ..\src\emFile_V322c\LinkLibrary\PSoC5\GCC\libemf16noslfn.a(FS_FRead.o)
                0x000121d8                FS_FRead
 .text.FS__GetNumFiles
                0x000121f4       0x56 ..\src\emFile_V322c\LinkLibrary\PSoC5\GCC\libemf16noslfn.a(FS_GetNumFiles.o)
                0x000121f4                FS__GetNumFiles
 .text.FS_GetNumFiles
                0x0001224a        0x4 ..\src\emFile_V322c\LinkLibrary\PSoC5\GCC\libemf16noslfn.a(FS_GetNumFiles.o)
                0x0001224a                FS_GetNumFiles
 .text._ClrBusyLED
                0x0001224e        0xc ..\src\emFile_V322c\LinkLibrary\PSoC5\GCC\libemf16noslfn.a(FS_LogBlock.o)
 .text._SetBusyLED
                0x0001225a        0xc ..\src\emFile_V322c\LinkLibrary\PSoC5\GCC\libemf16noslfn.a(FS_LogBlock.o)
 .text._Read    0x00012266        0xc ..\src\emFile_V322c\LinkLibrary\PSoC5\GCC\libemf16noslfn.a(FS_LogBlock.o)
 .text._Write   0x00012272       0x12 ..\src\emFile_V322c\LinkLibrary\PSoC5\GCC\libemf16noslfn.a(FS_LogBlock.o)
 .text.FS_LB_GetStatus
                0x00012284        0xc ..\src\emFile_V322c\LinkLibrary\PSoC5\GCC\libemf16noslfn.a(FS_LogBlock.o)
                0x00012284                FS_LB_GetStatus
 .text.FS_LB_InitMedium
                0x00012290       0x1a ..\src\emFile_V322c\LinkLibrary\PSoC5\GCC\libemf16noslfn.a(FS_LogBlock.o)
                0x00012290                FS_LB_InitMedium
 .text.FS_LB_InitMediumIfRequired
                0x000122aa       0x10 ..\src\emFile_V322c\LinkLibrary\PSoC5\GCC\libemf16noslfn.a(FS_LogBlock.o)
                0x000122aa                FS_LB_InitMediumIfRequired
 .text.FS_LB_ReadDevice
                0x000122ba       0x2e ..\src\emFile_V322c\LinkLibrary\PSoC5\GCC\libemf16noslfn.a(FS_LogBlock.o)
                0x000122ba                FS_LB_ReadDevice
 .text.FS_LB_ReadPart
                0x000122e8        0xe ..\src\emFile_V322c\LinkLibrary\PSoC5\GCC\libemf16noslfn.a(FS_LogBlock.o)
                0x000122e8                FS_LB_ReadPart
 .text.FS_LB_ReadBurst
                0x000122f6       0x38 ..\src\emFile_V322c\LinkLibrary\PSoC5\GCC\libemf16noslfn.a(FS_LogBlock.o)
                0x000122f6                FS_LB_ReadBurst
 .text.FS_LB_ReadBurstPart
                0x0001232e       0x14 ..\src\emFile_V322c\LinkLibrary\PSoC5\GCC\libemf16noslfn.a(FS_LogBlock.o)
                0x0001232e                FS_LB_ReadBurstPart
 .text.FS_LB_WriteBurst
                0x00012342       0x30 ..\src\emFile_V322c\LinkLibrary\PSoC5\GCC\libemf16noslfn.a(FS_LogBlock.o)
                0x00012342                FS_LB_WriteBurst
 .text.FS_LB_WriteBurstPart
                0x00012372       0x14 ..\src\emFile_V322c\LinkLibrary\PSoC5\GCC\libemf16noslfn.a(FS_LogBlock.o)
                0x00012372                FS_LB_WriteBurstPart
 .text.FS_LB_WriteMultiple
                0x00012386       0x30 ..\src\emFile_V322c\LinkLibrary\PSoC5\GCC\libemf16noslfn.a(FS_LogBlock.o)
                0x00012386                FS_LB_WriteMultiple
 .text.FS_LB_WriteMultiplePart
                0x000123b6       0x14 ..\src\emFile_V322c\LinkLibrary\PSoC5\GCC\libemf16noslfn.a(FS_LogBlock.o)
                0x000123b6                FS_LB_WriteMultiplePart
 .text.FS_LB_WriteDevice
                0x000123ca       0x36 ..\src\emFile_V322c\LinkLibrary\PSoC5\GCC\libemf16noslfn.a(FS_LogBlock.o)
                0x000123ca                FS_LB_WriteDevice
 .text.FS_LB_WritePart
                0x00012400        0xe ..\src\emFile_V322c\LinkLibrary\PSoC5\GCC\libemf16noslfn.a(FS_LogBlock.o)
                0x00012400                FS_LB_WritePart
 .text.FS_GetSectorSize
                0x0001240e       0x28 ..\src\emFile_V322c\LinkLibrary\PSoC5\GCC\libemf16noslfn.a(FS_LogBlock.o)
                0x0001240e                FS_GetSectorSize
 .text.FS_LB_GetDeviceInfo
                0x00012436       0x26 ..\src\emFile_V322c\LinkLibrary\PSoC5\GCC\libemf16noslfn.a(FS_LogBlock.o)
                0x00012436                FS_LB_GetDeviceInfo
 .text.FS_memcpy
                0x0001245c      0x120 ..\src\emFile_V322c\LinkLibrary\PSoC5\GCC\libemf16noslfn.a(FS_memcpy.o)
                0x0001245c                FS_memcpy
 .text.FS__AllocSectorBuffer
                0x0001257c       0x2c ..\src\emFile_V322c\LinkLibrary\PSoC5\GCC\libemf16noslfn.a(FS_Misc.o)
                0x0001257c                FS__AllocSectorBuffer
 .text.FS__FreeSectorBuffer
                0x000125a8       0x28 ..\src\emFile_V322c\LinkLibrary\PSoC5\GCC\libemf16noslfn.a(FS_Misc.o)
                0x000125a8                FS__FreeSectorBuffer
 .text.FS__SB_MarkDirty
                0x000125d0        0x6 ..\src\emFile_V322c\LinkLibrary\PSoC5\GCC\libemf16noslfn.a(FS_Misc.o)
                0x000125d0                FS__SB_MarkDirty
 .text.FS__SB_MarkNotDirty
                0x000125d6        0x6 ..\src\emFile_V322c\LinkLibrary\PSoC5\GCC\libemf16noslfn.a(FS_Misc.o)
                0x000125d6                FS__SB_MarkNotDirty
 .text.FS__FreeFileHandle
                0x000125dc        0xa ..\src\emFile_V322c\LinkLibrary\PSoC5\GCC\libemf16noslfn.a(FS_Misc.o)
                0x000125dc                FS__FreeFileHandle
 .text.FS__FreeFileObj
                0x000125e6        0xc ..\src\emFile_V322c\LinkLibrary\PSoC5\GCC\libemf16noslfn.a(FS_Misc.o)
                0x000125e6                FS__FreeFileObj
 *fill*         0x000125f2        0x2 
 .text.FS_Init  0x000125f4       0x58 ..\src\emFile_V322c\LinkLibrary\PSoC5\GCC\libemf16noslfn.a(FS_Misc.o)
                0x000125f4                FS_Init
 .text.FS__SB_Create
                0x0001264c       0x28 ..\src\emFile_V322c\LinkLibrary\PSoC5\GCC\libemf16noslfn.a(FS_Misc.o)
                0x0001264c                FS__SB_Create
 .text.FS__FCloseNL
                0x00012674       0x1e ..\src\emFile_V322c\LinkLibrary\PSoC5\GCC\libemf16noslfn.a(FS_Misc.o)
                0x00012674                FS__FCloseNL
 .text.FS__FClose
                0x00012692       0x1a ..\src\emFile_V322c\LinkLibrary\PSoC5\GCC\libemf16noslfn.a(FS_Misc.o)
                0x00012692                FS__FClose
 .text.FS_FClose
                0x000126ac        0xa ..\src\emFile_V322c\LinkLibrary\PSoC5\GCC\libemf16noslfn.a(FS_Misc.o)
                0x000126ac                FS_FClose
 *fill*         0x000126b6        0x2 
 .text.FS__AllocFileObj
                0x000126b8       0x48 ..\src\emFile_V322c\LinkLibrary\PSoC5\GCC\libemf16noslfn.a(FS_Misc.o)
                0x000126b8                FS__AllocFileObj
 .text.FS__AllocFileHandle
                0x00012700       0x40 ..\src\emFile_V322c\LinkLibrary\PSoC5\GCC\libemf16noslfn.a(FS_Misc.o)
                0x00012700                FS__AllocFileHandle
 .text.FS__OpenEx
                0x00012740       0x58 ..\src\emFile_V322c\LinkLibrary\PSoC5\GCC\libemf16noslfn.a(FS_Misc.o)
                0x00012740                FS__OpenEx
 .text.FS__FOpenEx
                0x00012798       0x56 ..\src\emFile_V322c\LinkLibrary\PSoC5\GCC\libemf16noslfn.a(FS_Misc.o)
                0x00012798                FS__FOpenEx
 *fill*         0x000127ee        0x2 
 .text.FS__FOpen
                0x000127f0       0x48 ..\src\emFile_V322c\LinkLibrary\PSoC5\GCC\libemf16noslfn.a(FS_Misc.o)
                0x000127f0                FS__FOpen
 .text.FS_FOpen
                0x00012838        0x4 ..\src\emFile_V322c\LinkLibrary\PSoC5\GCC\libemf16noslfn.a(FS_Misc.o)
                0x00012838                FS_FOpen
 .text.FS__Remove
                0x0001283c       0x28 ..\src\emFile_V322c\LinkLibrary\PSoC5\GCC\libemf16noslfn.a(FS_Misc.o)
                0x0001283c                FS__Remove
 .text.FS_Remove
                0x00012864        0x4 ..\src\emFile_V322c\LinkLibrary\PSoC5\GCC\libemf16noslfn.a(FS_Misc.o)
                0x00012864                FS_Remove
 .text.FS__SB_Write
                0x00012868       0x24 ..\src\emFile_V322c\LinkLibrary\PSoC5\GCC\libemf16noslfn.a(FS_Misc.o)
                0x00012868                FS__SB_Write
 .text._SB_Clean
                0x0001288c       0x24 ..\src\emFile_V322c\LinkLibrary\PSoC5\GCC\libemf16noslfn.a(FS_Misc.o)
 .text.FS__SB_SetSector
                0x000128b0       0x20 ..\src\emFile_V322c\LinkLibrary\PSoC5\GCC\libemf16noslfn.a(FS_Misc.o)
                0x000128b0                FS__SB_SetSector
 .text.FS__SB_MarkValid
                0x000128d0       0x10 ..\src\emFile_V322c\LinkLibrary\PSoC5\GCC\libemf16noslfn.a(FS_Misc.o)
                0x000128d0                FS__SB_MarkValid
 .text.FS__SB_Clean
                0x000128e0        0x4 ..\src\emFile_V322c\LinkLibrary\PSoC5\GCC\libemf16noslfn.a(FS_Misc.o)
                0x000128e0                FS__SB_Clean
 .text.FS__SB_Delete
                0x000128e4       0x12 ..\src\emFile_V322c\LinkLibrary\PSoC5\GCC\libemf16noslfn.a(FS_Misc.o)
                0x000128e4                FS__SB_Delete
 .text.FS__SB_Flush
                0x000128f6        0x8 ..\src\emFile_V322c\LinkLibrary\PSoC5\GCC\libemf16noslfn.a(FS_Misc.o)
                0x000128f6                FS__SB_Flush
 .text.FS__SB_Read
                0x000128fe       0x2a ..\src\emFile_V322c\LinkLibrary\PSoC5\GCC\libemf16noslfn.a(FS_Misc.o)
                0x000128fe                FS__SB_Read
 .text.FS__Read
                0x00012928       0x2e ..\src\emFile_V322c\LinkLibrary\PSoC5\GCC\libemf16noslfn.a(FS_Read.o)
                0x00012928                FS__Read
 .text.FS__AddPhysDevice
                0x00012956       0x10 ..\src\emFile_V322c\LinkLibrary\PSoC5\GCC\libemf16noslfn.a(FS_Storage.o)
                0x00012956                FS__AddPhysDevice
 *fill*         0x00012966        0x2 
 .text.FS__FindVolume
                0x00012968       0x78 ..\src\emFile_V322c\LinkLibrary\PSoC5\GCC\libemf16noslfn.a(FS_Storage.o)
                0x00012968                FS__FindVolume
 .text.FS__AddDevice
                0x000129e0       0x68 ..\src\emFile_V322c\LinkLibrary\PSoC5\GCC\libemf16noslfn.a(FS_Storage.o)
                0x000129e0                FS__AddDevice
 .text.FS_AddDevice
                0x00012a48        0x4 ..\src\emFile_V322c\LinkLibrary\PSoC5\GCC\libemf16noslfn.a(FS_Storage.o)
                0x00012a48                FS_AddDevice
 .text._Mount   0x00012a4c       0x2e ..\src\emFile_V322c\LinkLibrary\PSoC5\GCC\libemf16noslfn.a(FS_Volume.o)
 .text.FS__AutoMount
                0x00012a7a       0x14 ..\src\emFile_V322c\LinkLibrary\PSoC5\GCC\libemf16noslfn.a(FS_Volume.o)
                0x00012a7a                FS__AutoMount
 .text.FS__Write
                0x00012a8e       0x3a ..\src\emFile_V322c\LinkLibrary\PSoC5\GCC\libemf16noslfn.a(FS_Write.o)
                0x00012a8e                FS__Write
 .text.FS_Write
                0x00012ac8        0x4 ..\src\emFile_V322c\LinkLibrary\PSoC5\GCC\libemf16noslfn.a(FS_Write.o)
                0x00012ac8                FS_Write
 .text.FS_FAT_CloseDir
                0x00012acc        0xc ..\src\emFile_V322c\LinkLibrary\PSoC5\GCC\libemf16noslfn.a(FAT_Dir.o)
                0x00012acc                FS_FAT_CloseDir
 .text.FS_FAT_ReadDir
                0x00012ad8       0x38 ..\src\emFile_V322c\LinkLibrary\PSoC5\GCC\libemf16noslfn.a(FAT_Dir.o)
                0x00012ad8                FS_FAT_ReadDir
 .text.FS_FAT_OpenDir
                0x00012b10       0x72 ..\src\emFile_V322c\LinkLibrary\PSoC5\GCC\libemf16noslfn.a(FAT_Dir.o)
                0x00012b10                FS_FAT_OpenDir
 *fill*         0x00012b82        0x2 
 .text.FS_FAT_CreateDirEx
                0x00012b84      0x110 ..\src\emFile_V322c\LinkLibrary\PSoC5\GCC\libemf16noslfn.a(FAT_Dir.o)
                0x00012b84                FS_FAT_CreateDirEx
 .text.FS_FAT_CreateDir
                0x00012c94       0x64 ..\src\emFile_V322c\LinkLibrary\PSoC5\GCC\libemf16noslfn.a(FAT_Dir.o)
                0x00012c94                FS_FAT_CreateDir
 .text._ReadBurst
                0x00012cf8       0x24 ..\src\emFile_V322c\LinkLibrary\PSoC5\GCC\libemf16noslfn.a(FAT_Read.o)
 .text.FS_FAT_Read
                0x00012d1c      0x194 ..\src\emFile_V322c\LinkLibrary\PSoC5\GCC\libemf16noslfn.a(FAT_Read.o)
                0x00012d1c                FS_FAT_Read
 .text._IsBPB   0x00012eb0       0x1e ..\src\emFile_V322c\LinkLibrary\PSoC5\GCC\libemf16noslfn.a(FS_Partition.o)
 .text._HasSignature
                0x00012ece       0x18 ..\src\emFile_V322c\LinkLibrary\PSoC5\GCC\libemf16noslfn.a(FS_Partition.o)
 .text._GetPartitionStartSector
                0x00012ee6        0xc ..\src\emFile_V322c\LinkLibrary\PSoC5\GCC\libemf16noslfn.a(FS_Partition.o)
 .text.FS__GetMediaStartSecEx
                0x00012ef2       0x6e ..\src\emFile_V322c\LinkLibrary\PSoC5\GCC\libemf16noslfn.a(FS_Partition.o)
                0x00012ef2                FS__GetMediaStartSecEx
 .text.FS__LocatePartition
                0x00012f60       0x44 ..\src\emFile_V322c\LinkLibrary\PSoC5\GCC\libemf16noslfn.a(FS_Partition.o)
                0x00012f60                FS__LocatePartition
 .text.FS_X_AddDevices
                0x00012fa4       0x20 .\CortexM3\ARM_GCC_541\Release\Toast.a(SD_ConfigMMC_SPI.o)
                0x00012fa4                FS_X_AddDevices
 .text.FS_X_GetTimeDate
                0x00012fc4       0x58 .\CortexM3\ARM_GCC_541\Release\Toast.a(SD_ConfigMMC_SPI.o)
                0x00012fc4                FS_X_GetTimeDate
 .text._CalcDataCRC16Dummy
                0x0001301c        0x6 ..\src\emFile_V322c\LinkLibrary\PSoC5\GCC\libemf16noslfn.a(MMC_Drv.o)
 *fill*         0x00013022        0x2 
 .text._MMC_GetNumUnits
                0x00013024        0xc ..\src\emFile_V322c\LinkLibrary\PSoC5\GCC\libemf16noslfn.a(MMC_Drv.o)
 .text._MMC_GetDriverName
                0x00013030        0x8 ..\src\emFile_V322c\LinkLibrary\PSoC5\GCC\libemf16noslfn.a(MMC_Drv.o)
 .text._MMC_GetStatus
                0x00013038        0x4 ..\src\emFile_V322c\LinkLibrary\PSoC5\GCC\libemf16noslfn.a(MMC_Drv.o)
 .text._CheckR1
                0x0001303c       0x38 ..\src\emFile_V322c\LinkLibrary\PSoC5\GCC\libemf16noslfn.a(MMC_Drv.o)
 .text._WaitToGetReady
                0x00013074       0x26 ..\src\emFile_V322c\LinkLibrary\PSoC5\GCC\libemf16noslfn.a(MMC_Drv.o)
 .text._SendEmptyCycles
                0x0001309a       0x24 ..\src\emFile_V322c\LinkLibrary\PSoC5\GCC\libemf16noslfn.a(MMC_Drv.o)
 *fill*         0x000130be        0x2 
 .text._MMC_AddDevice
                0x000130c0       0x2c ..\src\emFile_V322c\LinkLibrary\PSoC5\GCC\libemf16noslfn.a(MMC_Drv.o)
 .text.T.53     0x000130ec       0x14 ..\src\emFile_V322c\LinkLibrary\PSoC5\GCC\libemf16noslfn.a(MMC_Drv.o)
 .text._GetFromCSD
                0x00013100       0x34 ..\src\emFile_V322c\LinkLibrary\PSoC5\GCC\libemf16noslfn.a(MMC_Drv.o)
 .text._ExecCmdR1
                0x00013134       0x98 ..\src\emFile_V322c\LinkLibrary\PSoC5\GCC\libemf16noslfn.a(MMC_Drv.o)
 .text._ReadCSD
                0x000131cc       0x86 ..\src\emFile_V322c\LinkLibrary\PSoC5\GCC\libemf16noslfn.a(MMC_Drv.o)
 *fill*         0x00013252        0x2 
 .text._MMC_Read
                0x00013254      0x130 ..\src\emFile_V322c\LinkLibrary\PSoC5\GCC\libemf16noslfn.a(MMC_Drv.o)
 .text._MMC_Write
                0x00013384      0x13c ..\src\emFile_V322c\LinkLibrary\PSoC5\GCC\libemf16noslfn.a(MMC_Drv.o)
 .text._ApplyCSD
                0x000134c0      0x228 ..\src\emFile_V322c\LinkLibrary\PSoC5\GCC\libemf16noslfn.a(MMC_Drv.o)
 .text._MMC_Init
                0x000136e8      0x1c0 ..\src\emFile_V322c\LinkLibrary\PSoC5\GCC\libemf16noslfn.a(MMC_Drv.o)
 .text._MMC_InitMedium
                0x000138a8       0x28 ..\src\emFile_V322c\LinkLibrary\PSoC5\GCC\libemf16noslfn.a(MMC_Drv.o)
 .text._MMC_IoCtl
                0x000138d0       0x60 ..\src\emFile_V322c\LinkLibrary\PSoC5\GCC\libemf16noslfn.a(MMC_Drv.o)
 .text.SD_Init  0x00013930       0x6c .\CortexM3\ARM_GCC_541\Release\Toast.a(SD_MMC_HW_SPI.o)
 .text.SD_ReadWriteSPI
                0x0001399c       0x68 .\CortexM3\ARM_GCC_541\Release\Toast.a(SD_MMC_HW_SPI.o)
 .text.FS_MMC_HW_X_EnableCS
                0x00013a04       0x28 .\CortexM3\ARM_GCC_541\Release\Toast.a(SD_MMC_HW_SPI.o)
                0x00013a04                FS_MMC_HW_X_EnableCS
 .text.FS_MMC_HW_X_DisableCS
                0x00013a2c       0x28 .\CortexM3\ARM_GCC_541\Release\Toast.a(SD_MMC_HW_SPI.o)
                0x00013a2c                FS_MMC_HW_X_DisableCS
 .text.FS_MMC_HW_X_IsWriteProtected
                0x00013a54       0x28 .\CortexM3\ARM_GCC_541\Release\Toast.a(SD_MMC_HW_SPI.o)
                0x00013a54                FS_MMC_HW_X_IsWriteProtected
 .text.FS_MMC_HW_X_SetMaxSpeed
                0x00013a7c       0x88 .\CortexM3\ARM_GCC_541\Release\Toast.a(SD_MMC_HW_SPI.o)
                0x00013a7c                FS_MMC_HW_X_SetMaxSpeed
 .text.FS_MMC_HW_X_SetVoltage
                0x00013b04       0x68 .\CortexM3\ARM_GCC_541\Release\Toast.a(SD_MMC_HW_SPI.o)
                0x00013b04                FS_MMC_HW_X_SetVoltage
 .text.FS_MMC_HW_X_IsPresent
                0x00013b6c       0x30 .\CortexM3\ARM_GCC_541\Release\Toast.a(SD_MMC_HW_SPI.o)
                0x00013b6c                FS_MMC_HW_X_IsPresent
 .text.FS_MMC_HW_X_Read
                0x00013b9c       0x38 .\CortexM3\ARM_GCC_541\Release\Toast.a(SD_MMC_HW_SPI.o)
                0x00013b9c                FS_MMC_HW_X_Read
 .text.FS_MMC_HW_X_Write
                0x00013bd4       0x34 .\CortexM3\ARM_GCC_541\Release\Toast.a(SD_MMC_HW_SPI.o)
                0x00013bd4                FS_MMC_HW_X_Write
 .text.SD_SPI0_Init
                0x00013c08       0x34 .\CortexM3\ARM_GCC_541\Release\Toast.a(SD_SPI0.o)
                0x00013c08                SD_SPI0_Init
 .text.SD_SPI0_Enable
                0x00013c3c       0x64 .\CortexM3\ARM_GCC_541\Release\Toast.a(SD_SPI0.o)
                0x00013c3c                SD_SPI0_Enable
 .text.SD_SPI0_Start
                0x00013ca0       0x24 .\CortexM3\ARM_GCC_541\Release\Toast.a(SD_SPI0.o)
                0x00013ca0                SD_SPI0_Start
 .text.SD_SPI0_EnableTxInt
                0x00013cc4        0xc .\CortexM3\ARM_GCC_541\Release\Toast.a(SD_SPI0.o)
                0x00013cc4                SD_SPI0_EnableTxInt
 .text.SD_SPI0_EnableRxInt
                0x00013cd0        0xc .\CortexM3\ARM_GCC_541\Release\Toast.a(SD_SPI0.o)
                0x00013cd0                SD_SPI0_EnableRxInt
 .text.SD_SPI0_ReadTxStatus
                0x00013cdc       0x1c .\CortexM3\ARM_GCC_541\Release\Toast.a(SD_SPI0.o)
                0x00013cdc                SD_SPI0_ReadTxStatus
 .text.SD_SPI0_ReadRxStatus
                0x00013cf8       0x1c .\CortexM3\ARM_GCC_541\Release\Toast.a(SD_SPI0.o)
                0x00013cf8                SD_SPI0_ReadRxStatus
 .text.SD_SPI0_WriteTxData
                0x00013d14       0x34 .\CortexM3\ARM_GCC_541\Release\Toast.a(SD_SPI0.o)
                0x00013d14                SD_SPI0_WriteTxData
 .text.SD_SPI0_ReadRxData
                0x00013d48       0x1c .\CortexM3\ARM_GCC_541\Release\Toast.a(SD_SPI0.o)
                0x00013d48                SD_SPI0_ReadRxData
 .text.SD_SPI0_ClearFIFO
                0x00013d64       0x60 .\CortexM3\ARM_GCC_541\Release\Toast.a(SD_SPI0.o)
                0x00013d64                SD_SPI0_ClearFIFO
 .text.SD_Clock_1_Start
                0x00013dc4       0x34 .\CortexM3\ARM_GCC_541\Release\Toast.a(SD_Clock_1.o)
                0x00013dc4                SD_Clock_1_Start
 .text.SD_Clock_1_Stop
                0x00013df8       0x34 .\CortexM3\ARM_GCC_541\Release\Toast.a(SD_Clock_1.o)
                0x00013df8                SD_Clock_1_Stop
 .text.SD_Clock_1_SetDividerRegister
                0x00013e2c      0x164 .\CortexM3\ARM_GCC_541\Release\Toast.a(SD_Clock_1.o)
                0x00013e2c                SD_Clock_1_SetDividerRegister
 .text.SD_Clock_1_GetDividerRegister
                0x00013f90       0x18 .\CortexM3\ARM_GCC_541\Release\Toast.a(SD_Clock_1.o)
                0x00013f90                SD_Clock_1_GetDividerRegister
 .text.SD_Clock_1_GetSourceRegister
                0x00013fa8       0x1c .\CortexM3\ARM_GCC_541\Release\Toast.a(SD_Clock_1.o)
                0x00013fa8                SD_Clock_1_GetSourceRegister
 .text.SD_SPI0_CS_Write
                0x00013fc4       0x3c .\CortexM3\ARM_GCC_541\Release\Toast.a(SD_SPI0_CS.o)
                0x00013fc4                SD_SPI0_CS_Write
 .text          0x00014000      0x370 c:/program files (x86)/cypress/psoc creator/4.4/psoc creator/import/gnu/arm/5.4.1/bin/../lib/gcc/arm-none-eabi/5.4.1/armv7-m\libgcc.a(_arm_addsubdf3.o)
                0x00014000                __aeabi_drsub
                0x00014008                __aeabi_dsub
                0x00014008                __subdf3
                0x0001400c                __aeabi_dadd
                0x0001400c                __adddf3
                0x00014284                __floatunsidf
                0x00014284                __aeabi_ui2d
                0x000142a4                __floatsidf
                0x000142a4                __aeabi_i2d
                0x000142c8                __aeabi_f2d
                0x000142c8                __extendsfdf2
                0x00014304                __floatundidf
                0x00014304                __aeabi_ul2d
                0x00014314                __floatdidf
                0x00014314                __aeabi_l2d
 .text          0x00014370      0x424 c:/program files (x86)/cypress/psoc creator/4.4/psoc creator/import/gnu/arm/5.4.1/bin/../lib/gcc/arm-none-eabi/5.4.1/armv7-m\libgcc.a(_arm_muldivdf3.o)
                0x00014370                __aeabi_dmul
                0x00014370                __muldf3
                0x000145c4                __divdf3
                0x000145c4                __aeabi_ddiv
 .text          0x00014794      0x110 c:/program files (x86)/cypress/psoc creator/4.4/psoc creator/import/gnu/arm/5.4.1/bin/../lib/gcc/arm-none-eabi/5.4.1/armv7-m\libgcc.a(_arm_cmpdf2.o)
                0x00014794                __gtdf2
                0x00014794                __gedf2
                0x0001479c                __ltdf2
                0x0001479c                __ledf2
                0x000147a4                __nedf2
                0x000147a4                __eqdf2
                0x000147a4                __cmpdf2
                0x00014820                __aeabi_cdrcmple
                0x00014830                __aeabi_cdcmpeq
                0x00014830                __aeabi_cdcmple
                0x00014840                __aeabi_dcmpeq
                0x00014854                __aeabi_dcmplt
                0x00014868                __aeabi_dcmple
                0x0001487c                __aeabi_dcmpge
                0x00014890                __aeabi_dcmpgt
 .text          0x000148a4       0x2c c:/program files (x86)/cypress/psoc creator/4.4/psoc creator/import/gnu/arm/5.4.1/bin/../lib/gcc/arm-none-eabi/5.4.1/armv7-m\libgcc.a(_arm_unorddf2.o)
                0x000148a4                __unorddf2
                0x000148a4                __aeabi_dcmpun
 .text          0x000148d0       0x50 c:/program files (x86)/cypress/psoc creator/4.4/psoc creator/import/gnu/arm/5.4.1/bin/../lib/gcc/arm-none-eabi/5.4.1/armv7-m\libgcc.a(_arm_fixdfsi.o)
                0x000148d0                __aeabi_d2iz
                0x000148d0                __fixdfsi
 .text          0x00014920      0x21c c:/program files (x86)/cypress/psoc creator/4.4/psoc creator/import/gnu/arm/5.4.1/bin/../lib/gcc/arm-none-eabi/5.4.1/armv7-m\libgcc.a(_arm_addsubsf3.o)
                0x00014920                __aeabi_frsub
                0x00014928                __subsf3
                0x00014928                __aeabi_fsub
                0x0001492c                __aeabi_fadd
                0x0001492c                __addsf3
                0x00014a8c                __aeabi_ui2f
                0x00014a8c                __floatunsisf
                0x00014a94                __aeabi_i2f
                0x00014a94                __floatsisf
                0x00014ab0                __aeabi_ul2f
                0x00014ab0                __floatundisf
                0x00014ac0                __aeabi_l2f
                0x00014ac0                __floatdisf
 .text          0x00014b3c      0x2a0 c:/program files (x86)/cypress/psoc creator/4.4/psoc creator/import/gnu/arm/5.4.1/bin/../lib/gcc/arm-none-eabi/5.4.1/armv7-m\libgcc.a(_arm_muldivsf3.o)
                0x00014b3c                __mulsf3
                0x00014b3c                __aeabi_fmul
                0x00014ca4                __aeabi_fdiv
                0x00014ca4                __divsf3
 .text          0x00014ddc       0x4c c:/program files (x86)/cypress/psoc creator/4.4/psoc creator/import/gnu/arm/5.4.1/bin/../lib/gcc/arm-none-eabi/5.4.1/armv7-m\libgcc.a(_arm_fixsfsi.o)
                0x00014ddc                __aeabi_f2iz
                0x00014ddc                __fixsfsi
 .text.__errno  0x00014e28        0xc c:/program files (x86)/cypress/psoc creator/4.4/psoc creator/import/gnu/arm/5.4.1/bin/../lib/gcc/arm-none-eabi/5.4.1/../../../../arm-none-eabi/lib/armv7-m\libg_nano.a(lib_a-errno.o)
                0x00014e28                __errno
 .text.__libc_init_array
                0x00014e34       0x4c c:/program files (x86)/cypress/psoc creator/4.4/psoc creator/import/gnu/arm/5.4.1/bin/../lib/gcc/arm-none-eabi/5.4.1/../../../../arm-none-eabi/lib/armv7-m\libg_nano.a(lib_a-init.o)
                0x00014e34                __libc_init_array
 .text.memcpy   0x00014e80       0x16 c:/program files (x86)/cypress/psoc creator/4.4/psoc creator/import/gnu/arm/5.4.1/bin/../lib/gcc/arm-none-eabi/5.4.1/../../../../arm-none-eabi/lib/armv7-m\libg_nano.a(lib_a-memcpy-stub.o)
                0x00014e80                memcpy
 .text.memset   0x00014e96       0x10 c:/program files (x86)/cypress/psoc creator/4.4/psoc creator/import/gnu/arm/5.4.1/bin/../lib/gcc/arm-none-eabi/5.4.1/../../../../arm-none-eabi/lib/armv7-m\libg_nano.a(lib_a-memset.o)
                0x00014e96                memset
 .text.__sfputc_r
                0x00014ea6       0x2c c:/program files (x86)/cypress/psoc creator/4.4/psoc creator/import/gnu/arm/5.4.1/bin/../lib/gcc/arm-none-eabi/5.4.1/../../../../arm-none-eabi/lib/armv7-m\libg_nano.a(lib_a-nano-vfprintf.o)
 .text.__sfputs_r
                0x00014ed2       0x24 c:/program files (x86)/cypress/psoc creator/4.4/psoc creator/import/gnu/arm/5.4.1/bin/../lib/gcc/arm-none-eabi/5.4.1/../../../../arm-none-eabi/lib/armv7-m\libg_nano.a(lib_a-nano-vfprintf.o)
                0x00014ed2                __sfputs_r
 *fill*         0x00014ef6        0x2 
 .text._vfprintf_r
                0x00014ef8      0x238 c:/program files (x86)/cypress/psoc creator/4.4/psoc creator/import/gnu/arm/5.4.1/bin/../lib/gcc/arm-none-eabi/5.4.1/../../../../arm-none-eabi/lib/armv7-m\libg_nano.a(lib_a-nano-vfprintf.o)
                0x00014ef8                _vfprintf_r
                0x00014ef8                _vfiprintf_r
 .text.vfprintf
                0x00015130       0x14 c:/program files (x86)/cypress/psoc creator/4.4/psoc creator/import/gnu/arm/5.4.1/bin/../lib/gcc/arm-none-eabi/5.4.1/../../../../arm-none-eabi/lib/armv7-m\libg_nano.a(lib_a-nano-vfprintf.o)
                0x00015130                vfprintf
                0x00015130                vfiprintf
 .text.__cvt    0x00015144       0xc0 c:/program files (x86)/cypress/psoc creator/4.4/psoc creator/import/gnu/arm/5.4.1/bin/../lib/gcc/arm-none-eabi/5.4.1/../../../../arm-none-eabi/lib/armv7-m\libg_nano.a(lib_a-nano-vfprintf_float.o)
                0x00015144                __cvt
 .text.__exponent
                0x00015204       0x62 c:/program files (x86)/cypress/psoc creator/4.4/psoc creator/import/gnu/arm/5.4.1/bin/../lib/gcc/arm-none-eabi/5.4.1/../../../../arm-none-eabi/lib/armv7-m\libg_nano.a(lib_a-nano-vfprintf_float.o)
                0x00015204                __exponent
 *fill*         0x00015266        0x2 
 .text._printf_float
                0x00015268      0x488 c:/program files (x86)/cypress/psoc creator/4.4/psoc creator/import/gnu/arm/5.4.1/bin/../lib/gcc/arm-none-eabi/5.4.1/../../../../arm-none-eabi/lib/armv7-m\libg_nano.a(lib_a-nano-vfprintf_float.o)
                0x00015268                _printf_float
 .text._printf_common
                0x000156f0       0xec c:/program files (x86)/cypress/psoc creator/4.4/psoc creator/import/gnu/arm/5.4.1/bin/../lib/gcc/arm-none-eabi/5.4.1/../../../../arm-none-eabi/lib/armv7-m\libg_nano.a(lib_a-nano-vfprintf_i.o)
                0x000156f0                _printf_common
 .text._printf_i
                0x000157dc      0x24c c:/program files (x86)/cypress/psoc creator/4.4/psoc creator/import/gnu/arm/5.4.1/bin/../lib/gcc/arm-none-eabi/5.4.1/../../../../arm-none-eabi/lib/armv7-m\libg_nano.a(lib_a-nano-vfprintf_i.o)
                0x000157dc                _printf_i
 .text.sprintf  0x00015a28       0x48 c:/program files (x86)/cypress/psoc creator/4.4/psoc creator/import/gnu/arm/5.4.1/bin/../lib/gcc/arm-none-eabi/5.4.1/../../../../arm-none-eabi/lib/armv7-m\libg_nano.a(lib_a-sprintf.o)
                0x00015a28                siprintf
                0x00015a28                sprintf
 .text.strcat   0x00015a70       0x1e c:/program files (x86)/cypress/psoc creator/4.4/psoc creator/import/gnu/arm/5.4.1/bin/../lib/gcc/arm-none-eabi/5.4.1/../../../../arm-none-eabi/lib/armv7-m\libg_nano.a(lib_a-strcat.o)
                0x00015a70                strcat
 .text          0x00015a8e       0x14 c:/program files (x86)/cypress/psoc creator/4.4/psoc creator/import/gnu/arm/5.4.1/bin/../lib/gcc/arm-none-eabi/5.4.1/../../../../arm-none-eabi/lib/armv7-m\libg_nano.a(lib_a-strcmp.o)
                0x00015a8e                strcmp
 .text.strcpy   0x00015aa2       0x10 c:/program files (x86)/cypress/psoc creator/4.4/psoc creator/import/gnu/arm/5.4.1/bin/../lib/gcc/arm-none-eabi/5.4.1/../../../../arm-none-eabi/lib/armv7-m\libg_nano.a(lib_a-strcpy.o)
                0x00015aa2                strcpy
 .text          0x00015ab2       0x10 c:/program files (x86)/cypress/psoc creator/4.4/psoc creator/import/gnu/arm/5.4.1/bin/../lib/gcc/arm-none-eabi/5.4.1/../../../../arm-none-eabi/lib/armv7-m\libg_nano.a(lib_a-strlen.o)
                0x00015ab2                strlen
 *fill*         0x00015ac2        0x2 
 .text.__swbuf_r
                0x00015ac4       0xa8 c:/program files (x86)/cypress/psoc creator/4.4/psoc creator/import/gnu/arm/5.4.1/bin/../lib/gcc/arm-none-eabi/5.4.1/../../../../arm-none-eabi/lib/armv7-m\libg_nano.a(lib_a-wbuf.o)
                0x00015ac4                __swbuf_r
 .text.__swsetup_r
                0x00015b6c       0xdc c:/program files (x86)/cypress/psoc creator/4.4/psoc creator/import/gnu/arm/5.4.1/bin/../lib/gcc/arm-none-eabi/5.4.1/../../../../arm-none-eabi/lib/armv7-m\libg_nano.a(lib_a-wsetup.o)
                0x00015b6c                __swsetup_r
 .text.quorem   0x00015c48      0x116 c:/program files (x86)/cypress/psoc creator/4.4/psoc creator/import/gnu/arm/5.4.1/bin/../lib/gcc/arm-none-eabi/5.4.1/../../../../arm-none-eabi/lib/armv7-m\libg_nano.a(lib_a-dtoa.o)
 *fill*         0x00015d5e        0x2 
 .text._dtoa_r  0x00015d60      0xb30 c:/program files (x86)/cypress/psoc creator/4.4/psoc creator/import/gnu/arm/5.4.1/bin/../lib/gcc/arm-none-eabi/5.4.1/../../../../arm-none-eabi/lib/armv7-m\libg_nano.a(lib_a-dtoa.o)
                0x00015d60                _dtoa_r
 .text.__sflush_r
                0x00016890      0x10c c:/program files (x86)/cypress/psoc creator/4.4/psoc creator/import/gnu/arm/5.4.1/bin/../lib/gcc/arm-none-eabi/5.4.1/../../../../arm-none-eabi/lib/armv7-m\libg_nano.a(lib_a-fflush.o)
                0x00016890                __sflush_r
 .text._fflush_r
                0x0001699c       0x54 c:/program files (x86)/cypress/psoc creator/4.4/psoc creator/import/gnu/arm/5.4.1/bin/../lib/gcc/arm-none-eabi/5.4.1/../../../../arm-none-eabi/lib/armv7-m\libg_nano.a(lib_a-fflush.o)
                0x0001699c                _fflush_r
 .text._cleanup_r
                0x000169f0        0xc c:/program files (x86)/cypress/psoc creator/4.4/psoc creator/import/gnu/arm/5.4.1/bin/../lib/gcc/arm-none-eabi/5.4.1/../../../../arm-none-eabi/lib/armv7-m\libg_nano.a(lib_a-findfp.o)
                0x000169f0                _cleanup_r
 .text.std.isra.0
                0x000169fc       0x48 c:/program files (x86)/cypress/psoc creator/4.4/psoc creator/import/gnu/arm/5.4.1/bin/../lib/gcc/arm-none-eabi/5.4.1/../../../../arm-none-eabi/lib/armv7-m\libg_nano.a(lib_a-findfp.o)
 .text.__sfmoreglue
                0x00016a44       0x2c c:/program files (x86)/cypress/psoc creator/4.4/psoc creator/import/gnu/arm/5.4.1/bin/../lib/gcc/arm-none-eabi/5.4.1/../../../../arm-none-eabi/lib/armv7-m\libg_nano.a(lib_a-findfp.o)
                0x00016a44                __sfmoreglue
 .text.__sinit  0x00016a70       0x60 c:/program files (x86)/cypress/psoc creator/4.4/psoc creator/import/gnu/arm/5.4.1/bin/../lib/gcc/arm-none-eabi/5.4.1/../../../../arm-none-eabi/lib/armv7-m\libg_nano.a(lib_a-findfp.o)
                0x00016a70                __sinit
 .text.__sfp    0x00016ad0       0x78 c:/program files (x86)/cypress/psoc creator/4.4/psoc creator/import/gnu/arm/5.4.1/bin/../lib/gcc/arm-none-eabi/5.4.1/../../../../arm-none-eabi/lib/armv7-m\libg_nano.a(lib_a-findfp.o)
                0x00016ad0                __sfp
 .text._fwalk_reent
                0x00016b48       0x3c c:/program files (x86)/cypress/psoc creator/4.4/psoc creator/import/gnu/arm/5.4.1/bin/../lib/gcc/arm-none-eabi/5.4.1/../../../../arm-none-eabi/lib/armv7-m\libg_nano.a(lib_a-fwalk.o)
                0x00016b48                _fwalk_reent
 .text._localeconv_r
                0x00016b84        0x8 c:/program files (x86)/cypress/psoc creator/4.4/psoc creator/import/gnu/arm/5.4.1/bin/../lib/gcc/arm-none-eabi/5.4.1/../../../../arm-none-eabi/lib/armv7-m\libg_nano.a(lib_a-locale.o)
                0x00016b84                _localeconv_r
 .text.__swhatbuf_r
                0x00016b8c       0x46 c:/program files (x86)/cypress/psoc creator/4.4/psoc creator/import/gnu/arm/5.4.1/bin/../lib/gcc/arm-none-eabi/5.4.1/../../../../arm-none-eabi/lib/armv7-m\libg_nano.a(lib_a-makebuf.o)
                0x00016b8c                __swhatbuf_r
 *fill*         0x00016bd2        0x2 
 .text.__smakebuf_r