Archive member included to satisfy reference by file (symbol)

.\CortexM3\ARM_GCC_541\Release\Toast.a(BLINK_05HZ.o)
                              .\CortexM3\ARM_GCC_541\Release\main.o (BLINK_05HZ_Start)
.\CortexM3\ARM_GCC_541\Release\Toast.a(LED_CTRL.o)
                              .\CortexM3\ARM_GCC_541\Release\utils.o (LED_CTRL_Write)
.\CortexM3\ARM_GCC_541\Release\Toast.a(BLINK_CTRL_EN.o)
                              .\CortexM3\ARM_GCC_541\Release\utils.o (BLINK_CTRL_EN_Write)
.\CortexM3\ARM_GCC_541\Release\Toast.a(BLINK_25HZ.o)
                              .\CortexM3\ARM_GCC_541\Release\main.o (BLINK_25HZ_Start)
.\CortexM3\ARM_GCC_541\Release\Toast.a(PWM_MOTORS.o)
                              .\CortexM3\ARM_GCC_541\Release\main.o (PWM_MOTORS_Start)
.\CortexM3\ARM_GCC_541\Release\Toast.a(EEPROM.o)
                              .\CortexM3\ARM_GCC_541\Release\main.o (EEPROM_Start)
.\CortexM3\ARM_GCC_541\Release\Toast.a(FTDI_ENABLE.o)
                              .\CortexM3\ARM_GCC_541\Release\command_processing.o (FTDI_ENABLE_Write)
.\CortexM3\ARM_GCC_541\Release\Toast.a(RS485_CTS.o)
                              .\CortexM3\ARM_GCC_541\Release\command_processing.o (RS485_CTS_Write)
.\CortexM3\ARM_GCC_541\Release\Toast.a(PACER_TIMER.o)
                              .\CortexM3\ARM_GCC_541\Release\main.o (PACER_TIMER_Start)
.\CortexM3\ARM_GCC_541\Release\Toast.a(RESET_FF.o)
                              .\CortexM3\ARM_GCC_541\Release\main.o (RESET_FF_Write)
.\CortexM3\ARM_GCC_541\Release\Toast.a(FF_STATUS.o)
                              .\CortexM3\ARM_GCC_541\Release\main.o (FF_STATUS_Read)
.\CortexM3\ARM_GCC_541\Release\Toast.a(MY_TIMER.o)
                              .\CortexM3\ARM_GCC_541\Release\main.o (MY_TIMER_Start)
.\CortexM3\ARM_GCC_541\Release\Toast.a(UART_RS485.o)
                              .\CortexM3\ARM_GCC_541\Release\main.o (UART_RS485_Start)
.\CortexM3\ARM_GCC_541\Release\Toast.a(UART_RS485_INT.o)
                              .\CortexM3\ARM_GCC_541\Release\Toast.a(UART_RS485.o) (UART_RS485_RXISR)
.\CortexM3\ARM_GCC_541\Release\Toast.a(ISR_RS485_RX.o)
                              .\CortexM3\ARM_GCC_541\Release\command_processing.o (ISR_RS485_RX_Disable)
.\CortexM3\ARM_GCC_541\Release\Toast.a(CLOCK_UART.o)
                              .\CortexM3\ARM_GCC_541\Release\command_processing.o (CLOCK_UART_SetDividerRegister)
.\CortexM3\ARM_GCC_541\Release\Toast.a(CYCLES_TIMER.o)
                              .\CortexM3\ARM_GCC_541\Release\main.o (CYCLES_TIMER_Start)
.\CortexM3\ARM_GCC_541\Release\Toast.a(ISR_CYCLES.o)
                              .\CortexM3\ARM_GCC_541\Release\main.o (ISR_CYCLES_StartEx)
.\CortexM3\ARM_GCC_541\Release\Toast.a(COUNTER_ENC.o)
                              .\CortexM3\ARM_GCC_541\Release\main.o (COUNTER_ENC_Start)
.\CortexM3\ARM_GCC_541\Release\Toast.a(SHIFTREG_ENC_3.o)
                              .\CortexM3\ARM_GCC_541\Release\main.o (SHIFTREG_ENC_3_Start)
.\CortexM3\ARM_GCC_541\Release\Toast.a(SHIFTREG_ENC_2.o)
                              .\CortexM3\ARM_GCC_541\Release\main.o (SHIFTREG_ENC_2_Start)
.\CortexM3\ARM_GCC_541\Release\Toast.a(SHIFTREG_ENC_1.o)
                              .\CortexM3\ARM_GCC_541\Release\main.o (SHIFTREG_ENC_1_Start)
.\CortexM3\ARM_GCC_541\Release\Toast.a(RESET_COUNTERS.o)
                              .\CortexM3\ARM_GCC_541\Release\Encoder_functions.o (RESET_COUNTERS_Write)
.\CortexM3\ARM_GCC_541\Release\Toast.a(CyFlash.o)
                              .\CortexM3\ARM_GCC_541\Release\Toast.a(EEPROM.o) (dieTemperature)
.\CortexM3\ARM_GCC_541\Release\Toast.a(CyLib.o)
                              .\CortexM3\ARM_GCC_541\Release\Cm3Start.o (CyResetStatus)
.\CortexM3\ARM_GCC_541\Release\Toast.a(cyPm.o)
                              .\CortexM3\ARM_GCC_541\Release\Toast.a(CyLib.o) (CyPmReadStatus)
.\CortexM3\ARM_GCC_541\Release\Toast.a(CySpc.o)
                              .\CortexM3\ARM_GCC_541\Release\Toast.a(EEPROM.o) (CySpcStart)
.\CortexM3\ARM_GCC_541\Release\Toast.a(Bootloadable.o)
                              .\CortexM3\ARM_GCC_541\Release\command_processing.o (Bootloadable_Load)
.\CortexM3\ARM_GCC_541\Release\Toast.a(MOTOR_ON_OFF_1.o)
                              .\CortexM3\ARM_GCC_541\Release\utils.o (MOTOR_ON_OFF_1_Write)
.\CortexM3\ARM_GCC_541\Release\Toast.a(MISO_RTC.o)
                              .\CortexM3\ARM_GCC_541\Release\SD_RTC_functions.o (MISO_RTC_Read)
.\CortexM3\ARM_GCC_541\Release\Toast.a(MOSI_RTC.o)
                              .\CortexM3\ARM_GCC_541\Release\SD_RTC_functions.o (MOSI_RTC_Write)
.\CortexM3\ARM_GCC_541\Release\Toast.a(CLK_RTC.o)
                              .\CortexM3\ARM_GCC_541\Release\SD_RTC_functions.o (CLK_RTC_Write)
.\CortexM3\ARM_GCC_541\Release\Toast.a(CS_RTC.o)
                              .\CortexM3\ARM_GCC_541\Release\SD_RTC_functions.o (CS_RTC_Write)
.\CortexM3\ARM_GCC_541\Release\Toast.a(Chip_Select_ENCODER_LINE.o)
[...]
Memory Configuration

Name             Origin             Length             Attributes
rom              0x00000000         0x00040000         xr
ram              0x1fff8000         0x00010000         xrw
*default*        0x00000000         0xffffffff

Linker script and memory map

LOAD c:/program files (x86)/cypress/psoc creator/4.4/psoc creator/import/gnu/arm/5.4.1/bin/../lib/gcc/arm-none-eabi/5.4.1/armv7-m/crti.o
LOAD c:/program files (x86)/cypress/psoc creator/4.4/psoc creator/import/gnu/arm/5.4.1/bin/../lib/gcc/arm-none-eabi/5.4.1/armv7-m/crtbegin.o
LOAD c:/program files (x86)/cypress/psoc creator/4.4/psoc creator/import/gnu/arm/5.4.1/bin/../lib/gcc/arm-none-eabi/5.4.1/../../../../arm-none-eabi/lib/armv7-m/crt0.o
START GROUP
LOAD .\CortexM3\ARM_GCC_541\Release\command_processing.o
LOAD .\CortexM3\ARM_GCC_541\Release\globals.o
LOAD .\CortexM3\ARM_GCC_541\Release\interruptions.o
LOAD .\CortexM3\ARM_GCC_541\Release\utils.o
LOAD .\CortexM3\ARM_GCC_541\Release\main.o
LOAD .\CortexM3\ARM_GCC_541\Release\Encoder_functions.o
LOAD .\CortexM3\ARM_GCC_541\Release\SD_RTC_functions.o
LOAD .\CortexM3\ARM_GCC_541\Release\IMU_functions.o
LOAD .\CortexM3\ARM_GCC_541\Release\FS_ConfigIO.o
LOAD .\CortexM3\ARM_GCC_541\Release\cyfitter_cfg.o
LOAD .\CortexM3\ARM_GCC_541\Release\cymetadata.o
LOAD .\CortexM3\ARM_GCC_541\Release\Cm3Start.o
LOAD .\CortexM3\ARM_GCC_541\Release\cybootloader.o
LOAD .\CortexM3\ARM_GCC_541\Release\Toast.a
LOAD C:\Program Files (x86)\Cypress\PSoC Creator\4.4\PSoC Creator\psoc\content\cycomponentlibrary\CyComponentLibrary.cylib\CortexM3\ARM_GCC_541\Release\CyComponentLibrary.a
LOAD ..\src\emFile_V322c\LinkLibrary\PSoC5\GCC\libemf16noslfn.a
LOAD c:/program files (x86)/cypress/psoc creator/4.4/psoc creator/import/gnu/arm/5.4.1/bin/../lib/gcc/arm-none-eabi/5.4.1/../../../../arm-none-eabi/lib/armv7-m\libm.a
END GROUP
START GROUP
LOAD c:/program files (x86)/cypress/psoc creator/4.4/psoc creator/import/gnu/arm/5.4.1/bin/../lib/gcc/arm-none-eabi/5.4.1/armv7-m\libgcc.a
LOAD c:/program files (x86)/cypress/psoc creator/4.4/psoc creator/import/gnu/arm/5.4.1/bin/../lib/gcc/arm-none-eabi/5.4.1/../../../../arm-none-eabi/lib/armv7-m\libg_nano.a
LOAD c:/program files (x86)/cypress/psoc creator/4.4/psoc creator/import/gnu/arm/5.4.1/bin/../lib/gcc/arm-none-eabi/5.4.1/../../../../arm-none-eabi/lib/armv7-m\libc_nano.a
END GROUP
START GROUP
LOAD c:/program files (x86)/cypress/psoc creator/4.4/psoc creator/import/gnu/arm/5.4.1/bin/../lib/gcc/arm-none-eabi/5.4.1/armv7-m\libgcc.a
LOAD c:/program files (x86)/cypress/psoc creator/4.4/psoc creator/import/gnu/arm/5.4.1/bin/../lib/gcc/arm-none-eabi/5.4.1/../../../../arm-none-eabi/lib/armv7-m\libc_nano.a
END GROUP
LOAD c:/program files (x86)/cypress/psoc creator/4.4/psoc creator/import/gnu/arm/5.4.1/bin/../lib/gcc/arm-none-eabi/5.4.1/armv7-m/crtend.o
LOAD c:/program files (x86)/cypress/psoc creator/4.4/psoc creator/import/gnu/arm/5.4.1/bin/../lib/gcc/arm-none-eabi/5.4.1/armv7-m/crtn.o
START GROUP
LOAD c:/program files (x86)/cypress/psoc creator/4.4/psoc creator/import/gnu/arm/5.4.1/bin/../lib/gcc/arm-none-eabi/5.4.1/armv7-m\libgcc.a
LOAD c:/program files (x86)/cypress/psoc creator/4.4/psoc creator/import/gnu/arm/5.4.1/bin/../lib/gcc/arm-none-eabi/5.4.1/../../../../arm-none-eabi/lib/armv7-m\libc.a
LOAD c:/program files (x86)/cypress/psoc creator/4.4/psoc creator/import/gnu/arm/5.4.1/bin/../lib/gcc/arm-none-eabi/5.4.1/../../../../arm-none-eabi/lib/armv7-m\libnosys.a
END GROUP
                0x00000000                CY_APPL_ORIGIN = 0x0
                0x00000100                CY_FLASH_ROW_SIZE = 0x100
                0x00000020                CY_ECC_ROW_SIZE = 0x20
                0x00000000                CY_EE_IN_BTLDR = 0x0
                0x00000001                CY_APPL_LOADABLE = 0x1
                0x00000800                CY_EE_SIZE = 0x800
                0x00000001                CY_APPL_NUM = 0x1
                0x00000001                CY_APPL_MAX = 0x1
                0x00000040                CY_METADATA_SIZE = 0x40
                0x00000001                CY_APPL_LOADABLE = 0x1
                0x00000000                CY_CHECKSUM_EXCLUDE_SIZE = ALIGN (0x0, CY_FLASH_ROW_SIZE)
                [!provide]                PROVIDE (__cy_heap_start, _end)
                0x00000001                PROVIDE (__cy_region_num, ((__cy_regions_end - __cy_regions) / 0x10))
                0x20008000                PROVIDE (__cy_stack, (ORIGIN (ram) + LENGTH (ram)))
                [!provide]                PROVIDE (__cy_heap_end, (__cy_stack - 0x800))

.cybootloader   0x00000000     0x1d00
 *(.cybootloader)
 .cybootloader  0x00000000     0x1d00 .\CortexM3\ARM_GCC_541\Release\cybootloader.o
                0x00000000                cy_bootloader
                0x00001d00                appl1_start = CY_APPL_ORIGIN?CY_APPL_ORIGIN:ALIGN (CY_FLASH_ROW_SIZE)
                0x00020e00                appl2_start = (appl1_start + ALIGN ((((LENGTH (rom) - appl1_start) - (0x2 * CY_FLASH_ROW_SIZE)) / 0x2), CY_FLASH_ROW_SIZE))
                0x00001d00                appl_start = (CY_APPL_NUM == 0x1)?appl1_start:appl2_start
                0x000003a0                ecc_offset = ((appl_start / CY_FLASH_ROW_SIZE) * CY_ECC_ROW_SIZE)
                0x00000000                ee_offset = (CY_APPL_LOADABLE && ! (CY_EE_IN_BTLDR))?((CY_EE_SIZE / CY_APPL_MAX) * (CY_APPL_NUM - 0x1)):0x0
                0x00000800                ee_size = (CY_APPL_LOADABLE && ! (CY_EE_IN_BTLDR))?(CY_EE_SIZE / CY_APPL_MAX):CY_EE_SIZE
                0x000003a0                PROVIDE (CY_ECC_OFFSET, ecc_offset)

.text           0x00001d00    0x15bc8
 CREATE_OBJECT_SYMBOLS
                0x00001d00                PROVIDE (__cy_interrupt_vector, RomVectors)
 *(.romvectors)
 .romvectors    0x00001d00       0x10 .\CortexM3\ARM_GCC_541\Release\Cm3Start.o
                0x00001d00                RomVectors
                0x00000001                ASSERT ((. != __cy_interrupt_vector), No interrupt vector)
                0x00000001                ASSERT (CY_APPL_ORIGIN?(SIZEOF (.cybootloader) <= CY_APPL_ORIGIN):0x1, Wrong image location)
                0x00001d10                PROVIDE (__cy_reset, Reset)
 *(.text.Reset)
 .text.Reset    0x00001d10        0x8 .\CortexM3\ARM_GCC_541\Release\Cm3Start.o
                0x00001d10                Reset
                0x00000001                ASSERT ((. != __cy_reset), No reset code)
 *(.dma_init)
                0x00000001                ASSERT ((((appl_start + .) <= 0x10000) || 0x1), DMA Init must be within the first 64k of flash)
 *(.text .text.* .gnu.linkonce.t.*)
 .text          0x00001d18       0x5c c:/program files (x86)/cypress/psoc creator/4.4/psoc creator/import/gnu/arm/5.4.1/bin/../lib/gcc/arm-none-eabi/5.4.1/armv7-m/crtbegin.o
 .text.commProcess
                0x00001d74      0x51c .\CortexM3\ARM_GCC_541\Release\command_processing.o
                0x00001d74                commProcess
 .text.infoGet  0x00002290      0x164 .\CortexM3\ARM_GCC_541\Release\command_processing.o
                0x00002290                infoGet
 .text.get_param_list
                0x000023f4     0x22e4 .\CortexM3\ARM_GCC_541\Release\command_processing.o
                0x000023f4                get_param_list
 .text.manage_param_list
                0x000046d8     0x1930 .\CortexM3\ARM_GCC_541\Release\command_processing.o
                0x000046d8                manage_param_list
 .text.get_IMU_param_list
                0x00006008      0xdf4 .\CortexM3\ARM_GCC_541\Release\command_processing.o
                0x00006008                get_IMU_param_list
 .text.setZeros
                0x00006dfc       0x90 .\CortexM3\ARM_GCC_541\Release\command_processing.o
                0x00006dfc                setZeros
 .text.prepare_generic_info
                0x00006e8c     0x1be8 .\CortexM3\ARM_GCC_541\Release\command_processing.o
                0x00006e8c                prepare_generic_info
 .text.prepare_counter_info
                0x00008a74      0x490 .\CortexM3\ARM_GCC_541\Release\command_processing.o
                0x00008a74                prepare_counter_info
 .text.prepare_R01_info
                0x00008f04      0x25c .\CortexM3\ARM_GCC_541\Release\command_processing.o
                0x00008f04                prepare_R01_info
 .text.prepare_SD_param_info
                0x00009160     0x1280 .\CortexM3\ARM_GCC_541\Release\command_processing.o
                0x00009160                prepare_SD_param_info
 .text.prepare_SD_legend
                0x0000a3e0       0xdc .\CortexM3\ARM_GCC_541\Release\command_processing.o
                0x0000a3e0                prepare_SD_legend
 .text.prepare_SD_EMG_History_legend
                0x0000a4bc       0x28 .\CortexM3\ARM_GCC_541\Release\command_processing.o
                0x0000a4bc                prepare_SD_EMG_History_legend
 .text.IMU_reading_info
                0x0000a4e4      0x374 .\CortexM3\ARM_GCC_541\Release\command_processing.o
                0x0000a4e4                IMU_reading_info
 .text.commWrite_old_id
                0x0000a858       0x84 .\CortexM3\ARM_GCC_541\Release\command_processing.o
                0x0000a858                commWrite_old_id
 .text.commWrite
                0x0000a8dc       0x88 .\CortexM3\ARM_GCC_541\Release\command_processing.o
                0x0000a8dc                commWrite
 .text.commWriteID
                0x0000a964       0xa0 .\CortexM3\ARM_GCC_541\Release\command_processing.o
                0x0000a964                commWriteID
 .text.LCRChecksum
                0x0000aa04       0x40 .\CortexM3\ARM_GCC_541\Release\command_processing.o
                0x0000aa04                LCRChecksum
 .text.sendAcknowledgment
                0x0000aa44       0x30 .\CortexM3\ARM_GCC_541\Release\command_processing.o
                0x0000aa44                sendAcknowledgment
 .text.memStore
                0x0000aa74       0x98 .\CortexM3\ARM_GCC_541\Release\command_processing.o
                0x0000aa74                memStore
 .text.memRecall
                0x0000ab0c       0x80 .\CortexM3\ARM_GCC_541\Release\command_processing.o
                0x0000ab0c                memRecall
 .text.memRestore
                0x0000ab8c       0x5c .\CortexM3\ARM_GCC_541\Release\command_processing.o
                0x0000ab8c                memRestore
 .text.memInit  0x0000abe8      0x628 .\CortexM3\ARM_GCC_541\Release\command_processing.o
                0x0000abe8                memInit
 .text.memInit_SoftHandPro
                0x0000b210      0x240 .\CortexM3\ARM_GCC_541\Release\command_processing.o
                0x0000b210                memInit_SoftHandPro
 .text.cmd_get_measurements
                0x0000b450      0x128 .\CortexM3\ARM_GCC_541\Release\command_processing.o
                0x0000b450                cmd_get_measurements
 .text.cmd_get_velocities
                0x0000b578       0xb8 .\CortexM3\ARM_GCC_541\Release\command_processing.o
                0x0000b578                cmd_get_velocities
 .text.cmd_get_accelerations
                0x0000b630       0xb8 .\CortexM3\ARM_GCC_541\Release\command_processing.o
                0x0000b630                cmd_get_accelerations
 .text.cmd_get_joystick
                0x0000b6e8       0x5c .\CortexM3\ARM_GCC_541\Release\command_processing.o
                0x0000b6e8                cmd_get_joystick
 .text.cmd_set_inputs
                0x0000b744       0x38 .\CortexM3\ARM_GCC_541\Release\command_processing.o
                0x0000b744                cmd_set_inputs
 .text.cmd_activate
                0x0000b77c       0x34 .\CortexM3\ARM_GCC_541\Release\command_processing.o
                0x0000b77c                cmd_activate
 .text.cmd_get_activate
                0x0000b7b0       0x34 .\CortexM3\ARM_GCC_541\Release\command_processing.o
                0x0000b7b0                cmd_get_activate
 .text.cmd_get_curr_and_meas
                0x0000b7e4      0x138 .\CortexM3\ARM_GCC_541\Release\command_processing.o
                0x0000b7e4                cmd_get_curr_and_meas
 .text.cmd_get_currents
                0x0000b91c       0xec .\CortexM3\ARM_GCC_541\Release\command_processing.o
                0x0000b91c                cmd_get_currents
 .text.cmd_get_currents_for_cuff
                0x0000ba08       0x64 .\CortexM3\ARM_GCC_541\Release\command_processing.o
                0x0000ba08                cmd_get_currents_for_cuff
 .text.cmd_set_baudrate
                0x0000ba6c       0x34 .\CortexM3\ARM_GCC_541\Release\command_processing.o
                0x0000ba6c                cmd_set_baudrate
 .text.cmd_ping
                0x0000baa0       0x20 .\CortexM3\ARM_GCC_541\Release\command_processing.o
                0x0000baa0                cmd_ping
 .text.cmd_get_inputs
                0x0000bac0       0xa0 .\CortexM3\ARM_GCC_541\Release\command_processing.o
                0x0000bac0                cmd_get_inputs
 .text.cmd_store_params
                0x0000bb60      0x1bc .\CortexM3\ARM_GCC_541\Release\command_processing.o
                0x0000bb60                cmd_store_params
 .text.cmd_get_emg
                0x0000bd1c       0x60 .\CortexM3\ARM_GCC_541\Release\command_processing.o
                0x0000bd1c                cmd_get_emg
 .text.cmd_get_imu_readings
                0x0000bd7c      0x598 .\CortexM3\ARM_GCC_541\Release\command_processing.o
                0x0000bd7c                cmd_get_imu_readings
 .text.cmd_get_encoder_map
                0x0000c314       0x8c .\CortexM3\ARM_GCC_541\Release\command_processing.o
                0x0000c314                cmd_get_encoder_map
 .text.cmd_get_encoder_raw
                0x0000c3a0       0xec .\CortexM3\ARM_GCC_541\Release\command_processing.o
                0x0000c3a0                cmd_get_encoder_raw
 .text.cmd_get_ADC_map
                0x0000c48c       0x5c .\CortexM3\ARM_GCC_541\Release\command_processing.o
                0x0000c48c                cmd_get_ADC_map
 .text.cmd_get_ADC_raw
                0x0000c4e8       0xc0 .\CortexM3\ARM_GCC_541\Release\command_processing.o
                0x0000c4e8                cmd_get_ADC_raw
 .text.cmd_get_SD_file
                0x0000c5a8      0x154 .\CortexM3\ARM_GCC_541\Release\command_processing.o
                0x0000c5a8                cmd_get_SD_file
 .text.cmd_remove_SD_file
                0x0000c6fc       0xb0 .\CortexM3\ARM_GCC_541\Release\command_processing.o
                0x0000c6fc                cmd_remove_SD_file
 .text.ISR_RS485_RX_ExInterrupt
                0x0000c7ac       0x18 .\CortexM3\ARM_GCC_541\Release\interruptions.o
                0x0000c7ac                ISR_RS485_RX_ExInterrupt
 .text.ISR_CYCLES_Handler
                0x0000c7c4       0x20 .\CortexM3\ARM_GCC_541\Release\interruptions.o
                0x0000c7c4                ISR_CYCLES_Handler
 .text.interrupt_manager
                0x0000c7e4      0x1f4 .\CortexM3\ARM_GCC_541\Release\interruptions.o
                0x0000c7e4                interrupt_manager
 .text.function_scheduler
                0x0000c9d8       0x34 .\CortexM3\ARM_GCC_541\Release\interruptions.o
                0x0000c9d8                function_scheduler
 .text.LED_control
                0x0000ca0c       0x90 .\CortexM3\ARM_GCC_541\Release\utils.o
                0x0000ca0c                LED_control
 .text.enable_motor
                0x0000ca9c       0x20 .\CortexM3\ARM_GCC_541\Release\utils.o
                0x0000ca9c                enable_motor
 .text.reset_counters
                0x0000cabc       0x98 .\CortexM3\ARM_GCC_541\Release\utils.o
                0x0000cabc                reset_counters
 .text.main     0x0000cb54      0x178 .\CortexM3\ARM_GCC_541\Release\main.o
                0x0000cb54                main
 .text.InitEncoderGeneral
                0x0000cccc       0x54 .\CortexM3\ARM_GCC_541\Release\Encoder_functions.o
                0x0000cccc                InitEncoderGeneral
 .text.InitEncoderLine
                0x0000cd20       0x7c .\CortexM3\ARM_GCC_541\Release\Encoder_functions.o
                0x0000cd20                InitEncoderLine
 .text.ReadEncoderLine
                0x0000cd9c      0x1e8 .\CortexM3\ARM_GCC_541\Release\Encoder_functions.o
                0x0000cd9c                ReadEncoderLine
 .text.DS1302_writeByte
                0x0000cf84       0x1c .\CortexM3\ARM_GCC_541\Release\SD_RTC_functions.o
                0x0000cf84                DS1302_writeByte
 .text.DS1302_read
                0x0000cfa0       0x44 .\CortexM3\ARM_GCC_541\Release\SD_RTC_functions.o
                0x0000cfa0                DS1302_read
 .text.DS1302_readByte
                0x0000cfe4       0x5c .\CortexM3\ARM_GCC_541\Release\SD_RTC_functions.o
                0x0000cfe4                DS1302_readByte
 .text.shiftOut_RTC
                0x0000d040       0x4c .\CortexM3\ARM_GCC_541\Release\SD_RTC_functions.o
                0x0000d040                shiftOut_RTC
 .text.store_RTC_current_time
                0x0000d08c      0x11c .\CortexM3\ARM_GCC_541\Release\SD_RTC_functions.o
                0x0000d08c                store_RTC_current_time
 .text.InitSD_FS
                0x0000d1a8      0x4f8 .\CortexM3\ARM_GCC_541\Release\SD_RTC_functions.o
                0x0000d1a8                InitSD_FS
 .text.Read_SD_Closed_File
                0x0000d6a0       0x48 .\CortexM3\ARM_GCC_541\Release\SD_RTC_functions.o
                0x0000d6a0                Read_SD_Closed_File
 .text.Remove_SD_File
                0x0000d6e8       0x18 .\CortexM3\ARM_GCC_541\Release\SD_RTC_functions.o
                0x0000d6e8                Remove_SD_File
 .text.Read_SD_Current_Data
                0x0000d700       0x6c .\CortexM3\ARM_GCC_541\Release\SD_RTC_functions.o
                0x0000d700                Read_SD_Current_Data
 .text.Read_SD_EMG_History_Data
                0x0000d76c       0x70 .\CortexM3\ARM_GCC_541\Release\SD_RTC_functions.o
                0x0000d76c                Read_SD_EMG_History_Data
 .text.Get_DirectoriesList
                0x0000d7dc      0x13c .\CortexM3\ARM_GCC_541\Release\SD_RTC_functions.o
                0x0000d7dc                Get_DirectoriesList
 .text.Get_SD_FS
                0x0000d918      0x5dc .\CortexM3\ARM_GCC_541\Release\SD_RTC_functions.o
                0x0000d918                Get_SD_FS
 .text.CYMEMZERO
                0x0000def4       0x1c .\CortexM3\ARM_GCC_541\Release\cyfitter_cfg.o
 .text.CYCONFIGCPY
                0x0000df10       0x20 .\CortexM3\ARM_GCC_541\Release\cyfitter_cfg.o
 .text.CyClockStartupError
                0x0000df30        0xc .\CortexM3\ARM_GCC_541\Release\cyfitter_cfg.o
 .text.cfg_write_bytes32
                0x0000df3c       0x74 .\CortexM3\ARM_GCC_541\Release\cyfitter_cfg.o
 .text.ClockSetup
                0x0000dfb0      0x180 .\CortexM3\ARM_GCC_541\Release\cyfitter_cfg.o
 .text.AnalogSetDefault
                0x0000e130       0x44 .\CortexM3\ARM_GCC_541\Release\cyfitter_cfg.o
 .text.cyfitter_cfg
                0x0000e174      0x1c8 .\CortexM3\ARM_GCC_541\Release\cyfitter_cfg.o
                0x0000e174                cyfitter_cfg
 .text.IntDefaultHandler
                0x0000e33c       0x14 .\CortexM3\ARM_GCC_541\Release\Cm3Start.o
                0x0000e33c                IntDefaultHandler
 .text._sbrk    0x0000e350       0x54 .\CortexM3\ARM_GCC_541\Release\Cm3Start.o
                0x0000e350                _sbrk
 .text.Start_c  0x0000e3a4       0x98 .\CortexM3\ARM_GCC_541\Release\Cm3Start.o
                0x0000e3a4                Start_c
 .text.initialize_psoc
                0x0000e43c       0x90 .\CortexM3\ARM_GCC_541\Release\Cm3Start.o
                0x0000e43c                initialize_psoc
 .text.BLINK_05HZ_Start
                0x0000e4cc       0x24 .\CortexM3\ARM_GCC_541\Release\Toast.a(BLINK_05HZ.o)
                0x0000e4cc                BLINK_05HZ_Start
 .text.BLINK_05HZ_Init
                0x0000e4f0       0x6c .\CortexM3\ARM_GCC_541\Release\Toast.a(BLINK_05HZ.o)
                0x0000e4f0                BLINK_05HZ_Init
 .text.BLINK_05HZ_Enable
                0x0000e55c       0x20 .\CortexM3\ARM_GCC_541\Release\Toast.a(BLINK_05HZ.o)
                0x0000e55c                BLINK_05HZ_Enable
 .text.BLINK_05HZ_WriteCounter
                0x0000e57c       0x20 .\CortexM3\ARM_GCC_541\Release\Toast.a(BLINK_05HZ.o)
                0x0000e57c                BLINK_05HZ_WriteCounter
 .text.BLINK_05HZ_WritePeriod
                0x0000e59c       0x20 .\CortexM3\ARM_GCC_541\Release\Toast.a(BLINK_05HZ.o)
                0x0000e59c                BLINK_05HZ_WritePeriod
 .text.BLINK_05HZ_WriteCompare
                0x0000e5bc       0x20 .\CortexM3\ARM_GCC_541\Release\Toast.a(BLINK_05HZ.o)
                0x0000e5bc                BLINK_05HZ_WriteCompare
 .text.LED_CTRL_Write
                0x0000e5dc       0x20 .\CortexM3\ARM_GCC_541\Release\Toast.a(LED_CTRL.o)
                0x0000e5dc                LED_CTRL_Write
 .text.BLINK_CTRL_EN_Write
                0x0000e5fc       0x20 .\CortexM3\ARM_GCC_541\Release\Toast.a(BLINK_CTRL_EN.o)
                0x0000e5fc                BLINK_CTRL_EN_Write
 .text.BLINK_25HZ_Start
                0x0000e61c       0x24 .\CortexM3\ARM_GCC_541\Release\Toast.a(BLINK_25HZ.o)
                0x0000e61c                BLINK_25HZ_Start
 .text.BLINK_25HZ_Init
                0x0000e640       0x50 .\CortexM3\ARM_GCC_541\Release\Toast.a(BLINK_25HZ.o)
                0x0000e640                BLINK_25HZ_Init
 .text.BLINK_25HZ_Enable
                0x0000e690       0x20 .\CortexM3\ARM_GCC_541\Release\Toast.a(BLINK_25HZ.o)
                0x0000e690                BLINK_25HZ_Enable
 .text.BLINK_25HZ_WriteCounter
                0x0000e6b0       0x20 .\CortexM3\ARM_GCC_541\Release\Toast.a(BLINK_25HZ.o)
                0x0000e6b0                BLINK_25HZ_WriteCounter
 .text.BLINK_25HZ_WritePeriod
                0x0000e6d0       0x20 .\CortexM3\ARM_GCC_541\Release\Toast.a(BLINK_25HZ.o)
                0x0000e6d0                BLINK_25HZ_WritePeriod
 .text.BLINK_25HZ_WriteCompare
                0x0000e6f0       0x20 .\CortexM3\ARM_GCC_541\Release\Toast.a(BLINK_25HZ.o)
                0x0000e6f0                BLINK_25HZ_WriteCompare
 .text.PWM_MOTORS_Start
                0x0000e710       0x24 .\CortexM3\ARM_GCC_541\Release\Toast.a(PWM_MOTORS.o)
                0x0000e710                PWM_MOTORS_Start
 .text.PWM_MOTORS_Init
                0x0000e734       0x34 .\CortexM3\ARM_GCC_541\Release\Toast.a(PWM_MOTORS.o)
                0x0000e734                PWM_MOTORS_Init
 .text.PWM_MOTORS_Enable
                0x0000e768        0xc .\CortexM3\ARM_GCC_541\Release\Toast.a(PWM_MOTORS.o)
                0x0000e768                PWM_MOTORS_Enable
 .text.PWM_MOTORS_WriteCounter
                0x0000e774       0x20 .\CortexM3\ARM_GCC_541\Release\Toast.a(PWM_MOTORS.o)
                0x0000e774                PWM_MOTORS_WriteCounter
 .text.PWM_MOTORS_WritePeriod
                0x0000e794       0x20 .\CortexM3\ARM_GCC_541\Release\Toast.a(PWM_MOTORS.o)
                0x0000e794                PWM_MOTORS_WritePeriod
 .text.PWM_MOTORS_WriteCompare1
                0x0000e7b4       0x20 .\CortexM3\ARM_GCC_541\Release\Toast.a(PWM_MOTORS.o)
                0x0000e7b4                PWM_MOTORS_WriteCompare1
 .text.PWM_MOTORS_WriteCompare2
                0x0000e7d4       0x20 .\CortexM3\ARM_GCC_541\Release\Toast.a(PWM_MOTORS.o)
                0x0000e7d4                PWM_MOTORS_WriteCompare2
 .text.EEPROM_Enable
                0x0000e7f4       0x10 .\CortexM3\ARM_GCC_541\Release\Toast.a(EEPROM.o)
                0x0000e7f4                EEPROM_Enable
 .text.EEPROM_Start
                0x0000e804        0xc .\CortexM3\ARM_GCC_541\Release\Toast.a(EEPROM.o)
                0x0000e804                EEPROM_Start
 .text.EEPROM_UpdateTemperature
                0x0000e810       0x10 .\CortexM3\ARM_GCC_541\Release\Toast.a(EEPROM.o)
                0x0000e810                EEPROM_UpdateTemperature
 .text.EEPROM_Write
                0x0000e820       0xf0 .\CortexM3\ARM_GCC_541\Release\Toast.a(EEPROM.o)
                0x0000e820                EEPROM_Write
 .text.FTDI_ENABLE_Write
                0x0000e910       0x3c .\CortexM3\ARM_GCC_541\Release\Toast.a(FTDI_ENABLE.o)
                0x0000e910                FTDI_ENABLE_Write
 .text.RS485_CTS_Write
                0x0000e94c       0x3c .\CortexM3\ARM_GCC_541\Release\Toast.a(RS485_CTS.o)
                0x0000e94c                RS485_CTS_Write
 .text.PACER_TIMER_Init
                0x0000e988       0xa0 .\CortexM3\ARM_GCC_541\Release\Toast.a(PACER_TIMER.o)
                0x0000e988                PACER_TIMER_Init
 .text.PACER_TIMER_Enable
                0x0000ea28       0x48 .\CortexM3\ARM_GCC_541\Release\Toast.a(PACER_TIMER.o)
                0x0000ea28                PACER_TIMER_Enable
 .text.PACER_TIMER_Start
                0x0000ea70       0x24 .\CortexM3\ARM_GCC_541\Release\Toast.a(PACER_TIMER.o)
                0x0000ea70                PACER_TIMER_Start
 .text.PACER_TIMER_SetInterruptMode
                0x0000ea94       0x20 .\CortexM3\ARM_GCC_541\Release\Toast.a(PACER_TIMER.o)
                0x0000ea94                PACER_TIMER_SetInterruptMode
 .text.PACER_TIMER_WritePeriod
                0x0000eab4       0x24 .\CortexM3\ARM_GCC_541\Release\Toast.a(PACER_TIMER.o)
                0x0000eab4                PACER_TIMER_WritePeriod
 .text.PACER_TIMER_WriteCounter
                0x0000ead8       0x20 .\CortexM3\ARM_GCC_541\Release\Toast.a(PACER_TIMER.o)
                0x0000ead8                PACER_TIMER_WriteCounter
 .text.RESET_FF_Write
                0x0000eaf8       0x20 .\CortexM3\ARM_GCC_541\Release\Toast.a(RESET_FF.o)
                0x0000eaf8                RESET_FF_Write
 .text.FF_STATUS_Read
                0x0000eb18       0x18 .\CortexM3\ARM_GCC_541\Release\Toast.a(FF_STATUS.o)
                0x0000eb18                FF_STATUS_Read
 .text.MY_TIMER_Init
                0x0000eb30       0xa0 .\CortexM3\ARM_GCC_541\Release\Toast.a(MY_TIMER.o)
                0x0000eb30                MY_TIMER_Init
 .text.MY_TIMER_Enable
                0x0000ebd0       0x48 .\CortexM3\ARM_GCC_541\Release\Toast.a(MY_TIMER.o)
                0x0000ebd0                MY_TIMER_Enable
 .text.MY_TIMER_Start
                0x0000ec18       0x24 .\CortexM3\ARM_GCC_541\Release\Toast.a(MY_TIMER.o)
                0x0000ec18                MY_TIMER_Start
 .text.MY_TIMER_SetInterruptMode
                0x0000ec3c       0x20 .\CortexM3\ARM_GCC_541\Release\Toast.a(MY_TIMER.o)
                0x0000ec3c                MY_TIMER_SetInterruptMode
 .text.MY_TIMER_WritePeriod
                0x0000ec5c       0x24 .\CortexM3\ARM_GCC_541\Release\Toast.a(MY_TIMER.o)
                0x0000ec5c                MY_TIMER_WritePeriod
 .text.MY_TIMER_WriteCounter
                0x0000ec80       0x20 .\CortexM3\ARM_GCC_541\Release\Toast.a(MY_TIMER.o)
                0x0000ec80                MY_TIMER_WriteCounter
 .text.MY_TIMER_ReadCounter
                0x0000eca0       0x20 .\CortexM3\ARM_GCC_541\Release\Toast.a(MY_TIMER.o)
                0x0000eca0                MY_TIMER_ReadCounter
 .text.UART_RS485_Start
                0x0000ecc0       0x24 .\CortexM3\ARM_GCC_541\Release\Toast.a(UART_RS485.o)
                0x0000ecc0                UART_RS485_Start
 .text.UART_RS485_Init
                0x0000ece4       0x58 .\CortexM3\ARM_GCC_541\Release\Toast.a(UART_RS485.o)
                0x0000ece4                UART_RS485_Init
 .text.UART_RS485_Enable
                0x0000ed3c       0x64 .\CortexM3\ARM_GCC_541\Release\Toast.a(UART_RS485.o)
                0x0000ed3c                UART_RS485_Enable
 .text.UART_RS485_Stop
                0x0000eda0       0x64 .\CortexM3\ARM_GCC_541\Release\Toast.a(UART_RS485.o)
                0x0000eda0                UART_RS485_Stop
 .text.UART_RS485_ReadRxStatus
                0x0000ee04       0x40 .\CortexM3\ARM_GCC_541\Release\Toast.a(UART_RS485.o)
                0x0000ee04                UART_RS485_ReadRxStatus
 .text.UART_RS485_GetChar
                0x0000ee44       0xb4 .\CortexM3\ARM_GCC_541\Release\Toast.a(UART_RS485.o)
                0x0000ee44                UART_RS485_GetChar
 .text.UART_RS485_GetRxBufferSize
                0x0000eef8       0x90 .\CortexM3\ARM_GCC_541\Release\Toast.a(UART_RS485.o)
                0x0000eef8                UART_RS485_GetRxBufferSize
 .text.UART_RS485_ClearRxBuffer
                0x0000ef88       0x80 .\CortexM3\ARM_GCC_541\Release\Toast.a(UART_RS485.o)
                0x0000ef88                UART_RS485_ClearRxBuffer
 .text.UART_RS485_ReadTxStatus
                0x0000f008       0x18 .\CortexM3\ARM_GCC_541\Release\Toast.a(UART_RS485.o)
                0x0000f008                UART_RS485_ReadTxStatus
 .text.UART_RS485_PutChar
                0x0000f020       0x34 .\CortexM3\ARM_GCC_541\Release\Toast.a(UART_RS485.o)
                0x0000f020                UART_RS485_PutChar
 .text.UART_RS485_PutString
                0x0000f054       0x44 .\CortexM3\ARM_GCC_541\Release\Toast.a(UART_RS485.o)
                0x0000f054                UART_RS485_PutString
 .text.UART_RS485_ClearTxBuffer
                0x0000f098       0x44 .\CortexM3\ARM_GCC_541\Release\Toast.a(UART_RS485.o)
                0x0000f098                UART_RS485_ClearTxBuffer
 .text.UART_RS485_RXISR
                0x0000f0dc       0xd8 .\CortexM3\ARM_GCC_541\Release\Toast.a(UART_RS485_INT.o)
                0x0000f0dc                UART_RS485_RXISR
 .text.ISR_RS485_RX_StartEx
                0x0000f1b4       0x24 .\CortexM3\ARM_GCC_541\Release\Toast.a(ISR_RS485_RX.o)
                0x0000f1b4                ISR_RS485_RX_StartEx
 .text.ISR_RS485_RX_SetVector
                0x0000f1d8       0x24 .\CortexM3\ARM_GCC_541\Release\Toast.a(ISR_RS485_RX.o)
                0x0000f1d8                ISR_RS485_RX_SetVector
 .text.ISR_RS485_RX_SetPriority
                0x0000f1fc       0x24 .\CortexM3\ARM_GCC_541\Release\Toast.a(ISR_RS485_RX.o)
                0x0000f1fc                ISR_RS485_RX_SetPriority
 .text.ISR_RS485_RX_Enable
                0x0000f220       0x18 .\CortexM3\ARM_GCC_541\Release\Toast.a(ISR_RS485_RX.o)
                0x0000f220                ISR_RS485_RX_Enable
 .text.ISR_RS485_RX_Disable
                0x0000f238       0x18 .\CortexM3\ARM_GCC_541\Release\Toast.a(ISR_RS485_RX.o)
                0x0000f238                ISR_RS485_RX_Disable
 .text.CLOCK_UART_SetDividerRegister
                0x0000f250      0x164 .\CortexM3\ARM_GCC_541\Release\Toast.a(CLOCK_UART.o)
                0x0000f250                CLOCK_UART_SetDividerRegister
 .text.CLOCK_UART_GetDividerRegister
                0x0000f3b4       0x18 .\CortexM3\ARM_GCC_541\Release\Toast.a(CLOCK_UART.o)
                0x0000f3b4                CLOCK_UART_GetDividerRegister
 .text.CLOCK_UART_GetSourceRegister
                0x0000f3cc       0x1c .\CortexM3\ARM_GCC_541\Release\Toast.a(CLOCK_UART.o)
                0x0000f3cc                CLOCK_UART_GetSourceRegister
 .text.CYCLES_TIMER_Init
                0x0000f3e8       0xa0 .\CortexM3\ARM_GCC_541\Release\Toast.a(CYCLES_TIMER.o)
                0x0000f3e8                CYCLES_TIMER_Init
 .text.CYCLES_TIMER_Enable
                0x0000f488       0x48 .\CortexM3\ARM_GCC_541\Release\Toast.a(CYCLES_TIMER.o)
                0x0000f488                CYCLES_TIMER_Enable
 .text.CYCLES_TIMER_Start
                0x0000f4d0       0x24 .\CortexM3\ARM_GCC_541\Release\Toast.a(CYCLES_TIMER.o)
                0x0000f4d0                CYCLES_TIMER_Start
 .text.CYCLES_TIMER_SetInterruptMode
                0x0000f4f4       0x20 .\CortexM3\ARM_GCC_541\Release\Toast.a(CYCLES_TIMER.o)
                0x0000f4f4                CYCLES_TIMER_SetInterruptMode
 .text.CYCLES_TIMER_WritePeriod
                0x0000f514       0x24 .\CortexM3\ARM_GCC_541\Release\Toast.a(CYCLES_TIMER.o)
                0x0000f514                CYCLES_TIMER_WritePeriod
 .text.CYCLES_TIMER_WriteCounter
                0x0000f538       0x20 .\CortexM3\ARM_GCC_541\Release\Toast.a(CYCLES_TIMER.o)
                0x0000f538                CYCLES_TIMER_WriteCounter
 .text.ISR_CYCLES_StartEx
                0x0000f558       0x24 .\CortexM3\ARM_GCC_541\Release\Toast.a(ISR_CYCLES.o)
                0x0000f558                ISR_CYCLES_StartEx
 .text.ISR_CYCLES_SetVector
                0x0000f57c       0x24 .\CortexM3\ARM_GCC_541\Release\Toast.a(ISR_CYCLES.o)
                0x0000f57c                ISR_CYCLES_SetVector
 .text.ISR_CYCLES_SetPriority
                0x0000f5a0       0x24 .\CortexM3\ARM_GCC_541\Release\Toast.a(ISR_CYCLES.o)
                0x0000f5a0                ISR_CYCLES_SetPriority
 .text.ISR_CYCLES_Enable
                0x0000f5c4       0x18 .\CortexM3\ARM_GCC_541\Release\Toast.a(ISR_CYCLES.o)
                0x0000f5c4                ISR_CYCLES_Enable
 .text.ISR_CYCLES_Disable
                0x0000f5dc       0x18 .\CortexM3\ARM_GCC_541\Release\Toast.a(ISR_CYCLES.o)
                0x0000f5dc                ISR_CYCLES_Disable
 .text.COUNTER_ENC_Init
                0x0000f5f4       0x7c .\CortexM3\ARM_GCC_541\Release\Toast.a(COUNTER_ENC.o)
                0x0000f5f4                COUNTER_ENC_Init
 .text.COUNTER_ENC_Enable
                0x0000f670       0x20 .\CortexM3\ARM_GCC_541\Release\Toast.a(COUNTER_ENC.o)
                0x0000f670                COUNTER_ENC_Enable
 .text.COUNTER_ENC_Start
                0x0000f690       0x24 .\CortexM3\ARM_GCC_541\Release\Toast.a(COUNTER_ENC.o)
                0x0000f690                COUNTER_ENC_Start
 .text.COUNTER_ENC_SetInterruptMode
                0x0000f6b4       0x20 .\CortexM3\ARM_GCC_541\Release\Toast.a(COUNTER_ENC.o)
                0x0000f6b4                COUNTER_ENC_SetInterruptMode
 .text.COUNTER_ENC_ReadStatusRegister
                0x0000f6d4       0x18 .\CortexM3\ARM_GCC_541\Release\Toast.a(COUNTER_ENC.o)
                0x0000f6d4                COUNTER_ENC_ReadStatusRegister
 .text.COUNTER_ENC_WriteCounter
                0x0000f6ec       0x20 .\CortexM3\ARM_GCC_541\Release\Toast.a(COUNTER_ENC.o)
                0x0000f6ec                COUNTER_ENC_WriteCounter
 .text.COUNTER_ENC_ReadCapture
                0x0000f70c       0x18 .\CortexM3\ARM_GCC_541\Release\Toast.a(COUNTER_ENC.o)
                0x0000f70c                COUNTER_ENC_ReadCapture
 .text.COUNTER_ENC_WritePeriod
                0x0000f724       0x20 .\CortexM3\ARM_GCC_541\Release\Toast.a(COUNTER_ENC.o)
                0x0000f724                COUNTER_ENC_WritePeriod
 .text.COUNTER_ENC_WriteCompare
                0x0000f744       0x20 .\CortexM3\ARM_GCC_541\Release\Toast.a(COUNTER_ENC.o)
                0x0000f744                COUNTER_ENC_WriteCompare
 .text.COUNTER_ENC_ClearFIFO
                0x0000f764       0x1c .\CortexM3\ARM_GCC_541\Release\Toast.a(COUNTER_ENC.o)
                0x0000f764                COUNTER_ENC_ClearFIFO
 .text.SHIFTREG_ENC_3_Start
                0x0000f780       0x24 .\CortexM3\ARM_GCC_541\Release\Toast.a(SHIFTREG_ENC_3.o)
                0x0000f780                SHIFTREG_ENC_3_Start
 .text.SHIFTREG_ENC_3_Enable
                0x0000f7a4       0x20 .\CortexM3\ARM_GCC_541\Release\Toast.a(SHIFTREG_ENC_3.o)
                0x0000f7a4                SHIFTREG_ENC_3_Enable
 .text.SHIFTREG_ENC_3_Init
                0x0000f7c4       0x10 .\CortexM3\ARM_GCC_541\Release\Toast.a(SHIFTREG_ENC_3.o)
                0x0000f7c4                SHIFTREG_ENC_3_Init
 .text.SHIFTREG_ENC_3_EnableInt
                0x0000f7d4       0x34 .\CortexM3\ARM_GCC_541\Release\Toast.a(SHIFTREG_ENC_3.o)
                0x0000f7d4                SHIFTREG_ENC_3_EnableInt
 .text.SHIFTREG_ENC_3_SetIntMode
                0x0000f808       0x40 .\CortexM3\ARM_GCC_541\Release\Toast.a(SHIFTREG_ENC_3.o)
                0x0000f808                SHIFTREG_ENC_3_SetIntMode
 .text.SHIFTREG_ENC_3_ReadData
                0x0000f848       0x14 .\CortexM3\ARM_GCC_541\Release\Toast.a(SHIFTREG_ENC_3.o)
                0x0000f848                SHIFTREG_ENC_3_ReadData
 .text.SHIFTREG_ENC_2_Start
                0x0000f85c       0x24 .\CortexM3\ARM_GCC_541\Release\Toast.a(SHIFTREG_ENC_2.o)
                0x0000f85c                SHIFTREG_ENC_2_Start
 .text.SHIFTREG_ENC_2_Enable
                0x0000f880       0x20 .\CortexM3\ARM_GCC_541\Release\Toast.a(SHIFTREG_ENC_2.o)
                0x0000f880                SHIFTREG_ENC_2_Enable
 .text.SHIFTREG_ENC_2_Init
                0x0000f8a0       0x10 .\CortexM3\ARM_GCC_541\Release\Toast.a(SHIFTREG_ENC_2.o)
                0x0000f8a0                SHIFTREG_ENC_2_Init
 .text.SHIFTREG_ENC_2_EnableInt
                0x0000f8b0       0x34 .\CortexM3\ARM_GCC_541\Release\Toast.a(SHIFTREG_ENC_2.o)
                0x0000f8b0                SHIFTREG_ENC_2_EnableInt
 .text.SHIFTREG_ENC_2_SetIntMode
                0x0000f8e4       0x40 .\CortexM3\ARM_GCC_541\Release\Toast.a(SHIFTREG_ENC_2.o)
                0x0000f8e4                SHIFTREG_ENC_2_SetIntMode
 .text.SHIFTREG_ENC_2_ReadData
                0x0000f924       0x14 .\CortexM3\ARM_GCC_541\Release\Toast.a(SHIFTREG_ENC_2.o)
                0x0000f924                SHIFTREG_ENC_2_ReadData
 .text.SHIFTREG_ENC_1_Start
                0x0000f938       0x24 .\CortexM3\ARM_GCC_541\Release\Toast.a(SHIFTREG_ENC_1.o)
                0x0000f938                SHIFTREG_ENC_1_Start
 .text.SHIFTREG_ENC_1_Enable
                0x0000f95c       0x20 .\CortexM3\ARM_GCC_541\Release\Toast.a(SHIFTREG_ENC_1.o)
                0x0000f95c                SHIFTREG_ENC_1_Enable
 .text.SHIFTREG_ENC_1_Init
                0x0000f97c       0x10 .\CortexM3\ARM_GCC_541\Release\Toast.a(SHIFTREG_ENC_1.o)
                0x0000f97c                SHIFTREG_ENC_1_Init
 .text.SHIFTREG_ENC_1_EnableInt
                0x0000f98c       0x34 .\CortexM3\ARM_GCC_541\Release\Toast.a(SHIFTREG_ENC_1.o)
                0x0000f98c                SHIFTREG_ENC_1_EnableInt
 .text.SHIFTREG_ENC_1_SetIntMode
                0x0000f9c0       0x40 .\CortexM3\ARM_GCC_541\Release\Toast.a(SHIFTREG_ENC_1.o)
                0x0000f9c0                SHIFTREG_ENC_1_SetIntMode
 .text.SHIFTREG_ENC_1_ReadData
                0x0000fa00       0x14 .\CortexM3\ARM_GCC_541\Release\Toast.a(SHIFTREG_ENC_1.o)
                0x0000fa00                SHIFTREG_ENC_1_ReadData
 .text.RESET_COUNTERS_Write
                0x0000fa14       0x20 .\CortexM3\ARM_GCC_541\Release\Toast.a(RESET_COUNTERS.o)
                0x0000fa14                RESET_COUNTERS_Write
 .text.CySetTempInt
                0x0000fa34       0x7c .\CortexM3\ARM_GCC_541\Release\Toast.a(CyFlash.o)
 .text.CyFlashGetSpcAlgorithm
                0x0000fab0       0x70 .\CortexM3\ARM_GCC_541\Release\Toast.a(CyFlash.o)
                0x0000fab0                CyFlashGetSpcAlgorithm
 .text.CySetTemp
                0x0000fb20       0x24 .\CortexM3\ARM_GCC_541\Release\Toast.a(CyFlash.o)
                0x0000fb20                CySetTemp
 .text.CyEEPROM_Start
                0x0000fb44       0x8c .\CortexM3\ARM_GCC_541\Release\Toast.a(CyFlash.o)
                0x0000fb44                CyEEPROM_Start
 .text.CySoftwareReset
                0x0000fbd0       0x20 .\CortexM3\ARM_GCC_541\Release\Toast.a(CyLib.o)
                0x0000fbd0                CySoftwareReset
 .text.CyDelay  0x0000fbf0       0x44 .\CortexM3\ARM_GCC_541\Release\Toast.a(CyLib.o)
                0x0000fbf0                CyDelay
 .text.CyDelayUs
                0x0000fc34       0x28 .\CortexM3\ARM_GCC_541\Release\Toast.a(CyLib.o)
                0x0000fc34                CyDelayUs
 .text.CyIntSetVector
                0x0000fc5c       0x48 .\CortexM3\ARM_GCC_541\Release\Toast.a(CyLib.o)
                0x0000fc5c                CyIntSetVector
 .text.CyIntSetPriority
                0x0000fca4       0x30 .\CortexM3\ARM_GCC_541\Release\Toast.a(CyLib.o)
                0x0000fca4                CyIntSetPriority
 .text.CySpcStart
                0x0000fcd4       0x48 .\CortexM3\ARM_GCC_541\Release\Toast.a(CySpc.o)
                0x0000fcd4                CySpcStart
 .text.CySpcReadData
                0x0000fd1c       0x54 .\CortexM3\ARM_GCC_541\Release\Toast.a(CySpc.o)
                0x0000fd1c                CySpcReadData
 .text.CySpcLoadRow
                0x0000fd70       0x88 .\CortexM3\ARM_GCC_541\Release\Toast.a(CySpc.o)
                0x0000fd70                CySpcLoadRow
 .text.CySpcWriteRow
                0x0000fdf8       0x98 .\CortexM3\ARM_GCC_541\Release\Toast.a(CySpc.o)
                0x0000fdf8                CySpcWriteRow
 .text.CySpcGetTemp
                0x0000fe90       0x64 .\CortexM3\ARM_GCC_541\Release\Toast.a(CySpc.o)
                0x0000fe90                CySpcGetTemp
 .text.CySpcLock
                0x0000fef4       0x68 .\CortexM3\ARM_GCC_541\Release\Toast.a(CySpc.o)
                0x0000fef4                CySpcLock
 .text.CySpcUnlock
                0x0000ff5c       0x50 .\CortexM3\ARM_GCC_541\Release\Toast.a(CySpc.o)
                0x0000ff5c                CySpcUnlock
 .text.CySpcGetAlgorithm
                0x0000ffac       0x44 .\CortexM3\ARM_GCC_541\Release\Toast.a(CySpc.o)
                0x0000ffac                CySpcGetAlgorithm
 .text.Bootloadable_Load
                0x0000fff0       0x18 .\CortexM3\ARM_GCC_541\Release\Toast.a(Bootloadable.o)
                0x0000fff0                Bootloadable_Load
 .text.MOTOR_ON_OFF_1_Write
                0x00010008       0x20 .\CortexM3\ARM_GCC_541\Release\Toast.a(MOTOR_ON_OFF_1.o)
                0x00010008                MOTOR_ON_OFF_1_Write
 .text.MISO_RTC_Read
                0x00010028       0x20 .\CortexM3\ARM_GCC_541\Release\Toast.a(MISO_RTC.o)
                0x00010028                MISO_RTC_Read
 .text.MOSI_RTC_Write
                0x00010048       0x3c .\CortexM3\ARM_GCC_541\Release\Toast.a(MOSI_RTC.o)
                0x00010048                MOSI_RTC_Write
 .text.CLK_RTC_Write
                0x00010084       0x3c .\CortexM3\ARM_GCC_541\Release\Toast.a(CLK_RTC.o)
                0x00010084                CLK_RTC_Write
 .text.CS_RTC_Write
                0x000100c0       0x3c .\CortexM3\ARM_GCC_541\Release\Toast.a(CS_RTC.o)
                0x000100c0                CS_RTC_Write
 .text.Chip_Select_ENCODER_LINE_Write
                0x000100fc       0x20 .\CortexM3\ARM_GCC_541\Release\Toast.a(Chip_Select_ENCODER_LINE.o)
                0x000100fc                Chip_Select_ENCODER_LINE_Write
 .text.MY_TIMER_REG_Write
                0x0001011c       0x20 .\CortexM3\ARM_GCC_541\Release\Toast.a(MY_TIMER_REG.o)
                0x0001011c                MY_TIMER_REG_Write
 *fill*         0x0001013c        0x4 
 .text          0x00010140       0x20 .\CortexM3\ARM_GCC_541\Release\Toast.a(CyBootAsmGnu.o)
                0x00010140                CyDelayCycles
                0x00010150                CyEnterCriticalSection
                0x00010158                CyExitCriticalSection
 .text._CopyString
                0x00010160       0x1c ..\src\emFile_V322c\LinkLibrary\PSoC5\GCC\libemf16noslfn.a(FAT_LFN.o)
 .text._CalcNumChar
                0x0001017c       0x1e ..\src\emFile_V322c\LinkLibrary\PSoC5\GCC\libemf16noslfn.a(FAT_LFN.o)
 .text._WriteName
                0x0001019a       0x32 ..\src\emFile_V322c\LinkLibrary\PSoC5\GCC\libemf16noslfn.a(FAT_LFN.o)
 .text._ToUpper
                0x000101cc       0x10 ..\src\emFile_V322c\LinkLibrary\PSoC5\GCC\libemf16noslfn.a(FAT_LFN.o)
 .text._CompareChar
                0x000101dc       0x44 ..\src\emFile_V322c\LinkLibrary\PSoC5\GCC\libemf16noslfn.a(FAT_LFN.o)
 .text._CalcCheckSum
                0x00010220       0x24 ..\src\emFile_V322c\LinkLibrary\PSoC5\GCC\libemf16noslfn.a(FAT_LFN.o)
 .text._SetDirPosIndex
                0x00010244        0x8 ..\src\emFile_V322c\LinkLibrary\PSoC5\GCC\libemf16noslfn.a(FAT_LFN.o)
 .text.FS_FAT_SupportLFN
                0x0001024c       0x10 ..\src\emFile_V322c\LinkLibrary\PSoC5\GCC\libemf16noslfn.a(FAT_LFN.o)
                0x0001024c                FS_FAT_SupportLFN
 .text._LFN_DelLongEntry
                0x0001025c       0x5e ..\src\emFile_V322c\LinkLibrary\PSoC5\GCC\libemf16noslfn.a(FAT_LFN.o)
 .text._CorrectTrail
                0x000102ba       0x28 ..\src\emFile_V322c\LinkLibrary\PSoC5\GCC\libemf16noslfn.a(FAT_LFN.o)
 .text._CalcNumLongEntries
                0x000102e2       0x16 ..\src\emFile_V322c\LinkLibrary\PSoC5\GCC\libemf16noslfn.a(FAT_LFN.o)
 .text._ComputeLongDirEntry
                0x000102f8       0x88 ..\src\emFile_V322c\LinkLibrary\PSoC5\GCC\libemf16noslfn.a(FAT_LFN.o)
 .text._LFN_FindDirEntry
                0x00010380      0x146 ..\src\emFile_V322c\LinkLibrary\PSoC5\GCC\libemf16noslfn.a(FAT_LFN.o)
 .text._GenerateShortEntry
                0x000104c6       0xce ..\src\emFile_V322c\LinkLibrary\PSoC5\GCC\libemf16noslfn.a(FAT_LFN.o)
 .text._LFN_ReadDirEntryInfo
                0x00010594      0x1c6 ..\src\emFile_V322c\LinkLibrary\PSoC5\GCC\libemf16noslfn.a(FAT_LFN.o)
 .text._LFN_CreateDirEntry
                0x0001075a      0x2a4 ..\src\emFile_V322c\LinkLibrary\PSoC5\GCC\libemf16noslfn.a(FAT_LFN.o)
 .text._ClusterId2FATOff
                0x000109fe       0x18 ..\src\emFile_V322c\LinkLibrary\PSoC5\GCC\libemf16noslfn.a(FAT_Misc.o)
 .text._CalcLogClusterPos
                0x00010a16        0xe ..\src\emFile_V322c\LinkLibrary\PSoC5\GCC\libemf16noslfn.a(FAT_Misc.o)
 .text._ReadFromFreeClusterCache
                0x00010a24       0x46 ..\src\emFile_V322c\LinkLibrary\PSoC5\GCC\libemf16noslfn.a(FAT_Misc.o)
 .text.FS_FAT_GetFATType
                0x00010a6a       0x1a ..\src\emFile_V322c\LinkLibrary\PSoC5\GCC\libemf16noslfn.a(FAT_Misc.o)
                0x00010a6a                FS_FAT_GetFATType
 .text.FS_FAT_ClusterId2SectorNo
                0x00010a84        0xc ..\src\emFile_V322c\LinkLibrary\PSoC5\GCC\libemf16noslfn.a(FAT_Misc.o)
                0x00010a84                FS_FAT_ClusterId2SectorNo
 .text.FS_FAT_IsValidShortNameChar
                0x00010a90       0x34 ..\src\emFile_V322c\LinkLibrary\PSoC5\GCC\libemf16noslfn.a(FAT_Misc.o)
                0x00010a90                FS_FAT_IsValidShortNameChar
 .text.FS_FAT_CopyShortName
                0x00010ac4       0x56 ..\src\emFile_V322c\LinkLibrary\PSoC5\GCC\libemf16noslfn.a(FAT_Misc.o)
                0x00010ac4                FS_FAT_CopyShortName
 .text._SFN_CreateDirEntry
                0x00010b1a       0x5a ..\src\emFile_V322c\LinkLibrary\PSoC5\GCC\libemf16noslfn.a(FAT_Misc.o)
 .text._SFN_FindDirEntry
                0x00010b74       0x10 ..\src\emFile_V322c\LinkLibrary\PSoC5\GCC\libemf16noslfn.a(FAT_Misc.o)
 .text.FS_FAT_FindDirEntry
                0x00010b84       0x60 ..\src\emFile_V322c\LinkLibrary\PSoC5\GCC\libemf16noslfn.a(FAT_Misc.o)
                0x00010b84                FS_FAT_FindDirEntry
 .text.FS_FAT_CopyDirEntryInfo
                0x00010be4       0x50 ..\src\emFile_V322c\LinkLibrary\PSoC5\GCC\libemf16noslfn.a(FAT_Misc.o)
                0x00010be4                FS_FAT_CopyDirEntryInfo
 .text._SFN_ReadDirEntryInfo
                0x00010c34       0x6e ..\src\emFile_V322c\LinkLibrary\PSoC5\GCC\libemf16noslfn.a(FAT_Misc.o)
 .text._SetFATSector
                0x00010ca2        0x6 ..\src\emFile_V322c\LinkLibrary\PSoC5\GCC\libemf16noslfn.a(FAT_Misc.o)
 .text._WriteFATEntry
                0x00010ca8      0x152 ..\src\emFile_V322c\LinkLibrary\PSoC5\GCC\libemf16noslfn.a(FAT_Misc.o)
 .text.FS_FAT_MarkClusterEOC
                0x00010dfa        0x8 ..\src\emFile_V322c\LinkLibrary\PSoC5\GCC\libemf16noslfn.a(FAT_Misc.o)
                0x00010dfa                FS_FAT_MarkClusterEOC
 .text.FS_FAT_SyncFAT
                0x00010e02       0x3c ..\src\emFile_V322c\LinkLibrary\PSoC5\GCC\libemf16noslfn.a(FAT_Misc.o)
                0x00010e02                FS_FAT_SyncFAT
 .text.FS_FAT_LinkCluster
                0x00010e3e       0x1c ..\src\emFile_V322c\LinkLibrary\PSoC5\GCC\libemf16noslfn.a(FAT_Misc.o)
                0x00010e3e                FS_FAT_LinkCluster
 .text.FS_FAT_ReadFATEntry
                0x00010e5a       0xb2 ..\src\emFile_V322c\LinkLibrary\PSoC5\GCC\libemf16noslfn.a(FAT_Misc.o)
                0x00010e5a                FS_FAT_ReadFATEntry
 .text.FS_FAT_GetNumAdjClustersInChain
                0x00010f0c       0x64 ..\src\emFile_V322c\LinkLibrary\PSoC5\GCC\libemf16noslfn.a(FAT_Misc.o)
                0x00010f0c                FS_FAT_GetNumAdjClustersInChain
 .text.FS_FAT_WalkClusterEx
                0x00010f70       0x5c ..\src\emFile_V322c\LinkLibrary\PSoC5\GCC\libemf16noslfn.a(FAT_Misc.o)
                0x00010f70                FS_FAT_WalkClusterEx
 .text.FS_FAT_GotoCluster
                0x00010fcc       0x88 ..\src\emFile_V322c\LinkLibrary\PSoC5\GCC\libemf16noslfn.a(FAT_Misc.o)
                0x00010fcc                FS_FAT_GotoCluster
 .text.FS_FAT_WalkCluster
                0x00011054       0x18 ..\src\emFile_V322c\LinkLibrary\PSoC5\GCC\libemf16noslfn.a(FAT_Misc.o)
                0x00011054                FS_FAT_WalkCluster
 .text.FS_FAT_FindLastCluster
                0x0001106c       0x34 ..\src\emFile_V322c\LinkLibrary\PSoC5\GCC\libemf16noslfn.a(FAT_Misc.o)
                0x0001106c                FS_FAT_FindLastCluster
 .text._CalcFreeClusterCnt
                0x000110a0       0x88 ..\src\emFile_V322c\LinkLibrary\PSoC5\GCC\libemf16noslfn.a(FAT_Misc.o)
 .text.FS_FAT_FindFreeCluster
                0x00011128       0xa8 ..\src\emFile_V322c\LinkLibrary\PSoC5\GCC\libemf16noslfn.a(FAT_Misc.o)
                0x00011128                FS_FAT_FindFreeCluster
 .text.FS_FAT_AllocCluster
                0x000111d0       0x20 ..\src\emFile_V322c\LinkLibrary\PSoC5\GCC\libemf16noslfn.a(FAT_Misc.o)
                0x000111d0                FS_FAT_AllocCluster
 .text._WriteEmptyFATSectors
                0x000111f0       0x3c ..\src\emFile_V322c\LinkLibrary\PSoC5\GCC\libemf16noslfn.a(FAT_Misc.o)
 .text.FS_FAT_FreeClusterChain
                0x0001122c       0xe0 ..\src\emFile_V322c\LinkLibrary\PSoC5\GCC\libemf16noslfn.a(FAT_Misc.o)
                0x0001122c                FS_FAT_FreeClusterChain
 .text.FS_FAT_CheckBPB
                0x0001130c      0x14c ..\src\emFile_V322c\LinkLibrary\PSoC5\GCC\libemf16noslfn.a(FAT_Misc.o)
                0x0001130c                FS_FAT_CheckBPB
 .text.FS_FAT_InitDirEntryScan
                0x00011458       0x14 ..\src\emFile_V322c\LinkLibrary\PSoC5\GCC\libemf16noslfn.a(FAT_Open.o)
                0x00011458                FS_FAT_InitDirEntryScan
 .text.FS_FAT_IncDirPos
                0x0001146c        0x8 ..\src\emFile_V322c\LinkLibrary\PSoC5\GCC\libemf16noslfn.a(FAT_Open.o)
                0x0001146c                FS_FAT_IncDirPos
 .text._CopyDirText
                0x00011474       0x44 ..\src\emFile_V322c\LinkLibrary\PSoC5\GCC\libemf16noslfn.a(FAT_Open.o)
 .text.FS_FAT_Make83Name
                0x000114b8       0xb0 ..\src\emFile_V322c\LinkLibrary\PSoC5\GCC\libemf16noslfn.a(FAT_Open.o)
                0x000114b8                FS_FAT_Make83Name
 .text.FS_FAT_GetDirEntry
                0x00011568       0xb2 ..\src\emFile_V322c\LinkLibrary\PSoC5\GCC\libemf16noslfn.a(FAT_Open.o)
                0x00011568                FS_FAT_GetDirEntry
 .text.FS_FAT_FindDirEntryShortEx
                0x0001161a       0x5a ..\src\emFile_V322c\LinkLibrary\PSoC5\GCC\libemf16noslfn.a(FAT_Open.o)
                0x0001161a                FS_FAT_FindDirEntryShortEx
 .text.FS_FAT_FindDirEntryShort
                0x00011674       0x36 ..\src\emFile_V322c\LinkLibrary\PSoC5\GCC\libemf16noslfn.a(FAT_Open.o)
                0x00011674                FS_FAT_FindDirEntryShort
 .text.FS_FAT_FindEmptyDirEntry
                0x000116aa       0xb0 ..\src\emFile_V322c\LinkLibrary\PSoC5\GCC\libemf16noslfn.a(FAT_Open.o)
                0x000116aa                FS_FAT_FindEmptyDirEntry
 .text.FS_FAT_GetFirstCluster
                0x0001175a       0x1a ..\src\emFile_V322c\LinkLibrary\PSoC5\GCC\libemf16noslfn.a(FAT_Open.o)
                0x0001175a                FS_FAT_GetFirstCluster
 .text.FS_FAT_FindPath
                0x00011774       0x7a ..\src\emFile_V322c\LinkLibrary\PSoC5\GCC\libemf16noslfn.a(FAT_Open.o)
                0x00011774                FS_FAT_FindPath
 .text.FS_FAT_DeleteFileOrDir
                0x000117ee       0x48 ..\src\emFile_V322c\LinkLibrary\PSoC5\GCC\libemf16noslfn.a(FAT_Open.o)
                0x000117ee                FS_FAT_DeleteFileOrDir
 *fill*         0x00011836        0x2 
 .text.FS_FAT_Open
                0x00011838      0x1dc ..\src\emFile_V322c\LinkLibrary\PSoC5\GCC\libemf16noslfn.a(FAT_Open.o)
                0x00011838                FS_FAT_Open
 .text.FS_FAT_WriteDirEntryCluster
                0x00011a14       0x1c ..\src\emFile_V322c\LinkLibrary\PSoC5\GCC\libemf16noslfn.a(FAT_Open.o)
                0x00011a14                FS_FAT_WriteDirEntryCluster
 .text.FS_FAT_WriteDirEntry83
                0x00011a30       0x6c ..\src\emFile_V322c\LinkLibrary\PSoC5\GCC\libemf16noslfn.a(FAT_Open.o)
                0x00011a30                FS_FAT_WriteDirEntry83
 .text._WriteBurst
                0x00011a9c       0x24 ..\src\emFile_V322c\LinkLibrary\PSoC5\GCC\libemf16noslfn.a(FAT_Write.o)
 .text.FS_FAT_GotoClusterAllocIfReq
                0x00011ac0       0xa8 ..\src\emFile_V322c\LinkLibrary\PSoC5\GCC\libemf16noslfn.a(FAT_Write.o)
                0x00011ac0                FS_FAT_GotoClusterAllocIfReq
 .text.FS_FAT_UpdateDirEntry
                0x00011b68       0x68 ..\src\emFile_V322c\LinkLibrary\PSoC5\GCC\libemf16noslfn.a(FAT_Write.o)
                0x00011b68                FS_FAT_UpdateDirEntry
 .text.FS_FAT_Close
                0x00011bd0       0x44 ..\src\emFile_V322c\LinkLibrary\PSoC5\GCC\libemf16noslfn.a(FAT_Write.o)
                0x00011bd0                FS_FAT_Close
 .text.FS_FAT_Write
                0x00011c14      0x1c8 ..\src\emFile_V322c\LinkLibrary\PSoC5\GCC\libemf16noslfn.a(FAT_Write.o)
                0x00011c14                FS_FAT_Write
 .text.FS__CLIB_memcmp
                0x00011ddc       0x20 ..\src\emFile_V322c\LinkLibrary\PSoC5\GCC\libemf16noslfn.a(FS_CLib.o)
                0x00011ddc                FS__CLIB_memcmp
 .text.FS__CLIB_memset
                0x00011dfc       0x6c ..\src\emFile_V322c\LinkLibrary\PSoC5\GCC\libemf16noslfn.a(FS_CLib.o)
                0x00011dfc                FS__CLIB_memset
 .text.FS__CLIB_strcmp
                0x00011e68       0x1a ..\src\emFile_V322c\LinkLibrary\PSoC5\GCC\libemf16noslfn.a(FS_CLib.o)
                0x00011e68                FS__CLIB_strcmp
 .text.FS__CLIB_strlen
                0x00011e82       0x10 ..\src\emFile_V322c\LinkLibrary\PSoC5\GCC\libemf16noslfn.a(FS_CLib.o)
                0x00011e82                FS__CLIB_strlen
 .text.FS__CLIB_strncmp
                0x00011e92       0x26 ..\src\emFile_V322c\LinkLibrary\PSoC5\GCC\libemf16noslfn.a(FS_CLib.o)
                0x00011e92                FS__CLIB_strncmp
 .text.FS__CLIB_toupper
                0x00011eb8        0xe ..\src\emFile_V322c\LinkLibrary\PSoC5\GCC\libemf16noslfn.a(FS_CLib.o)
                0x00011eb8                FS__CLIB_toupper
 .text.FS__strchr
                0x00011ec6       0x14 ..\src\emFile_V322c\LinkLibrary\PSoC5\GCC\libemf16noslfn.a(FS_Core.o)
                0x00011ec6                FS__strchr
 .text.FS_LoadU32BE
                0x00011eda       0x18 ..\src\emFile_V322c\LinkLibrary\PSoC5\GCC\libemf16noslfn.a(FS_Core.o)
                0x00011eda                FS_LoadU32BE
 .text.FS_LoadU32LE
                0x00011ef2       0x16 ..\src\emFile_V322c\LinkLibrary\PSoC5\GCC\libemf16noslfn.a(FS_Core.o)
                0x00011ef2                FS_LoadU32LE
 .text.FS_StoreU32LE
                0x00011f08       0x14 ..\src\emFile_V322c\LinkLibrary\PSoC5\GCC\libemf16noslfn.a(FS_Core.o)
                0x00011f08                FS_StoreU32LE
 .text.FS_StoreU16LE
                0x00011f1c        0x8 ..\src\emFile_V322c\LinkLibrary\PSoC5\GCC\libemf16noslfn.a(FS_Core.o)
                0x00011f1c                FS_StoreU16LE
 .text.FS_LoadU16LE
                0x00011f24        0xa ..\src\emFile_V322c\LinkLibrary\PSoC5\GCC\libemf16noslfn.a(FS_Core.o)
                0x00011f24                FS_LoadU16LE
 *fill*         0x00011f2e        0x2 
 .text._Alloc   0x00011f30       0x30 ..\src\emFile_V322c\LinkLibrary\PSoC5\GCC\libemf16noslfn.a(FS_Core.o)
 .text.FS_Alloc
                0x00011f60        0xc ..\src\emFile_V322c\LinkLibrary\PSoC5\GCC\libemf16noslfn.a(FS_Core.o)
                0x00011f60                FS_Alloc
 .text.FS_TryAlloc
                0x00011f6c        0x4 ..\src\emFile_V322c\LinkLibrary\PSoC5\GCC\libemf16noslfn.a(FS_Core.o)
                0x00011f6c                FS_TryAlloc
 .text.FS_Free  0x00011f70       0x1c ..\src\emFile_V322c\LinkLibrary\PSoC5\GCC\libemf16noslfn.a(FS_Core.o)
                0x00011f70                FS_Free
 .text.FS_AssignMemory
                0x00011f8c        0xc ..\src\emFile_V322c\LinkLibrary\PSoC5\GCC\libemf16noslfn.a(FS_Core.o)
                0x00011f8c                FS_AssignMemory
 .text.FS_AllocZeroed
                0x00011f98       0x16 ..\src\emFile_V322c\LinkLibrary\PSoC5\GCC\libemf16noslfn.a(FS_Core.o)
                0x00011f98                FS_AllocZeroed
 *fill*         0x00011fae        0x2 
 .text.FS_STORAGE_Init
                0x00011fb0       0x28 ..\src\emFile_V322c\LinkLibrary\PSoC5\GCC\libemf16noslfn.a(FS_Core.o)
                0x00011fb0                FS_STORAGE_Init
 .text.FS__FindClose
                0x00011fd8        0x6 ..\src\emFile_V322c\LinkLibrary\PSoC5\GCC\libemf16noslfn.a(FS_Dir.o)
                0x00011fd8                FS__FindClose
 .text.FS_FindClose
                0x00011fde        0x4 ..\src\emFile_V322c\LinkLibrary\PSoC5\GCC\libemf16noslfn.a(FS_Dir.o)
                0x00011fde                FS_FindClose
 .text.FS__FindNextFile
                0x00011fe2       0x52 ..\src\emFile_V322c\LinkLibrary\PSoC5\GCC\libemf16noslfn.a(FS_Dir.o)
                0x00011fe2                FS__FindNextFile
 .text.FS_FindNextFile
                0x00012034        0xa ..\src\emFile_V322c\LinkLibrary\PSoC5\GCC\libemf16noslfn.a(FS_Dir.o)
                0x00012034                FS_FindNextFile
 .text.FS__FindFirstFileEx
                0x0001203e       0x86 ..\src\emFile_V322c\LinkLibrary\PSoC5\GCC\libemf16noslfn.a(FS_Dir.o)
                0x0001203e                FS__FindFirstFileEx
 .text.FS__FindFirstFile
                0x000120c4       0x2e ..\src\emFile_V322c\LinkLibrary\PSoC5\GCC\libemf16noslfn.a(FS_Dir.o)
                0x000120c4                FS__FindFirstFile
 .text.FS_FindFirstFile
                0x000120f2        0xa ..\src\emFile_V322c\LinkLibrary\PSoC5\GCC\libemf16noslfn.a(FS_Dir.o)
                0x000120f2                FS_FindFirstFile
 .text.FS__MkDir
                0x000120fc       0x24 ..\src\emFile_V322c\LinkLibrary\PSoC5\GCC\libemf16noslfn.a(FS_Dir.o)
                0x000120fc                FS__MkDir
 .text.FS_MkDir
                0x00012120        0x4 ..\src\emFile_V322c\LinkLibrary\PSoC5\GCC\libemf16noslfn.a(FS_Dir.o)
                0x00012120                FS_MkDir
 .text._FreeDirHandle
                0x00012124        0xa ..\src\emFile_V322c\LinkLibrary\PSoC5\GCC\libemf16noslfn.a(FS_DirOld.o)
 .text.FS__RewindDir
                0x0001212e        0xa ..\src\emFile_V322c\LinkLibrary\PSoC5\GCC\libemf16noslfn.a(FS_DirOld.o)
                0x0001212e                FS__RewindDir
 .text.FS__DirEnt2Attr
                0x00012138        0xc ..\src\emFile_V322c\LinkLibrary\PSoC5\GCC\libemf16noslfn.a(FS_DirOld.o)
                0x00012138                FS__DirEnt2Attr
 .text.FS__CloseDir
                0x00012144       0x20 ..\src\emFile_V322c\LinkLibrary\PSoC5\GCC\libemf16noslfn.a(FS_DirOld.o)
                0x00012144                FS__CloseDir
 .text.FS_CloseDir
                0x00012164        0x4 ..\src\emFile_V322c\LinkLibrary\PSoC5\GCC\libemf16noslfn.a(FS_DirOld.o)
                0x00012164                FS_CloseDir
 .text.FS__ReadDir
                0x00012168       0x4c ..\src\emFile_V322c\LinkLibrary\PSoC5\GCC\libemf16noslfn.a(FS_DirOld.o)
                0x00012168                FS__ReadDir
 .text.FS__OpenDir
                0x000121b4       0x48 ..\src\emFile_V322c\LinkLibrary\PSoC5\GCC\libemf16noslfn.a(FS_DirOld.o)
                0x000121b4                FS__OpenDir
 .text.FS_OpenDir
                0x000121fc        0x4 ..\src\emFile_V322c\LinkLibrary\PSoC5\GCC\libemf16noslfn.a(FS_DirOld.o)
                0x000121fc                FS_OpenDir
 .text.FS_FRead
                0x00012200       0x1c ..\src\emFile_V322c\LinkLibrary\PSoC5\GCC\libemf16noslfn.a(FS_FRead.o)
                0x00012200                FS_FRead
 .text.FS__GetNumFiles
                0x0001221c       0x56 ..\src\emFile_V322c\LinkLibrary\PSoC5\GCC\libemf16noslfn.a(FS_GetNumFiles.o)
                0x0001221c                FS__GetNumFiles
 .text.FS_GetNumFiles
                0x00012272        0x4 ..\src\emFile_V322c\LinkLibrary\PSoC5\GCC\libemf16noslfn.a(FS_GetNumFiles.o)
                0x00012272                FS_GetNumFiles
 .text._ClrBusyLED
                0x00012276        0xc ..\src\emFile_V322c\LinkLibrary\PSoC5\GCC\libemf16noslfn.a(FS_LogBlock.o)
 .text._SetBusyLED
                0x00012282        0xc ..\src\emFile_V322c\LinkLibrary\PSoC5\GCC\libemf16noslfn.a(FS_LogBlock.o)
 .text._Read    0x0001228e        0xc ..\src\emFile_V322c\LinkLibrary\PSoC5\GCC\libemf16noslfn.a(FS_LogBlock.o)
 .text._Write   0x0001229a       0x12 ..\src\emFile_V322c\LinkLibrary\PSoC5\GCC\libemf16noslfn.a(FS_LogBlock.o)
 .text.FS_LB_GetStatus
                0x000122ac        0xc ..\src\emFile_V322c\LinkLibrary\PSoC5\GCC\libemf16noslfn.a(FS_LogBlock.o)
                0x000122ac                FS_LB_GetStatus
 .text.FS_LB_InitMedium
                0x000122b8       0x1a ..\src\emFile_V322c\LinkLibrary\PSoC5\GCC\libemf16noslfn.a(FS_LogBlock.o)
                0x000122b8                FS_LB_InitMedium
 .text.FS_LB_InitMediumIfRequired
                0x000122d2       0x10 ..\src\emFile_V322c\LinkLibrary\PSoC5\GCC\libemf16noslfn.a(FS_LogBlock.o)
                0x000122d2                FS_LB_InitMediumIfRequired
 .text.FS_LB_ReadDevice
                0x000122e2       0x2e ..\src\emFile_V322c\LinkLibrary\PSoC5\GCC\libemf16noslfn.a(FS_LogBlock.o)
                0x000122e2                FS_LB_ReadDevice
 .text.FS_LB_ReadPart
                0x00012310        0xe ..\src\emFile_V322c\LinkLibrary\PSoC5\GCC\libemf16noslfn.a(FS_LogBlock.o)
                0x00012310                FS_LB_ReadPart
 .text.FS_LB_ReadBurst
                0x0001231e       0x38 ..\src\emFile_V322c\LinkLibrary\PSoC5\GCC\libemf16noslfn.a(FS_LogBlock.o)
                0x0001231e                FS_LB_ReadBurst
 .text.FS_LB_ReadBurstPart
                0x00012356       0x14 ..\src\emFile_V322c\LinkLibrary\PSoC5\GCC\libemf16noslfn.a(FS_LogBlock.o)
                0x00012356                FS_LB_ReadBurstPart
 .text.FS_LB_WriteBurst
                0x0001236a       0x30 ..\src\emFile_V322c\LinkLibrary\PSoC5\GCC\libemf16noslfn.a(FS_LogBlock.o)
                0x0001236a                FS_LB_WriteBurst
 .text.FS_LB_WriteBurstPart
                0x0001239a       0x14 ..\src\emFile_V322c\LinkLibrary\PSoC5\GCC\libemf16noslfn.a(FS_LogBlock.o)
                0x0001239a                FS_LB_WriteBurstPart
 .text.FS_LB_WriteMultiple
                0x000123ae       0x30 ..\src\emFile_V322c\LinkLibrary\PSoC5\GCC\libemf16noslfn.a(FS_LogBlock.o)
                0x000123ae                FS_LB_WriteMultiple
 .text.FS_LB_WriteMultiplePart
                0x000123de       0x14 ..\src\emFile_V322c\LinkLibrary\PSoC5\GCC\libemf16noslfn.a(FS_LogBlock.o)
                0x000123de                FS_LB_WriteMultiplePart
 .text.FS_LB_WriteDevice
                0x000123f2       0x36 ..\src\emFile_V322c\LinkLibrary\PSoC5\GCC\libemf16noslfn.a(FS_LogBlock.o)
                0x000123f2                FS_LB_WriteDevice
 .text.FS_LB_WritePart
                0x00012428        0xe ..\src\emFile_V322c\LinkLibrary\PSoC5\GCC\libemf16noslfn.a(FS_LogBlock.o)
                0x00012428                FS_LB_WritePart
 .text.FS_GetSectorSize
                0x00012436       0x28 ..\src\emFile_V322c\LinkLibrary\PSoC5\GCC\libemf16noslfn.a(FS_LogBlock.o)
                0x00012436                FS_GetSectorSize
 .text.FS_LB_GetDeviceInfo
                0x0001245e       0x26 ..\src\emFile_V322c\LinkLibrary\PSoC5\GCC\libemf16noslfn.a(FS_LogBlock.o)
                0x0001245e                FS_LB_GetDeviceInfo
 .text.FS_memcpy
                0x00012484      0x120 ..\src\emFile_V322c\LinkLibrary\PSoC5\GCC\libemf16noslfn.a(FS_memcpy.o)
                0x00012484                FS_memcpy
 .text.FS__AllocSectorBuffer
                0x000125a4       0x2c ..\src\emFile_V322c\LinkLibrary\PSoC5\GCC\libemf16noslfn.a(FS_Misc.o)
                0x000125a4                FS__AllocSectorBuffer
 .text.FS__FreeSectorBuffer
                0x000125d0       0x28 ..\src\emFile_V322c\LinkLibrary\PSoC5\GCC\libemf16noslfn.a(FS_Misc.o)
                0x000125d0                FS__FreeSectorBuffer
 .text.FS__SB_MarkDirty
                0x000125f8        0x6 ..\src\emFile_V322c\LinkLibrary\PSoC5\GCC\libemf16noslfn.a(FS_Misc.o)
                0x000125f8                FS__SB_MarkDirty
 .text.FS__SB_MarkNotDirty
                0x000125fe        0x6 ..\src\emFile_V322c\LinkLibrary\PSoC5\GCC\libemf16noslfn.a(FS_Misc.o)
                0x000125fe                FS__SB_MarkNotDirty
 .text.FS__FreeFileHandle
                0x00012604        0xa ..\src\emFile_V322c\LinkLibrary\PSoC5\GCC\libemf16noslfn.a(FS_Misc.o)
                0x00012604                FS__FreeFileHandle
 .text.FS__FreeFileObj
                0x0001260e        0xc ..\src\emFile_V322c\LinkLibrary\PSoC5\GCC\libemf16noslfn.a(FS_Misc.o)
                0x0001260e                FS__FreeFileObj
 *fill*         0x0001261a        0x2 
 .text.FS_Init  0x0001261c       0x58 ..\src\emFile_V322c\LinkLibrary\PSoC5\GCC\libemf16noslfn.a(FS_Misc.o)
                0x0001261c                FS_Init
 .text.FS__SB_Create
                0x00012674       0x28 ..\src\emFile_V322c\LinkLibrary\PSoC5\GCC\libemf16noslfn.a(FS_Misc.o)
                0x00012674                FS__SB_Create
 .text.FS__FCloseNL
                0x0001269c       0x1e ..\src\emFile_V322c\LinkLibrary\PSoC5\GCC\libemf16noslfn.a(FS_Misc.o)
                0x0001269c                FS__FCloseNL
 .text.FS__FClose
                0x000126ba       0x1a ..\src\emFile_V322c\LinkLibrary\PSoC5\GCC\libemf16noslfn.a(FS_Misc.o)
                0x000126ba                FS__FClose
 .text.FS_FClose
                0x000126d4        0xa ..\src\emFile_V322c\LinkLibrary\PSoC5\GCC\libemf16noslfn.a(FS_Misc.o)
                0x000126d4                FS_FClose
 *fill*         0x000126de        0x2 
 .text.FS__AllocFileObj
                0x000126e0       0x48 ..\src\emFile_V322c\LinkLibrary\PSoC5\GCC\libemf16noslfn.a(FS_Misc.o)
                0x000126e0                FS__AllocFileObj
 .text.FS__AllocFileHandle
                0x00012728       0x40 ..\src\emFile_V322c\LinkLibrary\PSoC5\GCC\libemf16noslfn.a(FS_Misc.o)
                0x00012728                FS__AllocFileHandle
 .text.FS__OpenEx
                0x00012768       0x58 ..\src\emFile_V322c\LinkLibrary\PSoC5\GCC\libemf16noslfn.a(FS_Misc.o)
                0x00012768                FS__OpenEx
 .text.FS__FOpenEx
                0x000127c0       0x56 ..\src\emFile_V322c\LinkLibrary\PSoC5\GCC\libemf16noslfn.a(FS_Misc.o)
                0x000127c0                FS__FOpenEx
 *fill*         0x00012816        0x2 
 .text.FS__FOpen
                0x00012818       0x48 ..\src\emFile_V322c\LinkLibrary\PSoC5\GCC\libemf16noslfn.a(FS_Misc.o)
                0x00012818                FS__FOpen
 .text.FS_FOpen
                0x00012860        0x4 ..\src\emFile_V322c\LinkLibrary\PSoC5\GCC\libemf16noslfn.a(FS_Misc.o)
                0x00012860                FS_FOpen
 .text.FS__Remove
                0x00012864       0x28 ..\src\emFile_V322c\LinkLibrary\PSoC5\GCC\libemf16noslfn.a(FS_Misc.o)
                0x00012864                FS__Remove
 .text.FS_Remove
                0x0001288c        0x4 ..\src\emFile_V322c\LinkLibrary\PSoC5\GCC\libemf16noslfn.a(FS_Misc.o)
                0x0001288c                FS_Remove
 .text.FS__SB_Write
                0x00012890       0x24 ..\src\emFile_V322c\LinkLibrary\PSoC5\GCC\libemf16noslfn.a(FS_Misc.o)
                0x00012890                FS__SB_Write
 .text._SB_Clean
                0x000128b4       0x24 ..\src\emFile_V322c\LinkLibrary\PSoC5\GCC\libemf16noslfn.a(FS_Misc.o)
 .text.FS__SB_SetSector
                0x000128d8       0x20 ..\src\emFile_V322c\LinkLibrary\PSoC5\GCC\libemf16noslfn.a(FS_Misc.o)
                0x000128d8                FS__SB_SetSector
 .text.FS__SB_MarkValid
                0x000128f8       0x10 ..\src\emFile_V322c\LinkLibrary\PSoC5\GCC\libemf16noslfn.a(FS_Misc.o)
                0x000128f8                FS__SB_MarkValid
 .text.FS__SB_Clean
                0x00012908        0x4 ..\src\emFile_V322c\LinkLibrary\PSoC5\GCC\libemf16noslfn.a(FS_Misc.o)
                0x00012908                FS__SB_Clean
 .text.FS__SB_Delete
                0x0001290c       0x12 ..\src\emFile_V322c\LinkLibrary\PSoC5\GCC\libemf16noslfn.a(FS_Misc.o)
                0x0001290c                FS__SB_Delete
 .text.FS__SB_Flush
                0x0001291e        0x8 ..\src\emFile_V322c\LinkLibrary\PSoC5\GCC\libemf16noslfn.a(FS_Misc.o)
                0x0001291e                FS__SB_Flush
 .text.FS__SB_Read
                0x00012926       0x2a ..\src\emFile_V322c\LinkLibrary\PSoC5\GCC\libemf16noslfn.a(FS_Misc.o)
                0x00012926                FS__SB_Read
 .text.FS__Read
                0x00012950       0x2e ..\src\emFile_V322c\LinkLibrary\PSoC5\GCC\libemf16noslfn.a(FS_Read.o)
                0x00012950                FS__Read
 .text.FS__AddPhysDevice
                0x0001297e       0x10 ..\src\emFile_V322c\LinkLibrary\PSoC5\GCC\libemf16noslfn.a(FS_Storage.o)
                0x0001297e                FS__AddPhysDevice
 *fill*         0x0001298e        0x2 
 .text.FS__FindVolume
                0x00012990       0x78 ..\src\emFile_V322c\LinkLibrary\PSoC5\GCC\libemf16noslfn.a(FS_Storage.o)
                0x00012990                FS__FindVolume
 .text.FS__AddDevice
                0x00012a08       0x68 ..\src\emFile_V322c\LinkLibrary\PSoC5\GCC\libemf16noslfn.a(FS_Storage.o)
                0x00012a08                FS__AddDevice
 .text.FS_AddDevice
                0x00012a70        0x4 ..\src\emFile_V322c\LinkLibrary\PSoC5\GCC\libemf16noslfn.a(FS_Storage.o)
                0x00012a70                FS_AddDevice
 .text._Mount   0x00012a74       0x2e ..\src\emFile_V322c\LinkLibrary\PSoC5\GCC\libemf16noslfn.a(FS_Volume.o)
 .text.FS__AutoMount
                0x00012aa2       0x14 ..\src\emFile_V322c\LinkLibrary\PSoC5\GCC\libemf16noslfn.a(FS_Volume.o)
                0x00012aa2                FS__AutoMount
 .text.FS__Write
                0x00012ab6       0x3a ..\src\emFile_V322c\LinkLibrary\PSoC5\GCC\libemf16noslfn.a(FS_Write.o)
                0x00012ab6                FS__Write
 .text.FS_Write
                0x00012af0        0x4 ..\src\emFile_V322c\LinkLibrary\PSoC5\GCC\libemf16noslfn.a(FS_Write.o)
                0x00012af0                FS_Write
 .text.FS_FAT_CloseDir
                0x00012af4        0xc ..\src\emFile_V322c\LinkLibrary\PSoC5\GCC\libemf16noslfn.a(FAT_Dir.o)
                0x00012af4                FS_FAT_CloseDir
 .text.FS_FAT_ReadDir
                0x00012b00       0x38 ..\src\emFile_V322c\LinkLibrary\PSoC5\GCC\libemf16noslfn.a(FAT_Dir.o)
                0x00012b00                FS_FAT_ReadDir
 .text.FS_FAT_OpenDir
                0x00012b38       0x72 ..\src\emFile_V322c\LinkLibrary\PSoC5\GCC\libemf16noslfn.a(FAT_Dir.o)
                0x00012b38                FS_FAT_OpenDir
 *fill*         0x00012baa        0x2 
 .text.FS_FAT_CreateDirEx
                0x00012bac      0x110 ..\src\emFile_V322c\LinkLibrary\PSoC5\GCC\libemf16noslfn.a(FAT_Dir.o)
                0x00012bac                FS_FAT_CreateDirEx
 .text.FS_FAT_CreateDir
                0x00012cbc       0x64 ..\src\emFile_V322c\LinkLibrary\PSoC5\GCC\libemf16noslfn.a(FAT_Dir.o)
                0x00012cbc                FS_FAT_CreateDir
 .text._ReadBurst
                0x00012d20       0x24 ..\src\emFile_V322c\LinkLibrary\PSoC5\GCC\libemf16noslfn.a(FAT_Read.o)
 .text.FS_FAT_Read
                0x00012d44      0x194 ..\src\emFile_V322c\LinkLibrary\PSoC5\GCC\libemf16noslfn.a(FAT_Read.o)
                0x00012d44                FS_FAT_Read
 .text._IsBPB   0x00012ed8       0x1e ..\src\emFile_V322c\LinkLibrary\PSoC5\GCC\libemf16noslfn.a(FS_Partition.o)
 .text._HasSignature
                0x00012ef6       0x18 ..\src\emFile_V322c\LinkLibrary\PSoC5\GCC\libemf16noslfn.a(FS_Partition.o)
 .text._GetPartitionStartSector
                0x00012f0e        0xc ..\src\emFile_V322c\LinkLibrary\PSoC5\GCC\libemf16noslfn.a(FS_Partition.o)
 .text.FS__GetMediaStartSecEx
                0x00012f1a       0x6e ..\src\emFile_V322c\LinkLibrary\PSoC5\GCC\libemf16noslfn.a(FS_Partition.o)
                0x00012f1a                FS__GetMediaStartSecEx
 .text.FS__LocatePartition
                0x00012f88       0x44 ..\src\emFile_V322c\LinkLibrary\PSoC5\GCC\libemf16noslfn.a(FS_Partition.o)
                0x00012f88                FS__LocatePartition
 .text.FS_X_AddDevices
                0x00012fcc       0x20 .\CortexM3\ARM_GCC_541\Release\Toast.a(SD_ConfigMMC_SPI.o)
                0x00012fcc                FS_X_AddDevices
 .text.FS_X_GetTimeDate
                0x00012fec       0x58 .\CortexM3\ARM_GCC_541\Release\Toast.a(SD_ConfigMMC_SPI.o)
                0x00012fec                FS_X_GetTimeDate
 .text._CalcDataCRC16Dummy
                0x00013044        0x6 ..\src\emFile_V322c\LinkLibrary\PSoC5\GCC\libemf16noslfn.a(MMC_Drv.o)
 *fill*         0x0001304a        0x2 
 .text._MMC_GetNumUnits
                0x0001304c        0xc ..\src\emFile_V322c\LinkLibrary\PSoC5\GCC\libemf16noslfn.a(MMC_Drv.o)
 .text._MMC_GetDriverName
                0x00013058        0x8 ..\src\emFile_V322c\LinkLibrary\PSoC5\GCC\libemf16noslfn.a(MMC_Drv.o)
 .text._MMC_GetStatus
                0x00013060        0x4 ..\src\emFile_V322c\LinkLibrary\PSoC5\GCC\libemf16noslfn.a(MMC_Drv.o)
 .text._CheckR1
                0x00013064       0x38 ..\src\emFile_V322c\LinkLibrary\PSoC5\GCC\libemf16noslfn.a(MMC_Drv.o)
 .text._WaitToGetReady
                0x0001309c       0x26 ..\src\emFile_V322c\LinkLibrary\PSoC5\GCC\libemf16noslfn.a(MMC_Drv.o)
 .text._SendEmptyCycles
                0x000130c2       0x24 ..\src\emFile_V322c\LinkLibrary\PSoC5\GCC\libemf16noslfn.a(MMC_Drv.o)
 *fill*         0x000130e6        0x2 
 .text._MMC_AddDevice
                0x000130e8       0x2c ..\src\emFile_V322c\LinkLibrary\PSoC5\GCC\libemf16noslfn.a(MMC_Drv.o)
 .text.T.53     0x00013114       0x14 ..\src\emFile_V322c\LinkLibrary\PSoC5\GCC\libemf16noslfn.a(MMC_Drv.o)
 .text._GetFromCSD
                0x00013128       0x34 ..\src\emFile_V322c\LinkLibrary\PSoC5\GCC\libemf16noslfn.a(MMC_Drv.o)
 .text._ExecCmdR1
                0x0001315c       0x98 ..\src\emFile_V322c\LinkLibrary\PSoC5\GCC\libemf16noslfn.a(MMC_Drv.o)
 .text._ReadCSD
                0x000131f4       0x86 ..\src\emFile_V322c\LinkLibrary\PSoC5\GCC\libemf16noslfn.a(MMC_Drv.o)
 *fill*         0x0001327a        0x2 
 .text._MMC_Read
                0x0001327c      0x130 ..\src\emFile_V322c\LinkLibrary\PSoC5\GCC\libemf16noslfn.a(MMC_Drv.o)
 .text._MMC_Write
                0x000133ac      0x13c ..\src\emFile_V322c\LinkLibrary\PSoC5\GCC\libemf16noslfn.a(MMC_Drv.o)
 .text._ApplyCSD
                0x000134e8      0x228 ..\src\emFile_V322c\LinkLibrary\PSoC5\GCC\libemf16noslfn.a(MMC_Drv.o)
 .text._MMC_Init
                0x00013710      0x1c0 ..\src\emFile_V322c\LinkLibrary\PSoC5\GCC\libemf16noslfn.a(MMC_Drv.o)
 .text._MMC_InitMedium
                0x000138d0       0x28 ..\src\emFile_V322c\LinkLibrary\PSoC5\GCC\libemf16noslfn.a(MMC_Drv.o)
 .text._MMC_IoCtl
                0x000138f8       0x60 ..\src\emFile_V322c\LinkLibrary\PSoC5\GCC\libemf16noslfn.a(MMC_Drv.o)
 .text.SD_Init  0x00013958       0x6c .\CortexM3\ARM_GCC_541\Release\Toast.a(SD_MMC_HW_SPI.o)
 .text.SD_ReadWriteSPI
                0x000139c4       0x68 .\CortexM3\ARM_GCC_541\Release\Toast.a(SD_MMC_HW_SPI.o)
 .text.FS_MMC_HW_X_EnableCS
                0x00013a2c       0x28 .\CortexM3\ARM_GCC_541\Release\Toast.a(SD_MMC_HW_SPI.o)
                0x00013a2c                FS_MMC_HW_X_EnableCS
 .text.FS_MMC_HW_X_DisableCS
                0x00013a54       0x28 .\CortexM3\ARM_GCC_541\Release\Toast.a(SD_MMC_HW_SPI.o)
                0x00013a54                FS_MMC_HW_X_DisableCS
 .text.FS_MMC_HW_X_IsWriteProtected
                0x00013a7c       0x28 .\CortexM3\ARM_GCC_541\Release\Toast.a(SD_MMC_HW_SPI.o)
                0x00013a7c                FS_MMC_HW_X_IsWriteProtected
 .text.FS_MMC_HW_X_SetMaxSpeed
                0x00013aa4       0x88 .\CortexM3\ARM_GCC_541\Release\Toast.a(SD_MMC_HW_SPI.o)
                0x00013aa4                FS_MMC_HW_X_SetMaxSpeed
 .text.FS_MMC_HW_X_SetVoltage
                0x00013b2c       0x68 .\CortexM3\ARM_GCC_541\Release\Toast.a(SD_MMC_HW_SPI.o)
                0x00013b2c                FS_MMC_HW_X_SetVoltage
 .text.FS_MMC_HW_X_IsPresent
                0x00013b94       0x30 .\CortexM3\ARM_GCC_541\Release\Toast.a(SD_MMC_HW_SPI.o)
                0x00013b94                FS_MMC_HW_X_IsPresent
 .text.FS_MMC_HW_X_Read
                0x00013bc4       0x38 .\CortexM3\ARM_GCC_541\Release\Toast.a(SD_MMC_HW_SPI.o)
                0x00013bc4                FS_MMC_HW_X_Read
 .text.FS_MMC_HW_X_Write
                0x00013bfc       0x34 .\CortexM3\ARM_GCC_541\Release\Toast.a(SD_MMC_HW_SPI.o)
                0x00013bfc                FS_MMC_HW_X_Write
 .text.SD_SPI0_Init
                0x00013c30       0x34 .\CortexM3\ARM_GCC_541\Release\Toast.a(SD_SPI0.o)
                0x00013c30                SD_SPI0_Init
 .text.SD_SPI0_Enable
                0x00013c64       0x64 .\CortexM3\ARM_GCC_541\Release\Toast.a(SD_SPI0.o)
                0x00013c64                SD_SPI0_Enable
 .text.SD_SPI0_Start
                0x00013cc8       0x24 .\CortexM3\ARM_GCC_541\Release\Toast.a(SD_SPI0.o)
                0x00013cc8                SD_SPI0_Start
 .text.SD_SPI0_EnableTxInt
                0x00013cec        0xc .\CortexM3\ARM_GCC_541\Release\Toast.a(SD_SPI0.o)
                0x00013cec                SD_SPI0_EnableTxInt
 .text.SD_SPI0_EnableRxInt
                0x00013cf8        0xc .\CortexM3\ARM_GCC_541\Release\Toast.a(SD_SPI0.o)
                0x00013cf8                SD_SPI0_EnableRxInt
 .text.SD_SPI0_ReadTxStatus
                0x00013d04       0x1c .\CortexM3\ARM_GCC_541\Release\Toast.a(SD_SPI0.o)
                0x00013d04                SD_SPI0_ReadTxStatus
 .text.SD_SPI0_ReadRxStatus
                0x00013d20       0x1c .\CortexM3\ARM_GCC_541\Release\Toast.a(SD_SPI0.o)
                0x00013d20                SD_SPI0_ReadRxStatus
 .text.SD_SPI0_WriteTxData
                0x00013d3c       0x34 .\CortexM3\ARM_GCC_541\Release\Toast.a(SD_SPI0.o)
                0x00013d3c                SD_SPI0_WriteTxData
 .text.SD_SPI0_ReadRxData
                0x00013d70       0x1c .\CortexM3\ARM_GCC_541\Release\Toast.a(SD_SPI0.o)
                0x00013d70                SD_SPI0_ReadRxData
 .text.SD_SPI0_ClearFIFO
                0x00013d8c       0x60 .\CortexM3\ARM_GCC_541\Release\Toast.a(SD_SPI0.o)
                0x00013d8c                SD_SPI0_ClearFIFO
 .text.SD_Clock_1_Start
                0x00013dec       0x34 .\CortexM3\ARM_GCC_541\Release\Toast.a(SD_Clock_1.o)
                0x00013dec                SD_Clock_1_Start
 .text.SD_Clock_1_Stop
                0x00013e20       0x34 .\CortexM3\ARM_GCC_541\Release\Toast.a(SD_Clock_1.o)
                0x00013e20                SD_Clock_1_Stop
 .text.SD_Clock_1_SetDividerRegister
                0x00013e54      0x164 .\CortexM3\ARM_GCC_541\Release\Toast.a(SD_Clock_1.o)
                0x00013e54                SD_Clock_1_SetDividerRegister
 .text.SD_Clock_1_GetDividerRegister
                0x00013fb8       0x18 .\CortexM3\ARM_GCC_541\Release\Toast.a(SD_Clock_1.o)
                0x00013fb8                SD_Clock_1_GetDividerRegister
 .text.SD_Clock_1_GetSourceRegister
                0x00013fd0       0x1c .\CortexM3\ARM_GCC_541\Release\Toast.a(SD_Clock_1.o)
                0x00013fd0                SD_Clock_1_GetSourceRegister
 .text.SD_SPI0_CS_Write
                0x00013fec       0x3c .\CortexM3\ARM_GCC_541\Release\Toast.a(SD_SPI0_CS.o)
                0x00013fec                SD_SPI0_CS_Write
 .text          0x00014028      0x370 c:/program files (x86)/cypress/psoc creator/4.4/psoc creator/import/gnu/arm/5.4.1/bin/../lib/gcc/arm-none-eabi/5.4.1/armv7-m\libgcc.a(_arm_addsubdf3.o)
                0x00014028                __aeabi_drsub
                0x00014030                __aeabi_dsub
                0x00014030                __subdf3
                0x00014034                __aeabi_dadd
                0x00014034                __adddf3
                0x000142ac                __floatunsidf
                0x000142ac                __aeabi_ui2d
                0x000142cc                __floatsidf
                0x000142cc                __aeabi_i2d
                0x000142f0                __aeabi_f2d
                0x000142f0                __extendsfdf2
                0x0001432c                __floatundidf
                0x0001432c                __aeabi_ul2d
                0x0001433c                __floatdidf
                0x0001433c                __aeabi_l2d
 .text          0x00014398      0x424 c:/program files (x86)/cypress/psoc creator/4.4/psoc creator/import/gnu/arm/5.4.1/bin/../lib/gcc/arm-none-eabi/5.4.1/armv7-m\libgcc.a(_arm_muldivdf3.o)
                0x00014398                __aeabi_dmul
                0x00014398                __muldf3
                0x000145ec                __divdf3
                0x000145ec                __aeabi_ddiv
 .text          0x000147bc      0x110 c:/program files (x86)/cypress/psoc creator/4.4/psoc creator/import/gnu/arm/5.4.1/bin/../lib/gcc/arm-none-eabi/5.4.1/armv7-m\libgcc.a(_arm_cmpdf2.o)
                0x000147bc                __gtdf2
                0x000147bc                __gedf2
                0x000147c4                __ltdf2
                0x000147c4                __ledf2
                0x000147cc                __nedf2
                0x000147cc                __eqdf2
                0x000147cc                __cmpdf2
                0x00014848                __aeabi_cdrcmple
                0x00014858                __aeabi_cdcmpeq
                0x00014858                __aeabi_cdcmple
                0x00014868                __aeabi_dcmpeq
                0x0001487c                __aeabi_dcmplt
                0x00014890                __aeabi_dcmple
                0x000148a4                __aeabi_dcmpge
                0x000148b8                __aeabi_dcmpgt
 .text          0x000148cc       0x2c c:/program files (x86)/cypress/psoc creator/4.4/psoc creator/import/gnu/arm/5.4.1/bin/../lib/gcc/arm-none-eabi/5.4.1/armv7-m\libgcc.a(_arm_unorddf2.o)
                0x000148cc                __unorddf2
                0x000148cc                __aeabi_dcmpun
 .text          0x000148f8       0x50 c:/program files (x86)/cypress/psoc creator/4.4/psoc creator/import/gnu/arm/5.4.1/bin/../lib/gcc/arm-none-eabi/5.4.1/armv7-m\libgcc.a(_arm_fixdfsi.o)
                0x000148f8                __aeabi_d2iz
                0x000148f8                __fixdfsi
 .text          0x00014948      0x21c c:/program files (x86)/cypress/psoc creator/4.4/psoc creator/import/gnu/arm/5.4.1/bin/../lib/gcc/arm-none-eabi/5.4.1/armv7-m\libgcc.a(_arm_addsubsf3.o)
                0x00014948                __aeabi_frsub
                0x00014950                __subsf3
                0x00014950                __aeabi_fsub
                0x00014954                __aeabi_fadd
                0x00014954                __addsf3
                0x00014ab4                __aeabi_ui2f
                0x00014ab4                __floatunsisf
                0x00014abc                __aeabi_i2f
                0x00014abc                __floatsisf
                0x00014ad8                __aeabi_ul2f
                0x00014ad8                __floatundisf
                0x00014ae8                __aeabi_l2f
                0x00014ae8                __floatdisf
 .text          0x00014b64      0x2a0 c:/program files (x86)/cypress/psoc creator/4.4/psoc creator/import/gnu/arm/5.4.1/bin/../lib/gcc/arm-none-eabi/5.4.1/armv7-m\libgcc.a(_arm_muldivsf3.o)
                0x00014b64                __mulsf3
                0x00014b64                __aeabi_fmul
                0x00014ccc                __aeabi_fdiv
                0x00014ccc                __divsf3
 .text          0x00014e04       0x4c c:/program files (x86)/cypress/psoc creator/4.4/psoc creator/import/gnu/arm/5.4.1/bin/../lib/gcc/arm-none-eabi/5.4.1/armv7-m\libgcc.a(_arm_fixsfsi.o)
                0x00014e04                __aeabi_f2iz
                0x00014e04                __fixsfsi
 .text.__errno  0x00014e50        0xc c:/program files (x86)/cypress/psoc creator/4.4/psoc creator/import/gnu/arm/5.4.1/bin/../lib/gcc/arm-none-eabi/5.4.1/../../../../arm-none-eabi/lib/armv7-m\libg_nano.a(lib_a-errno.o)
                0x00014e50                __errno
 .text.__libc_init_array
                0x00014e5c       0x4c c:/program files (x86)/cypress/psoc creator/4.4/psoc creator/import/gnu/arm/5.4.1/bin/../lib/gcc/arm-none-eabi/5.4.1/../../../../arm-none-eabi/lib/armv7-m\libg_nano.a(lib_a-init.o)
                0x00014e5c                __libc_init_array
 .text.memcpy   0x00014ea8       0x16 c:/program files (x86)/cypress/psoc creator/4.4/psoc creator/import/gnu/arm/5.4.1/bin/../lib/gcc/arm-none-eabi/5.4.1/../../../../arm-none-eabi/lib/armv7-m\libg_nano.a(lib_a-memcpy-stub.o)
                0x00014ea8                memcpy
 .text.memset   0x00014ebe       0x10 c:/program files (x86)/cypress/psoc creator/4.4/psoc creator/import/gnu/arm/5.4.1/bin/../lib/gcc/arm-none-eabi/5.4.1/../../../../arm-none-eabi/lib/armv7-m\libg_nano.a(lib_a-memset.o)
                0x00014ebe                memset
 .text.__sfputc_r
                0x00014ece       0x2c c:/program files (x86)/cypress/psoc creator/4.4/psoc creator/import/gnu/arm/5.4.1/bin/../lib/gcc/arm-none-eabi/5.4.1/../../../../arm-none-eabi/lib/armv7-m\libg_nano.a(lib_a-nano-vfprintf.o)
 .text.__sfputs_r
                0x00014efa       0x24 c:/program files (x86)/cypress/psoc creator/4.4/psoc creator/import/gnu/arm/5.4.1/bin/../lib/gcc/arm-none-eabi/5.4.1/../../../../arm-none-eabi/lib/armv7-m\libg_nano.a(lib_a-nano-vfprintf.o)
                0x00014efa                __sfputs_r
 *fill*         0x00014f1e        0x2 
 .text._vfprintf_r
                0x00014f20      0x238 c:/program files (x86)/cypress/psoc creator/4.4/psoc creator/import/gnu/arm/5.4.1/bin/../lib/gcc/arm-none-eabi/5.4.1/../../../../arm-none-eabi/lib/armv7-m\libg_nano.a(lib_a-nano-vfprintf.o)
                0x00014f20                _vfprintf_r
                0x00014f20                _vfiprintf_r
 .text.vfprintf
                0x00015158       0x14 c:/program files (x86)/cypress/psoc creator/4.4/psoc creator/import/gnu/arm/5.4.1/bin/../lib/gcc/arm-none-eabi/5.4.1/../../../../arm-none-eabi/lib/armv7-m\libg_nano.a(lib_a-nano-vfprintf.o)
                0x00015158                vfprintf
                0x00015158                vfiprintf
 .text.__cvt    0x0001516c       0xc0 c:/program files (x86)/cypress/psoc creator/4.4/psoc creator/import/gnu/arm/5.4.1/bin/../lib/gcc/arm-none-eabi/5.4.1/../../../../arm-none-eabi/lib/armv7-m\libg_nano.a(lib_a-nano-vfprintf_float.o)
                0x0001516c                __cvt
 .text.__exponent
                0x0001522c       0x62 c:/program files (x86)/cypress/psoc creator/4.4/psoc creator/import/gnu/arm/5.4.1/bin/../lib/gcc/arm-none-eabi/5.4.1/../../../../arm-none-eabi/lib/armv7-m\libg_nano.a(lib_a-nano-vfprintf_float.o)
                0x0001522c                __exponent
 *fill*         0x0001528e        0x2 
 .text._printf_float
                0x00015290      0x488 c:/program files (x86)/cypress/psoc creator/4.4/psoc creator/import/gnu/arm/5.4.1/bin/../lib/gcc/arm-none-eabi/5.4.1/../../../../arm-none-eabi/lib/armv7-m\libg_nano.a(lib_a-nano-vfprintf_float.o)
                0x00015290                _printf_float
 .text._printf_common
                0x00015718       0xec c:/program files (x86)/cypress/psoc creator/4.4/psoc creator/import/gnu/arm/5.4.1/bin/../lib/gcc/arm-none-eabi/5.4.1/../../../../arm-none-eabi/lib/armv7-m\libg_nano.a(lib_a-nano-vfprintf_i.o)
                0x00015718                _printf_common
 .text._printf_i
                0x00015804      0x24c c:/program files (x86)/cypress/psoc creator/4.4/psoc creator/import/gnu/arm/5.4.1/bin/../lib/gcc/arm-none-eabi/5.4.1/../../../../arm-none-eabi/lib/armv7-m\libg_nano.a(lib_a-nano-vfprintf_i.o)
                0x00015804                _printf_i
 .text.sprintf  0x00015a50       0x48 c:/program files (x86)/cypress/psoc creator/4.4/psoc creator/import/gnu/arm/5.4.1/bin/../lib/gcc/arm-none-eabi/5.4.1/../../../../arm-none-eabi/lib/armv7-m\libg_nano.a(lib_a-sprintf.o)
                0x00015a50                siprintf
                0x00015a50                sprintf
 .text.strcat   0x00015a98       0x1e c:/program files (x86)/cypress/psoc creator/4.4/psoc creator/import/gnu/arm/5.4.1/bin/../lib/gcc/arm-none-eabi/5.4.1/../../../../arm-none-eabi/lib/armv7-m\libg_nano.a(lib_a-strcat.o)
                0x00015a98                strcat
 .text          0x00015ab6       0x14 c:/program files (x86)/cypress/psoc creator/4.4/psoc creator/import/gnu/arm/5.4.1/bin/../lib/gcc/arm-none-eabi/5.4.1/../../../../arm-none-eabi/lib/armv7-m\libg_nano.a(lib_a-strcmp.o)
                0x00015ab6                strcmp
 .text.strcpy   0x00015aca       0x10 c:/program files (x86)/cypress/psoc creator/4.4/psoc creator/import/gnu/arm/5.4.1/bin/../lib/gcc/arm-none-eabi/5.4.1/../../../../arm-none-eabi/lib/armv7-m\libg_nano.a(lib_a-strcpy.o)
                0x00015aca                strcpy
 .text          0x00015ada       0x10 c:/program files (x86)/cypress/psoc creator/4.4/psoc creator/import/gnu/arm/5.4.1/bin/../lib/gcc/arm-none-eabi/5.4.1/../../../../arm-none-eabi/lib/armv7-m\libg_nano.a(lib_a-strlen.o)
                0x00015ada                strlen
 *fill*         0x00015aea        0x2 
 .text.__swbuf_r
                0x00015aec       0xa8 c:/program files (x86)/cypress/psoc creator/4.4/psoc creator/import/gnu/arm/5.4.1/bin/../lib/gcc/arm-none-eabi/5.4.1/../../../../arm-none-eabi/lib/armv7-m\libg_nano.a(lib_a-wbuf.o)
                0x00015aec                __swbuf_r
 .text.__swsetup_r
                0x00015b94       0xdc c:/program files (x86)/cypress/psoc creator/4.4/psoc creator/import/gnu/arm/5.4.1/bin/../lib/gcc/arm-none-eabi/5.4.1/../../../../arm-none-eabi/lib/armv7-m\libg_nano.a(lib_a-wsetup.o)
                0x00015b94                __swsetup_r
 .text.quorem   0x00015c70      0x116 c:/program files (x86)/cypress/psoc creator/4.4/psoc creator/import/gnu/arm/5.4.1/bin/../lib/gcc/arm-none-eabi/5.4.1/../../../../arm-none-eabi/lib/armv7-m\libg_nano.a(lib_a-dtoa.o)
 *fill*         0x00015d86        0x2 
 .text._dtoa_r  0x00015d88      0xb30 c:/program files (x86)/cypress/psoc creator/4.4/psoc creator/import/gnu/arm/5.4.1/bin/../lib/gcc/arm-none-eabi/5.4.1/../../../../arm-none-eabi/lib/armv7-m\libg_nano.a(lib_a-dtoa.o)
                0x00015d88                _dtoa_r
 .text.__sflush_r
                0x000168b8      0x10c c:/program files (x86)/cypress/psoc creator/4.4/psoc creator/import/gnu/arm/5.4.1/bin/../lib/gcc/arm-none-eabi/5.4.1/../../../../arm-none-eabi/lib/armv7-m\libg_nano.a(lib_a-fflush.o)
                0x000168b8                __sflush_r
 .text._fflush_r
                0x000169c4       0x54 c:/program files (x86)/cypress/psoc creator/4.4/psoc creator/import/gnu/arm/5.4.1/bin/../lib/gcc/arm-none-eabi/5.4.1/../../../../arm-none-eabi/lib/armv7-m\libg_nano.a(lib_a-fflush.o)
                0x000169c4                _fflush_r
 .text._cleanup_r
                0x00016a18        0xc c:/program files (x86)/cypress/psoc creator/4.4/psoc creator/import/gnu/arm/5.4.1/bin/../lib/gcc/arm-none-eabi/5.4.1/../../../../arm-none-eabi/lib/armv7-m\libg_nano.a(lib_a-findfp.o)
                0x00016a18                _cleanup_r
 .text.std.isra.0
                0x00016a24       0x48 c:/program files (x86)/cypress/psoc creator/4.4/psoc creator/import/gnu/arm/5.4.1/bin/../lib/gcc/arm-none-eabi/5.4.1/../../../../arm-none-eabi/lib/armv7-m\libg_nano.a(lib_a-findfp.o)
 .text.__sfmoreglue
                0x00016a6c       0x2c c:/program files (x86)/cypress/psoc creator/4.4/psoc creator/import/gnu/arm/5.4.1/bin/../lib/gcc/arm-none-eabi/5.4.1/../../../../arm-none-eabi/lib/armv7-m\libg_nano.a(lib_a-findfp.o)
                0x00016a6c                __sfmoreglue
 .text.__sinit  0x00016a98       0x60 c:/program files (x86)/cypress/psoc creator/4.4/psoc creator/import/gnu/arm/5.4.1/bin/../lib/gcc/arm-none-eabi/5.4.1/../../../../arm-none-eabi/lib/armv7-m\libg_nano.a(lib_a-findfp.o)
                0x00016a98                __sinit
 .text.__sfp    0x00016af8       0x78 c:/program files (x86)/cypress/psoc creator/4.4/psoc creator/import/gnu/arm/5.4.1/bin/../lib/gcc/arm-none-eabi/5.4.1/../../../../arm-none-eabi/lib/armv7-m\libg_nano.a(lib_a-findfp.o)
                0x00016af8                __sfp
 .text._fwalk_reent
                0x00016b70       0x3c c:/program files (x86)/cypress/psoc creator/4.4/psoc creator/import/gnu/arm/5.4.1/bin/../lib/gcc/arm-none-eabi/5.4.1/../../../../arm-none-eabi/lib/armv7-m\libg_nano.a(lib_a-fwalk.o)
                0x00016b70                _fwalk_reent
 .text._localeconv_r
                0x00016bac        0x8 c:/program files (x86)/cypress/psoc creator/4.4/psoc creator/import/gnu/arm/5.4.1/bin/../lib/gcc/arm-none-eabi/5.4.1/../../../../arm-none-eabi/lib/armv7-m\libg_nano.a(lib_a-locale.o)
                0x00016bac                _localeconv_r
 .text.__swhatbuf_r
                0x00016bb4       0x46 c:/program files (x86)/cypress/psoc creator/4.4/psoc creator/import/gnu/arm/5.4.1/bin/../lib/gcc/arm-none-eabi/5.4.1/../../../../arm-none-eabi/lib/armv7-m\libg_nano.a(lib_a-makebuf.o)
                0x00016bb4                __swhatbuf_r
 *fill*         0x00016bfa        0x2 
 .text.__smakebuf_r