Archive member included to satisfy reference by file (symbol)

.\CortexM3\ARM_GCC_541\Release\Generic.a(Chip_Select_IMU.o)
                              .\CortexM3\ARM_GCC_541\Release\IMU_functions.o (Chip_Select_IMU_Write)
.\CortexM3\ARM_GCC_541\Release\Generic.a(MOTOR_DIR_1.o)
                              .\CortexM3\ARM_GCC_541\Release\main.o (MOTOR_DIR_1_Write)
.\CortexM3\ARM_GCC_541\Release\Generic.a(EEPROM.o)
                              .\CortexM3\ARM_GCC_541\Release\main.o (EEPROM_Start)
.\CortexM3\ARM_GCC_541\Release\Generic.a(FTDI_ENABLE.o)
                              .\CortexM3\ARM_GCC_541\Release\command_processing.o (FTDI_ENABLE_Write)
.\CortexM3\ARM_GCC_541\Release\Generic.a(RS485_CTS.o)
                              .\CortexM3\ARM_GCC_541\Release\command_processing.o (RS485_CTS_Write)
.\CortexM3\ARM_GCC_541\Release\Generic.a(CLOCK_PWM.o)
                              .\CortexM3\ARM_GCC_541\Release\main.o (CLOCK_PWM_SetDividerRegister)
.\CortexM3\ARM_GCC_541\Release\Generic.a(PWM_MOTORS.o)
                              .\CortexM3\ARM_GCC_541\Release\main.o (PWM_MOTORS_Start)
.\CortexM3\ARM_GCC_541\Release\Generic.a(PACER_TIMER.o)
                              .\CortexM3\ARM_GCC_541\Release\main.o (PACER_TIMER_Start)
.\CortexM3\ARM_GCC_541\Release\Generic.a(RESET_FF.o)
                              .\CortexM3\ARM_GCC_541\Release\main.o (RESET_FF_Write)
.\CortexM3\ARM_GCC_541\Release\Generic.a(FF_STATUS.o)
                              .\CortexM3\ARM_GCC_541\Release\main.o (FF_STATUS_Read)
.\CortexM3\ARM_GCC_541\Release\Generic.a(MY_TIMER.o)
                              .\CortexM3\ARM_GCC_541\Release\main.o (MY_TIMER_Start)
.\CortexM3\ARM_GCC_541\Release\Generic.a(UART_RS485.o)
                              .\CortexM3\ARM_GCC_541\Release\main.o (UART_RS485_Start)
.\CortexM3\ARM_GCC_541\Release\Generic.a(UART_RS485_INT.o)
                              .\CortexM3\ARM_GCC_541\Release\Generic.a(UART_RS485.o) (UART_RS485_RXISR)
.\CortexM3\ARM_GCC_541\Release\Generic.a(ISR_RS485_RX.o)
                              .\CortexM3\ARM_GCC_541\Release\command_processing.o (ISR_RS485_RX_Disable)
.\CortexM3\ARM_GCC_541\Release\Generic.a(CLOCK_UART.o)
                              .\CortexM3\ARM_GCC_541\Release\command_processing.o (CLOCK_UART_SetDividerRegister)
.\CortexM3\ARM_GCC_541\Release\Generic.a(CYCLES_TIMER.o)
                              .\CortexM3\ARM_GCC_541\Release\main.o (CYCLES_TIMER_Start)
.\CortexM3\ARM_GCC_541\Release\Generic.a(ISR_CYCLES.o)
                              .\CortexM3\ARM_GCC_541\Release\main.o (ISR_CYCLES_StartEx)
.\CortexM3\ARM_GCC_541\Release\Generic.a(Bootloadable.o)
                              .\CortexM3\ARM_GCC_541\Release\command_processing.o (Bootloadable_Load)
.\CortexM3\ARM_GCC_541\Release\Generic.a(CS_RTC.o)
                              .\CortexM3\ARM_GCC_541\Release\SD_RTC_functions.o (CS_RTC_Write)
.\CortexM3\ARM_GCC_541\Release\Generic.a(CLK_RTC.o)
                              .\CortexM3\ARM_GCC_541\Release\SD_RTC_functions.o (CLK_RTC_Write)
.\CortexM3\ARM_GCC_541\Release\Generic.a(MOSI_RTC.o)
                              .\CortexM3\ARM_GCC_541\Release\SD_RTC_functions.o (MOSI_RTC_Write)
.\CortexM3\ARM_GCC_541\Release\Generic.a(MISO_RTC.o)
                              .\CortexM3\ARM_GCC_541\Release\SD_RTC_functions.o (MISO_RTC_Read)
.\CortexM3\ARM_GCC_541\Release\Generic.a(SPI_IMU.o)
                              .\CortexM3\ARM_GCC_541\Release\main.o (SPI_IMU_Init)
.\CortexM3\ARM_GCC_541\Release\Generic.a(MOTOR_DIR_2.o)
                              .\CortexM3\ARM_GCC_541\Release\main.o (MOTOR_DIR_2_Write)
.\CortexM3\ARM_GCC_541\Release\Generic.a(BLINK_05HZ.o)
                              .\CortexM3\ARM_GCC_541\Release\main.o (BLINK_05HZ_Start)
.\CortexM3\ARM_GCC_541\Release\Generic.a(LED_CTRL.o)
                              .\CortexM3\ARM_GCC_541\Release\utils.o (LED_CTRL_Write)
.\CortexM3\ARM_GCC_541\Release\Generic.a(BLINK_CTRL_EN.o)
                              .\CortexM3\ARM_GCC_541\Release\utils.o (BLINK_CTRL_EN_Write)
.\CortexM3\ARM_GCC_541\Release\Generic.a(BLINK_25HZ.o)
                              .\CortexM3\ARM_GCC_541\Release\main.o (BLINK_25HZ_Start)
.\CortexM3\ARM_GCC_541\Release\Generic.a(ADC_N_CHANNELS_USED.o)
                              .\CortexM3\ARM_GCC_541\Release\utils.o (ADC_N_CHANNELS_USED_Write)
.\CortexM3\ARM_GCC_541\Release\Generic.a(MOTOR_ON_OFF_1.o)
                              .\CortexM3\ARM_GCC_541\Release\utils.o (MOTOR_ON_OFF_1_Write)
.\CortexM3\ARM_GCC_541\Release\Generic.a(ADC.o)
                              .\CortexM3\ARM_GCC_541\Release\main.o (ADC_Start)
.\CortexM3\ARM_GCC_541\Release\Generic.a(ADC_INT.o)
                              .\CortexM3\ARM_GCC_541\Release\Generic.a(ADC.o) (ADC_ISR1)
.\CortexM3\ARM_GCC_541\Release\Generic.a(COUNTER_ENC.o)
                              .\CortexM3\ARM_GCC_541\Release\main.o (COUNTER_ENC_Start)
.\CortexM3\ARM_GCC_541\Release\Generic.a(SHIFTREG_ENC_3.o)
[...]
Memory Configuration

Name             Origin             Length             Attributes
rom              0x00000000         0x00040000         xr
ram              0x1fff8000         0x00010000         xrw
*default*        0x00000000         0xffffffff

Linker script and memory map

LOAD c:/program files (x86)/cypress/psoc creator/4.4/psoc creator/import/gnu/arm/5.4.1/bin/../lib/gcc/arm-none-eabi/5.4.1/armv7-m/crti.o
LOAD c:/program files (x86)/cypress/psoc creator/4.4/psoc creator/import/gnu/arm/5.4.1/bin/../lib/gcc/arm-none-eabi/5.4.1/armv7-m/crtbegin.o
LOAD c:/program files (x86)/cypress/psoc creator/4.4/psoc creator/import/gnu/arm/5.4.1/bin/../lib/gcc/arm-none-eabi/5.4.1/../../../../arm-none-eabi/lib/armv7-m/crt0.o
START GROUP
LOAD .\CortexM3\ARM_GCC_541\Release\command_processing.o
LOAD .\CortexM3\ARM_GCC_541\Release\Encoder_functions.o
LOAD .\CortexM3\ARM_GCC_541\Release\globals.o
LOAD .\CortexM3\ARM_GCC_541\Release\IMU_functions.o
LOAD .\CortexM3\ARM_GCC_541\Release\interruptions.o
LOAD .\CortexM3\ARM_GCC_541\Release\main.o
LOAD .\CortexM3\ARM_GCC_541\Release\SD_RTC_functions.o
LOAD .\CortexM3\ARM_GCC_541\Release\utils.o
LOAD .\CortexM3\ARM_GCC_541\Release\cyfitter_cfg.o
LOAD .\CortexM3\ARM_GCC_541\Release\cybootloader.o
LOAD .\CortexM3\ARM_GCC_541\Release\cymetadata.o
LOAD .\CortexM3\ARM_GCC_541\Release\Cm3Start.o
LOAD .\CortexM3\ARM_GCC_541\Release\Generic.a
LOAD C:\Program Files (x86)\Cypress\PSoC Creator\4.4\PSoC Creator\psoc\content\cycomponentlibrary\CyComponentLibrary.cylib\CortexM3\ARM_GCC_541\Release\CyComponentLibrary.a
LOAD ..\src\emFile_V322c\LinkLibrary\PSoC5\GCC\libemf16noslfn.a
LOAD c:/program files (x86)/cypress/psoc creator/4.4/psoc creator/import/gnu/arm/5.4.1/bin/../lib/gcc/arm-none-eabi/5.4.1/../../../../arm-none-eabi/lib/armv7-m\libm.a
END GROUP
START GROUP
LOAD c:/program files (x86)/cypress/psoc creator/4.4/psoc creator/import/gnu/arm/5.4.1/bin/../lib/gcc/arm-none-eabi/5.4.1/armv7-m\libgcc.a
LOAD c:/program files (x86)/cypress/psoc creator/4.4/psoc creator/import/gnu/arm/5.4.1/bin/../lib/gcc/arm-none-eabi/5.4.1/../../../../arm-none-eabi/lib/armv7-m\libg_nano.a
LOAD c:/program files (x86)/cypress/psoc creator/4.4/psoc creator/import/gnu/arm/5.4.1/bin/../lib/gcc/arm-none-eabi/5.4.1/../../../../arm-none-eabi/lib/armv7-m\libc_nano.a
END GROUP
START GROUP
LOAD c:/program files (x86)/cypress/psoc creator/4.4/psoc creator/import/gnu/arm/5.4.1/bin/../lib/gcc/arm-none-eabi/5.4.1/armv7-m\libgcc.a
LOAD c:/program files (x86)/cypress/psoc creator/4.4/psoc creator/import/gnu/arm/5.4.1/bin/../lib/gcc/arm-none-eabi/5.4.1/../../../../arm-none-eabi/lib/armv7-m\libc_nano.a
END GROUP
LOAD c:/program files (x86)/cypress/psoc creator/4.4/psoc creator/import/gnu/arm/5.4.1/bin/../lib/gcc/arm-none-eabi/5.4.1/armv7-m/crtend.o
LOAD c:/program files (x86)/cypress/psoc creator/4.4/psoc creator/import/gnu/arm/5.4.1/bin/../lib/gcc/arm-none-eabi/5.4.1/armv7-m/crtn.o
START GROUP
LOAD c:/program files (x86)/cypress/psoc creator/4.4/psoc creator/import/gnu/arm/5.4.1/bin/../lib/gcc/arm-none-eabi/5.4.1/armv7-m\libgcc.a
LOAD c:/program files (x86)/cypress/psoc creator/4.4/psoc creator/import/gnu/arm/5.4.1/bin/../lib/gcc/arm-none-eabi/5.4.1/../../../../arm-none-eabi/lib/armv7-m\libc.a
LOAD c:/program files (x86)/cypress/psoc creator/4.4/psoc creator/import/gnu/arm/5.4.1/bin/../lib/gcc/arm-none-eabi/5.4.1/../../../../arm-none-eabi/lib/armv7-m\libnosys.a
END GROUP
                0x00000000                CY_APPL_ORIGIN = 0x0
                0x00000100                CY_FLASH_ROW_SIZE = 0x100
                0x00000020                CY_ECC_ROW_SIZE = 0x20
                0x00000000                CY_EE_IN_BTLDR = 0x0
                0x00000001                CY_APPL_LOADABLE = 0x1
                0x00000800                CY_EE_SIZE = 0x800
                0x00000001                CY_APPL_NUM = 0x1
                0x00000001                CY_APPL_MAX = 0x1
                0x00000040                CY_METADATA_SIZE = 0x40
                0x00000001                CY_APPL_LOADABLE = 0x1
                0x00000000                CY_CHECKSUM_EXCLUDE_SIZE = ALIGN (0x0, CY_FLASH_ROW_SIZE)
                [!provide]                PROVIDE (__cy_heap_start, _end)
                0x00000001                PROVIDE (__cy_region_num, ((__cy_regions_end - __cy_regions) / 0x10))
                0x20008000                PROVIDE (__cy_stack, (ORIGIN (ram) + LENGTH (ram)))
                [!provide]                PROVIDE (__cy_heap_end, (__cy_stack - 0x800))

.cybootloader   0x00000000     0x1d00
 *(.cybootloader)
 .cybootloader  0x00000000     0x1d00 .\CortexM3\ARM_GCC_541\Release\cybootloader.o
                0x00000000                cy_bootloader
                0x00001d00                appl1_start = CY_APPL_ORIGIN?CY_APPL_ORIGIN:ALIGN (CY_FLASH_ROW_SIZE)
                0x00020e00                appl2_start = (appl1_start + ALIGN ((((LENGTH (rom) - appl1_start) - (0x2 * CY_FLASH_ROW_SIZE)) / 0x2), CY_FLASH_ROW_SIZE))
                0x00001d00                appl_start = (CY_APPL_NUM == 0x1)?appl1_start:appl2_start
                0x000003a0                ecc_offset = ((appl_start / CY_FLASH_ROW_SIZE) * CY_ECC_ROW_SIZE)
                0x00000000                ee_offset = (CY_APPL_LOADABLE && ! (CY_EE_IN_BTLDR))?((CY_EE_SIZE / CY_APPL_MAX) * (CY_APPL_NUM - 0x1)):0x0
                0x00000800                ee_size = (CY_APPL_LOADABLE && ! (CY_EE_IN_BTLDR))?(CY_EE_SIZE / CY_APPL_MAX):CY_EE_SIZE
                0x000003a0                PROVIDE (CY_ECC_OFFSET, ecc_offset)

.text           0x00001d00    0x1ac40
 CREATE_OBJECT_SYMBOLS
                0x00001d00                PROVIDE (__cy_interrupt_vector, RomVectors)
 *(.romvectors)
 .romvectors    0x00001d00       0x10 .\CortexM3\ARM_GCC_541\Release\Cm3Start.o
                0x00001d00                RomVectors
                0x00000001                ASSERT ((. != __cy_interrupt_vector), No interrupt vector)
                0x00000001                ASSERT (CY_APPL_ORIGIN?(SIZEOF (.cybootloader) <= CY_APPL_ORIGIN):0x1, Wrong image location)
                0x00001d10                PROVIDE (__cy_reset, Reset)
 *(.text.Reset)
 .text.Reset    0x00001d10        0x8 .\CortexM3\ARM_GCC_541\Release\Cm3Start.o
                0x00001d10                Reset
                0x00000001                ASSERT ((. != __cy_reset), No reset code)
 *(.dma_init)
                0x00000001                ASSERT ((((appl_start + .) <= 0x10000) || 0x1), DMA Init must be within the first 64k of flash)
 *(.text .text.* .gnu.linkonce.t.*)
 .text          0x00001d18       0x5c c:/program files (x86)/cypress/psoc creator/4.4/psoc creator/import/gnu/arm/5.4.1/bin/../lib/gcc/arm-none-eabi/5.4.1/armv7-m/crtbegin.o
 .text.commProcess
                0x00001d74      0x57c .\CortexM3\ARM_GCC_541\Release\command_processing.o
                0x00001d74                commProcess
 .text.infoGet  0x000022f0      0x164 .\CortexM3\ARM_GCC_541\Release\command_processing.o
                0x000022f0                infoGet
 .text.get_param_list
                0x00002454     0x32a4 .\CortexM3\ARM_GCC_541\Release\command_processing.o
                0x00002454                get_param_list
 .text.manage_param_list
                0x000056f8     0x193c .\CortexM3\ARM_GCC_541\Release\command_processing.o
                0x000056f8                manage_param_list
 .text.set_custom_param
                0x00007034     0x14dc .\CortexM3\ARM_GCC_541\Release\command_processing.o
                0x00007034                set_custom_param
 .text.get_IMU_param_list
                0x00008510      0xdf4 .\CortexM3\ARM_GCC_541\Release\command_processing.o
                0x00008510                get_IMU_param_list
 .text.setZeros
                0x00009304       0x90 .\CortexM3\ARM_GCC_541\Release\command_processing.o
                0x00009304                setZeros
 .text.prepare_generic_info
                0x00009394     0x22a8 .\CortexM3\ARM_GCC_541\Release\command_processing.o
                0x00009394                prepare_generic_info
 .text.prepare_counter_info
                0x0000b63c      0x490 .\CortexM3\ARM_GCC_541\Release\command_processing.o
                0x0000b63c                prepare_counter_info
 .text.prepare_R01_info
                0x0000bacc      0x25c .\CortexM3\ARM_GCC_541\Release\command_processing.o
                0x0000bacc                prepare_R01_info
 .text.prepare_SD_param_info
                0x0000bd28     0x1280 .\CortexM3\ARM_GCC_541\Release\command_processing.o
                0x0000bd28                prepare_SD_param_info
 .text.prepare_SD_legend
                0x0000cfa8       0xdc .\CortexM3\ARM_GCC_541\Release\command_processing.o
                0x0000cfa8                prepare_SD_legend
 .text.prepare_SD_EMG_History_legend
                0x0000d084       0x28 .\CortexM3\ARM_GCC_541\Release\command_processing.o
                0x0000d084                prepare_SD_EMG_History_legend
 .text.IMU_reading_info
                0x0000d0ac      0x374 .\CortexM3\ARM_GCC_541\Release\command_processing.o
                0x0000d0ac                IMU_reading_info
 .text.commWrite_old_id
                0x0000d420       0x84 .\CortexM3\ARM_GCC_541\Release\command_processing.o
                0x0000d420                commWrite_old_id
 .text.commWrite
                0x0000d4a4       0x88 .\CortexM3\ARM_GCC_541\Release\command_processing.o
                0x0000d4a4                commWrite
 .text.commWriteID
                0x0000d52c       0xa0 .\CortexM3\ARM_GCC_541\Release\command_processing.o
                0x0000d52c                commWriteID
 .text.LCRChecksum
                0x0000d5cc       0x40 .\CortexM3\ARM_GCC_541\Release\command_processing.o
                0x0000d5cc                LCRChecksum
 .text.sendAcknowledgment
                0x0000d60c       0x30 .\CortexM3\ARM_GCC_541\Release\command_processing.o
                0x0000d60c                sendAcknowledgment
 .text.memStore
                0x0000d63c       0x98 .\CortexM3\ARM_GCC_541\Release\command_processing.o
                0x0000d63c                memStore
 .text.memRecall
                0x0000d6d4       0x80 .\CortexM3\ARM_GCC_541\Release\command_processing.o
                0x0000d6d4                memRecall
 .text.memRestore
                0x0000d754       0x5c .\CortexM3\ARM_GCC_541\Release\command_processing.o
                0x0000d754                memRestore
 .text.memInit  0x0000d7b0      0x624 .\CortexM3\ARM_GCC_541\Release\command_processing.o
                0x0000d7b0                memInit
 .text.cmd_get_measurements
                0x0000ddd4      0x128 .\CortexM3\ARM_GCC_541\Release\command_processing.o
                0x0000ddd4                cmd_get_measurements
 .text.cmd_get_velocities
                0x0000defc       0xb8 .\CortexM3\ARM_GCC_541\Release\command_processing.o
                0x0000defc                cmd_get_velocities
 .text.cmd_get_accelerations
                0x0000dfb4       0xb8 .\CortexM3\ARM_GCC_541\Release\command_processing.o
                0x0000dfb4                cmd_get_accelerations
 .text.cmd_get_joystick
                0x0000e06c       0x5c .\CortexM3\ARM_GCC_541\Release\command_processing.o
                0x0000e06c                cmd_get_joystick
 .text.cmd_set_inputs
                0x0000e0c8      0x244 .\CortexM3\ARM_GCC_541\Release\command_processing.o
                0x0000e0c8                cmd_set_inputs
 .text.cmd_activate
                0x0000e30c       0xbc .\CortexM3\ARM_GCC_541\Release\command_processing.o
                0x0000e30c                cmd_activate
 .text.cmd_get_activate
                0x0000e3c8       0x5c .\CortexM3\ARM_GCC_541\Release\command_processing.o
                0x0000e3c8                cmd_get_activate
 .text.cmd_get_curr_and_meas
                0x0000e424      0x138 .\CortexM3\ARM_GCC_541\Release\command_processing.o
                0x0000e424                cmd_get_curr_and_meas
 .text.cmd_get_currents
                0x0000e55c       0x6c .\CortexM3\ARM_GCC_541\Release\command_processing.o
                0x0000e55c                cmd_get_currents
 .text.cmd_get_currents_for_cuff
                0x0000e5c8       0x64 .\CortexM3\ARM_GCC_541\Release\command_processing.o
                0x0000e5c8                cmd_get_currents_for_cuff
 .text.cmd_set_baudrate
                0x0000e62c       0x34 .\CortexM3\ARM_GCC_541\Release\command_processing.o
                0x0000e62c                cmd_set_baudrate
 .text.cmd_ping
                0x0000e660       0x20 .\CortexM3\ARM_GCC_541\Release\command_processing.o
                0x0000e660                cmd_ping
 .text.cmd_get_inputs
                0x0000e680       0xa0 .\CortexM3\ARM_GCC_541\Release\command_processing.o
                0x0000e680                cmd_get_inputs
 .text.cmd_store_params
                0x0000e720      0x1bc .\CortexM3\ARM_GCC_541\Release\command_processing.o
                0x0000e720                cmd_store_params
 .text.cmd_get_emg
                0x0000e8dc       0x60 .\CortexM3\ARM_GCC_541\Release\command_processing.o
                0x0000e8dc                cmd_get_emg
 .text.cmd_get_imu_readings
                0x0000e93c      0x598 .\CortexM3\ARM_GCC_541\Release\command_processing.o
                0x0000e93c                cmd_get_imu_readings
 .text.cmd_get_encoder_map
                0x0000eed4       0x8c .\CortexM3\ARM_GCC_541\Release\command_processing.o
                0x0000eed4                cmd_get_encoder_map
 .text.cmd_get_encoder_raw
                0x0000ef60       0xec .\CortexM3\ARM_GCC_541\Release\command_processing.o
                0x0000ef60                cmd_get_encoder_raw
 .text.cmd_get_ADC_map
                0x0000f04c       0x5c .\CortexM3\ARM_GCC_541\Release\command_processing.o
                0x0000f04c                cmd_get_ADC_map
 .text.cmd_get_ADC_raw
                0x0000f0a8       0xc0 .\CortexM3\ARM_GCC_541\Release\command_processing.o
                0x0000f0a8                cmd_get_ADC_raw
 .text.cmd_get_SD_file
                0x0000f168      0x154 .\CortexM3\ARM_GCC_541\Release\command_processing.o
                0x0000f168                cmd_get_SD_file
 .text.cmd_remove_SD_file
                0x0000f2bc       0xb0 .\CortexM3\ARM_GCC_541\Release\command_processing.o
                0x0000f2bc                cmd_remove_SD_file
 .text.InitEncoderGeneral
                0x0000f36c       0x54 .\CortexM3\ARM_GCC_541\Release\Encoder_functions.o
                0x0000f36c                InitEncoderGeneral
 .text.InitEncoderLine
                0x0000f3c0       0x7c .\CortexM3\ARM_GCC_541\Release\Encoder_functions.o
                0x0000f3c0                InitEncoderLine
 .text.ReadEncoderLine
                0x0000f43c      0x1e8 .\CortexM3\ARM_GCC_541\Release\Encoder_functions.o
                0x0000f43c                ReadEncoderLine
 .text.InitIMU  0x0000f624       0xe8 .\CortexM3\ARM_GCC_541\Release\IMU_functions.o
                0x0000f624                InitIMU
 .text.InitIMUMagCal
                0x0000f70c       0xdc .\CortexM3\ARM_GCC_541\Release\IMU_functions.o
                0x0000f70c                InitIMUMagCal
 .text.ChipSelectorIMU
                0x0000f7e8       0x20 .\CortexM3\ARM_GCC_541\Release\IMU_functions.o
                0x0000f7e8                ChipSelectorIMU
 .text.InitIMUgeneral
                0x0000f808      0x2c0 .\CortexM3\ARM_GCC_541\Release\IMU_functions.o
                0x0000f808                InitIMUgeneral
 .text.ReadIMU  0x0000fac8       0x30 .\CortexM3\ARM_GCC_541\Release\IMU_functions.o
                0x0000fac8                ReadIMU
 .text.ReadAcc  0x0000faf8      0x174 .\CortexM3\ARM_GCC_541\Release\IMU_functions.o
                0x0000faf8                ReadAcc
 .text.ReadMagCal
                0x0000fc6c       0x7c .\CortexM3\ARM_GCC_541\Release\IMU_functions.o
                0x0000fc6c                ReadMagCal
 .text.ReadAllIMUs
                0x0000fce8       0xe8 .\CortexM3\ARM_GCC_541\Release\IMU_functions.o
                0x0000fce8                ReadAllIMUs
 .text.WriteControlRegisterIMU
                0x0000fdd0       0x54 .\CortexM3\ARM_GCC_541\Release\IMU_functions.o
                0x0000fdd0                WriteControlRegisterIMU
 .text.ReadControlRegisterIMU
                0x0000fe24       0x54 .\CortexM3\ARM_GCC_541\Release\IMU_functions.o
                0x0000fe24                ReadControlRegisterIMU
 .text.SPI_delay
                0x0000fe78       0x2c .\CortexM3\ARM_GCC_541\Release\IMU_functions.o
                0x0000fe78                SPI_delay
 .text.ISR_RS485_RX_ExInterrupt
                0x0000fea4       0x18 .\CortexM3\ARM_GCC_541\Release\interruptions.o
                0x0000fea4                ISR_RS485_RX_ExInterrupt
 .text.ISR_CYCLES_Handler
                0x0000febc       0x20 .\CortexM3\ARM_GCC_541\Release\interruptions.o
                0x0000febc                ISR_CYCLES_Handler
 .text.interrupt_manager
                0x0000fedc      0x1f4 .\CortexM3\ARM_GCC_541\Release\interruptions.o
                0x0000fedc                interrupt_manager
 .text.function_scheduler
                0x000100d0       0x78 .\CortexM3\ARM_GCC_541\Release\interruptions.o
                0x000100d0                function_scheduler
 .text.main     0x00010148      0x5d0 .\CortexM3\ARM_GCC_541\Release\main.o
                0x00010148                main
 .text.DS1302_write
                0x00010718       0x48 .\CortexM3\ARM_GCC_541\Release\SD_RTC_functions.o
                0x00010718                DS1302_write
 .text.DS1302_writeByte
                0x00010760       0x1c .\CortexM3\ARM_GCC_541\Release\SD_RTC_functions.o
                0x00010760                DS1302_writeByte
 .text.DS1302_read
                0x0001077c       0x44 .\CortexM3\ARM_GCC_541\Release\SD_RTC_functions.o
                0x0001077c                DS1302_read
 .text.DS1302_readByte
                0x000107c0       0x5c .\CortexM3\ARM_GCC_541\Release\SD_RTC_functions.o
                0x000107c0                DS1302_readByte
 .text.shiftOut_RTC
                0x0001081c       0x4c .\CortexM3\ARM_GCC_541\Release\SD_RTC_functions.o
                0x0001081c                shiftOut_RTC
 .text.store_RTC_current_time
                0x00010868      0x11c .\CortexM3\ARM_GCC_541\Release\SD_RTC_functions.o
                0x00010868                store_RTC_current_time
 .text.set_RTC_time
                0x00010984      0x16c .\CortexM3\ARM_GCC_541\Release\SD_RTC_functions.o
                0x00010984                set_RTC_time
 .text.InitSD_FS
                0x00010af0      0x4f8 .\CortexM3\ARM_GCC_541\Release\SD_RTC_functions.o
                0x00010af0                InitSD_FS
 .text.Read_SD_Closed_File
                0x00010fe8       0x48 .\CortexM3\ARM_GCC_541\Release\SD_RTC_functions.o
                0x00010fe8                Read_SD_Closed_File
 .text.Remove_SD_File
                0x00011030       0x18 .\CortexM3\ARM_GCC_541\Release\SD_RTC_functions.o
                0x00011030                Remove_SD_File
 .text.Read_SD_Current_Data
                0x00011048       0x6c .\CortexM3\ARM_GCC_541\Release\SD_RTC_functions.o
                0x00011048                Read_SD_Current_Data
 .text.Read_SD_EMG_History_Data
                0x000110b4       0x70 .\CortexM3\ARM_GCC_541\Release\SD_RTC_functions.o
                0x000110b4                Read_SD_EMG_History_Data
 .text.Get_DirectoriesList
                0x00011124      0x13c .\CortexM3\ARM_GCC_541\Release\SD_RTC_functions.o
                0x00011124                Get_DirectoriesList
 .text.Get_SD_FS
                0x00011260      0x5dc .\CortexM3\ARM_GCC_541\Release\SD_RTC_functions.o
                0x00011260                Get_SD_FS
 .text.LED_control
                0x0001183c       0x90 .\CortexM3\ARM_GCC_541\Release\utils.o
                0x0001183c                LED_control
 .text.ADC_Set_N_Channels
                0x000118cc       0x44 .\CortexM3\ARM_GCC_541\Release\utils.o
                0x000118cc                ADC_Set_N_Channels
 .text.enable_motor
                0x00011910       0x34 .\CortexM3\ARM_GCC_541\Release\utils.o
                0x00011910                enable_motor
 .text.reset_counters
                0x00011944       0x98 .\CortexM3\ARM_GCC_541\Release\utils.o
                0x00011944                reset_counters
 .text.set_motor_driver_type
                0x000119dc       0xcc .\CortexM3\ARM_GCC_541\Release\utils.o
                0x000119dc                set_motor_driver_type
 .text.CYMEMZERO
                0x00011aa8       0x1c .\CortexM3\ARM_GCC_541\Release\cyfitter_cfg.o
 .text.CYCONFIGCPY
                0x00011ac4       0x20 .\CortexM3\ARM_GCC_541\Release\cyfitter_cfg.o
 .text.CyClockStartupError
                0x00011ae4        0xc .\CortexM3\ARM_GCC_541\Release\cyfitter_cfg.o
 .text.cfg_write_bytes32
                0x00011af0       0x74 .\CortexM3\ARM_GCC_541\Release\cyfitter_cfg.o
 .text.ClockSetup
                0x00011b64      0x1cc .\CortexM3\ARM_GCC_541\Release\cyfitter_cfg.o
 .text.AnalogSetDefault
                0x00011d30       0x80 .\CortexM3\ARM_GCC_541\Release\cyfitter_cfg.o
 .text.ADC_AMux_Set
                0x00011db0       0x40 .\CortexM3\ARM_GCC_541\Release\cyfitter_cfg.o
                0x00011db0                ADC_AMux_Set
 .text.ADC_AMux_Unset
                0x00011df0       0x44 .\CortexM3\ARM_GCC_541\Release\cyfitter_cfg.o
                0x00011df0                ADC_AMux_Unset
 .text.cyfitter_cfg
                0x00011e34      0x1f4 .\CortexM3\ARM_GCC_541\Release\cyfitter_cfg.o
                0x00011e34                cyfitter_cfg
 .text.IntDefaultHandler
                0x00012028       0x14 .\CortexM3\ARM_GCC_541\Release\Cm3Start.o
                0x00012028                IntDefaultHandler
 .text._sbrk    0x0001203c       0x54 .\CortexM3\ARM_GCC_541\Release\Cm3Start.o
                0x0001203c                _sbrk
 .text.Start_c  0x00012090       0x98 .\CortexM3\ARM_GCC_541\Release\Cm3Start.o
                0x00012090                Start_c
 .text.initialize_psoc
                0x00012128       0x94 .\CortexM3\ARM_GCC_541\Release\Cm3Start.o
                0x00012128                initialize_psoc
 .text.Chip_Select_IMU_Write
                0x000121bc       0x20 .\CortexM3\ARM_GCC_541\Release\Generic.a(Chip_Select_IMU.o)
                0x000121bc                Chip_Select_IMU_Write
 .text.MOTOR_DIR_1_Write
                0x000121dc       0x20 .\CortexM3\ARM_GCC_541\Release\Generic.a(MOTOR_DIR_1.o)
                0x000121dc                MOTOR_DIR_1_Write
 .text.EEPROM_Enable
                0x000121fc       0x10 .\CortexM3\ARM_GCC_541\Release\Generic.a(EEPROM.o)
                0x000121fc                EEPROM_Enable
 .text.EEPROM_Start
                0x0001220c        0xc .\CortexM3\ARM_GCC_541\Release\Generic.a(EEPROM.o)
                0x0001220c                EEPROM_Start
 .text.EEPROM_UpdateTemperature
                0x00012218       0x10 .\CortexM3\ARM_GCC_541\Release\Generic.a(EEPROM.o)
                0x00012218                EEPROM_UpdateTemperature
 .text.EEPROM_Write
                0x00012228       0xf0 .\CortexM3\ARM_GCC_541\Release\Generic.a(EEPROM.o)
                0x00012228                EEPROM_Write
 .text.FTDI_ENABLE_Write
                0x00012318       0x3c .\CortexM3\ARM_GCC_541\Release\Generic.a(FTDI_ENABLE.o)
                0x00012318                FTDI_ENABLE_Write
 .text.RS485_CTS_Write
                0x00012354       0x3c .\CortexM3\ARM_GCC_541\Release\Generic.a(RS485_CTS.o)
                0x00012354                RS485_CTS_Write
 .text.CLOCK_PWM_SetDividerRegister
                0x00012390      0x164 .\CortexM3\ARM_GCC_541\Release\Generic.a(CLOCK_PWM.o)
                0x00012390                CLOCK_PWM_SetDividerRegister
 .text.CLOCK_PWM_GetDividerRegister
                0x000124f4       0x18 .\CortexM3\ARM_GCC_541\Release\Generic.a(CLOCK_PWM.o)
                0x000124f4                CLOCK_PWM_GetDividerRegister
 .text.CLOCK_PWM_GetSourceRegister
                0x0001250c       0x1c .\CortexM3\ARM_GCC_541\Release\Generic.a(CLOCK_PWM.o)
                0x0001250c                CLOCK_PWM_GetSourceRegister
 .text.PWM_MOTORS_Start
                0x00012528       0x24 .\CortexM3\ARM_GCC_541\Release\Generic.a(PWM_MOTORS.o)
                0x00012528                PWM_MOTORS_Start
 .text.PWM_MOTORS_Init
                0x0001254c       0x6c .\CortexM3\ARM_GCC_541\Release\Generic.a(PWM_MOTORS.o)
                0x0001254c                PWM_MOTORS_Init
 .text.PWM_MOTORS_Enable
                0x000125b8       0x20 .\CortexM3\ARM_GCC_541\Release\Generic.a(PWM_MOTORS.o)
                0x000125b8                PWM_MOTORS_Enable
 .text.PWM_MOTORS_WriteCounter
                0x000125d8       0x20 .\CortexM3\ARM_GCC_541\Release\Generic.a(PWM_MOTORS.o)
                0x000125d8                PWM_MOTORS_WriteCounter
 .text.PWM_MOTORS_WritePeriod
                0x000125f8       0x20 .\CortexM3\ARM_GCC_541\Release\Generic.a(PWM_MOTORS.o)
                0x000125f8                PWM_MOTORS_WritePeriod
 .text.PWM_MOTORS_WriteCompare1
                0x00012618       0x20 .\CortexM3\ARM_GCC_541\Release\Generic.a(PWM_MOTORS.o)
                0x00012618                PWM_MOTORS_WriteCompare1
 .text.PWM_MOTORS_WriteCompare2
                0x00012638       0x20 .\CortexM3\ARM_GCC_541\Release\Generic.a(PWM_MOTORS.o)
                0x00012638                PWM_MOTORS_WriteCompare2
 .text.PACER_TIMER_Init
                0x00012658       0xa0 .\CortexM3\ARM_GCC_541\Release\Generic.a(PACER_TIMER.o)
                0x00012658                PACER_TIMER_Init
 .text.PACER_TIMER_Enable
                0x000126f8       0x48 .\CortexM3\ARM_GCC_541\Release\Generic.a(PACER_TIMER.o)
                0x000126f8                PACER_TIMER_Enable
 .text.PACER_TIMER_Start
                0x00012740       0x24 .\CortexM3\ARM_GCC_541\Release\Generic.a(PACER_TIMER.o)
                0x00012740                PACER_TIMER_Start
 .text.PACER_TIMER_SetInterruptMode
                0x00012764       0x20 .\CortexM3\ARM_GCC_541\Release\Generic.a(PACER_TIMER.o)
                0x00012764                PACER_TIMER_SetInterruptMode
 .text.PACER_TIMER_WritePeriod
                0x00012784       0x24 .\CortexM3\ARM_GCC_541\Release\Generic.a(PACER_TIMER.o)
                0x00012784                PACER_TIMER_WritePeriod
 .text.PACER_TIMER_WriteCounter
                0x000127a8       0x20 .\CortexM3\ARM_GCC_541\Release\Generic.a(PACER_TIMER.o)
                0x000127a8                PACER_TIMER_WriteCounter
 .text.RESET_FF_Write
                0x000127c8       0x20 .\CortexM3\ARM_GCC_541\Release\Generic.a(RESET_FF.o)
                0x000127c8                RESET_FF_Write
 .text.FF_STATUS_Read
                0x000127e8       0x18 .\CortexM3\ARM_GCC_541\Release\Generic.a(FF_STATUS.o)
                0x000127e8                FF_STATUS_Read
 .text.MY_TIMER_Init
                0x00012800       0xa0 .\CortexM3\ARM_GCC_541\Release\Generic.a(MY_TIMER.o)
                0x00012800                MY_TIMER_Init
 .text.MY_TIMER_Enable
                0x000128a0       0x48 .\CortexM3\ARM_GCC_541\Release\Generic.a(MY_TIMER.o)
                0x000128a0                MY_TIMER_Enable
 .text.MY_TIMER_Start
                0x000128e8       0x24 .\CortexM3\ARM_GCC_541\Release\Generic.a(MY_TIMER.o)
                0x000128e8                MY_TIMER_Start
 .text.MY_TIMER_SetInterruptMode
                0x0001290c       0x20 .\CortexM3\ARM_GCC_541\Release\Generic.a(MY_TIMER.o)
                0x0001290c                MY_TIMER_SetInterruptMode
 .text.MY_TIMER_WritePeriod
                0x0001292c       0x24 .\CortexM3\ARM_GCC_541\Release\Generic.a(MY_TIMER.o)
                0x0001292c                MY_TIMER_WritePeriod
 .text.MY_TIMER_WriteCounter
                0x00012950       0x20 .\CortexM3\ARM_GCC_541\Release\Generic.a(MY_TIMER.o)
                0x00012950                MY_TIMER_WriteCounter
 .text.MY_TIMER_ReadCounter
                0x00012970       0x20 .\CortexM3\ARM_GCC_541\Release\Generic.a(MY_TIMER.o)
                0x00012970                MY_TIMER_ReadCounter
 .text.UART_RS485_Start
                0x00012990       0x24 .\CortexM3\ARM_GCC_541\Release\Generic.a(UART_RS485.o)
                0x00012990                UART_RS485_Start
 .text.UART_RS485_Init
                0x000129b4       0x58 .\CortexM3\ARM_GCC_541\Release\Generic.a(UART_RS485.o)
                0x000129b4                UART_RS485_Init
 .text.UART_RS485_Enable
                0x00012a0c       0x64 .\CortexM3\ARM_GCC_541\Release\Generic.a(UART_RS485.o)
                0x00012a0c                UART_RS485_Enable
 .text.UART_RS485_Stop
                0x00012a70       0x64 .\CortexM3\ARM_GCC_541\Release\Generic.a(UART_RS485.o)
                0x00012a70                UART_RS485_Stop
 .text.UART_RS485_ReadRxStatus
                0x00012ad4       0x40 .\CortexM3\ARM_GCC_541\Release\Generic.a(UART_RS485.o)
                0x00012ad4                UART_RS485_ReadRxStatus
 .text.UART_RS485_GetChar
                0x00012b14       0xb4 .\CortexM3\ARM_GCC_541\Release\Generic.a(UART_RS485.o)
                0x00012b14                UART_RS485_GetChar
 .text.UART_RS485_GetRxBufferSize
                0x00012bc8       0x90 .\CortexM3\ARM_GCC_541\Release\Generic.a(UART_RS485.o)
                0x00012bc8                UART_RS485_GetRxBufferSize
 .text.UART_RS485_ClearRxBuffer
                0x00012c58       0x80 .\CortexM3\ARM_GCC_541\Release\Generic.a(UART_RS485.o)
                0x00012c58                UART_RS485_ClearRxBuffer
 .text.UART_RS485_ReadTxStatus
                0x00012cd8       0x18 .\CortexM3\ARM_GCC_541\Release\Generic.a(UART_RS485.o)
                0x00012cd8                UART_RS485_ReadTxStatus
 .text.UART_RS485_PutChar
                0x00012cf0       0x34 .\CortexM3\ARM_GCC_541\Release\Generic.a(UART_RS485.o)
                0x00012cf0                UART_RS485_PutChar
 .text.UART_RS485_PutString
                0x00012d24       0x44 .\CortexM3\ARM_GCC_541\Release\Generic.a(UART_RS485.o)
                0x00012d24                UART_RS485_PutString
 .text.UART_RS485_ClearTxBuffer
                0x00012d68       0x44 .\CortexM3\ARM_GCC_541\Release\Generic.a(UART_RS485.o)
                0x00012d68                UART_RS485_ClearTxBuffer
 .text.UART_RS485_RXISR
                0x00012dac       0xd8 .\CortexM3\ARM_GCC_541\Release\Generic.a(UART_RS485_INT.o)
                0x00012dac                UART_RS485_RXISR
 .text.ISR_RS485_RX_StartEx
                0x00012e84       0x24 .\CortexM3\ARM_GCC_541\Release\Generic.a(ISR_RS485_RX.o)
                0x00012e84                ISR_RS485_RX_StartEx
 .text.ISR_RS485_RX_SetVector
                0x00012ea8       0x24 .\CortexM3\ARM_GCC_541\Release\Generic.a(ISR_RS485_RX.o)
                0x00012ea8                ISR_RS485_RX_SetVector
 .text.ISR_RS485_RX_SetPriority
                0x00012ecc       0x24 .\CortexM3\ARM_GCC_541\Release\Generic.a(ISR_RS485_RX.o)
                0x00012ecc                ISR_RS485_RX_SetPriority
 .text.ISR_RS485_RX_Enable
                0x00012ef0       0x18 .\CortexM3\ARM_GCC_541\Release\Generic.a(ISR_RS485_RX.o)
                0x00012ef0                ISR_RS485_RX_Enable
 .text.ISR_RS485_RX_Disable
                0x00012f08       0x18 .\CortexM3\ARM_GCC_541\Release\Generic.a(ISR_RS485_RX.o)
                0x00012f08                ISR_RS485_RX_Disable
 .text.CLOCK_UART_SetDividerRegister
                0x00012f20      0x164 .\CortexM3\ARM_GCC_541\Release\Generic.a(CLOCK_UART.o)
                0x00012f20                CLOCK_UART_SetDividerRegister
 .text.CLOCK_UART_GetDividerRegister
                0x00013084       0x18 .\CortexM3\ARM_GCC_541\Release\Generic.a(CLOCK_UART.o)
                0x00013084                CLOCK_UART_GetDividerRegister
 .text.CLOCK_UART_GetSourceRegister
                0x0001309c       0x1c .\CortexM3\ARM_GCC_541\Release\Generic.a(CLOCK_UART.o)
                0x0001309c                CLOCK_UART_GetSourceRegister
 .text.CYCLES_TIMER_Init
                0x000130b8       0xa0 .\CortexM3\ARM_GCC_541\Release\Generic.a(CYCLES_TIMER.o)
                0x000130b8                CYCLES_TIMER_Init
 .text.CYCLES_TIMER_Enable
                0x00013158       0x48 .\CortexM3\ARM_GCC_541\Release\Generic.a(CYCLES_TIMER.o)
                0x00013158                CYCLES_TIMER_Enable
 .text.CYCLES_TIMER_Start
                0x000131a0       0x24 .\CortexM3\ARM_GCC_541\Release\Generic.a(CYCLES_TIMER.o)
                0x000131a0                CYCLES_TIMER_Start
 .text.CYCLES_TIMER_SetInterruptMode
                0x000131c4       0x20 .\CortexM3\ARM_GCC_541\Release\Generic.a(CYCLES_TIMER.o)
                0x000131c4                CYCLES_TIMER_SetInterruptMode
 .text.CYCLES_TIMER_WritePeriod
                0x000131e4       0x24 .\CortexM3\ARM_GCC_541\Release\Generic.a(CYCLES_TIMER.o)
                0x000131e4                CYCLES_TIMER_WritePeriod
 .text.CYCLES_TIMER_WriteCounter
                0x00013208       0x20 .\CortexM3\ARM_GCC_541\Release\Generic.a(CYCLES_TIMER.o)
                0x00013208                CYCLES_TIMER_WriteCounter
 .text.ISR_CYCLES_StartEx
                0x00013228       0x24 .\CortexM3\ARM_GCC_541\Release\Generic.a(ISR_CYCLES.o)
                0x00013228                ISR_CYCLES_StartEx
 .text.ISR_CYCLES_SetVector
                0x0001324c       0x24 .\CortexM3\ARM_GCC_541\Release\Generic.a(ISR_CYCLES.o)
                0x0001324c                ISR_CYCLES_SetVector
 .text.ISR_CYCLES_SetPriority
                0x00013270       0x24 .\CortexM3\ARM_GCC_541\Release\Generic.a(ISR_CYCLES.o)
                0x00013270                ISR_CYCLES_SetPriority
 .text.ISR_CYCLES_Enable
                0x00013294       0x18 .\CortexM3\ARM_GCC_541\Release\Generic.a(ISR_CYCLES.o)
                0x00013294                ISR_CYCLES_Enable
 .text.ISR_CYCLES_Disable
                0x000132ac       0x18 .\CortexM3\ARM_GCC_541\Release\Generic.a(ISR_CYCLES.o)
                0x000132ac                ISR_CYCLES_Disable
 .text.Bootloadable_Load
                0x000132c4       0x18 .\CortexM3\ARM_GCC_541\Release\Generic.a(Bootloadable.o)
                0x000132c4                Bootloadable_Load
 .text.CS_RTC_Write
                0x000132dc       0x3c .\CortexM3\ARM_GCC_541\Release\Generic.a(CS_RTC.o)
                0x000132dc                CS_RTC_Write
 .text.CLK_RTC_Write
                0x00013318       0x3c .\CortexM3\ARM_GCC_541\Release\Generic.a(CLK_RTC.o)
                0x00013318                CLK_RTC_Write
 .text.MOSI_RTC_Write
                0x00013354       0x3c .\CortexM3\ARM_GCC_541\Release\Generic.a(MOSI_RTC.o)
                0x00013354                MOSI_RTC_Write
 .text.MISO_RTC_Read
                0x00013390       0x20 .\CortexM3\ARM_GCC_541\Release\Generic.a(MISO_RTC.o)
                0x00013390                MISO_RTC_Read
 .text.SPI_IMU_Init
                0x000133b0       0x34 .\CortexM3\ARM_GCC_541\Release\Generic.a(SPI_IMU.o)
                0x000133b0                SPI_IMU_Init
 .text.SPI_IMU_Enable
                0x000133e4       0x64 .\CortexM3\ARM_GCC_541\Release\Generic.a(SPI_IMU.o)
                0x000133e4                SPI_IMU_Enable
 .text.SPI_IMU_Start
                0x00013448       0x24 .\CortexM3\ARM_GCC_541\Release\Generic.a(SPI_IMU.o)
                0x00013448                SPI_IMU_Start
 .text.SPI_IMU_EnableTxInt
                0x0001346c        0xc .\CortexM3\ARM_GCC_541\Release\Generic.a(SPI_IMU.o)
                0x0001346c                SPI_IMU_EnableTxInt
 .text.SPI_IMU_EnableRxInt
                0x00013478        0xc .\CortexM3\ARM_GCC_541\Release\Generic.a(SPI_IMU.o)
                0x00013478                SPI_IMU_EnableRxInt
 .text.SPI_IMU_ReadTxStatus
                0x00013484       0x1c .\CortexM3\ARM_GCC_541\Release\Generic.a(SPI_IMU.o)
                0x00013484                SPI_IMU_ReadTxStatus
 .text.SPI_IMU_ReadRxStatus
                0x000134a0       0x1c .\CortexM3\ARM_GCC_541\Release\Generic.a(SPI_IMU.o)
                0x000134a0                SPI_IMU_ReadRxStatus
 .text.SPI_IMU_WriteTxData
                0x000134bc       0x34 .\CortexM3\ARM_GCC_541\Release\Generic.a(SPI_IMU.o)
                0x000134bc                SPI_IMU_WriteTxData
 .text.SPI_IMU_ReadRxData
                0x000134f0       0x1c .\CortexM3\ARM_GCC_541\Release\Generic.a(SPI_IMU.o)
                0x000134f0                SPI_IMU_ReadRxData
 .text.SPI_IMU_ClearRxBuffer
                0x0001350c       0x28 .\CortexM3\ARM_GCC_541\Release\Generic.a(SPI_IMU.o)
                0x0001350c                SPI_IMU_ClearRxBuffer
 .text.SPI_IMU_ClearTxBuffer
                0x00013534       0x44 .\CortexM3\ARM_GCC_541\Release\Generic.a(SPI_IMU.o)
                0x00013534                SPI_IMU_ClearTxBuffer
 .text.SPI_IMU_ClearFIFO
                0x00013578       0x60 .\CortexM3\ARM_GCC_541\Release\Generic.a(SPI_IMU.o)
                0x00013578                SPI_IMU_ClearFIFO
 .text.SPI_IMU_ReadStatus
                0x000135d8       0x34 .\CortexM3\ARM_GCC_541\Release\Generic.a(SPI_IMU.o)
                0x000135d8                SPI_IMU_ReadStatus
 .text.MOTOR_DIR_2_Write
                0x0001360c       0x20 .\CortexM3\ARM_GCC_541\Release\Generic.a(MOTOR_DIR_2.o)
                0x0001360c                MOTOR_DIR_2_Write
 .text.BLINK_05HZ_Start
                0x0001362c       0x24 .\CortexM3\ARM_GCC_541\Release\Generic.a(BLINK_05HZ.o)
                0x0001362c                BLINK_05HZ_Start
 .text.BLINK_05HZ_Init
                0x00013650       0x6c .\CortexM3\ARM_GCC_541\Release\Generic.a(BLINK_05HZ.o)
                0x00013650                BLINK_05HZ_Init
 .text.BLINK_05HZ_Enable
                0x000136bc       0x20 .\CortexM3\ARM_GCC_541\Release\Generic.a(BLINK_05HZ.o)
                0x000136bc                BLINK_05HZ_Enable
 .text.BLINK_05HZ_WriteCounter
                0x000136dc       0x20 .\CortexM3\ARM_GCC_541\Release\Generic.a(BLINK_05HZ.o)
                0x000136dc                BLINK_05HZ_WriteCounter
 .text.BLINK_05HZ_WritePeriod
                0x000136fc       0x20 .\CortexM3\ARM_GCC_541\Release\Generic.a(BLINK_05HZ.o)
                0x000136fc                BLINK_05HZ_WritePeriod
 .text.BLINK_05HZ_WriteCompare
                0x0001371c       0x20 .\CortexM3\ARM_GCC_541\Release\Generic.a(BLINK_05HZ.o)
                0x0001371c                BLINK_05HZ_WriteCompare
 .text.LED_CTRL_Write
                0x0001373c       0x20 .\CortexM3\ARM_GCC_541\Release\Generic.a(LED_CTRL.o)
                0x0001373c                LED_CTRL_Write
 .text.BLINK_CTRL_EN_Write
                0x0001375c       0x20 .\CortexM3\ARM_GCC_541\Release\Generic.a(BLINK_CTRL_EN.o)
                0x0001375c                BLINK_CTRL_EN_Write
 .text.BLINK_25HZ_Start
                0x0001377c       0x24 .\CortexM3\ARM_GCC_541\Release\Generic.a(BLINK_25HZ.o)
                0x0001377c                BLINK_25HZ_Start
 .text.BLINK_25HZ_Init
                0x000137a0       0x50 .\CortexM3\ARM_GCC_541\Release\Generic.a(BLINK_25HZ.o)
                0x000137a0                BLINK_25HZ_Init
 .text.BLINK_25HZ_Enable
                0x000137f0       0x20 .\CortexM3\ARM_GCC_541\Release\Generic.a(BLINK_25HZ.o)
                0x000137f0                BLINK_25HZ_Enable
 .text.BLINK_25HZ_WriteCounter
                0x00013810       0x20 .\CortexM3\ARM_GCC_541\Release\Generic.a(BLINK_25HZ.o)
                0x00013810                BLINK_25HZ_WriteCounter
 .text.BLINK_25HZ_WritePeriod
                0x00013830       0x20 .\CortexM3\ARM_GCC_541\Release\Generic.a(BLINK_25HZ.o)
                0x00013830                BLINK_25HZ_WritePeriod
 .text.BLINK_25HZ_WriteCompare
                0x00013850       0x20 .\CortexM3\ARM_GCC_541\Release\Generic.a(BLINK_25HZ.o)
                0x00013850                BLINK_25HZ_WriteCompare
 .text.ADC_N_CHANNELS_USED_Write
                0x00013870       0x20 .\CortexM3\ARM_GCC_541\Release\Generic.a(ADC_N_CHANNELS_USED.o)
                0x00013870                ADC_N_CHANNELS_USED_Write
 .text.MOTOR_ON_OFF_1_Write
                0x00013890       0x20 .\CortexM3\ARM_GCC_541\Release\Generic.a(MOTOR_ON_OFF_1.o)
                0x00013890                MOTOR_ON_OFF_1_Write
 .text.ADC_Init
                0x000138b0      0x11c .\CortexM3\ARM_GCC_541\Release\Generic.a(ADC.o)
                0x000138b0                ADC_Init
 .text.ADC_Enable
                0x000139cc      0x158 .\CortexM3\ARM_GCC_541\Release\Generic.a(ADC.o)
                0x000139cc                ADC_Enable
 .text.ADC_Start
                0x00013b24       0x30 .\CortexM3\ARM_GCC_541\Release\Generic.a(ADC.o)
                0x00013b24                ADC_Start
 .text.ADC_InitConfig
                0x00013b54      0x164 .\CortexM3\ARM_GCC_541\Release\Generic.a(ADC.o)
 .text.ADC_GainCompensation
                0x00013cb8      0x16c .\CortexM3\ARM_GCC_541\Release\Generic.a(ADC.o)
 .text.ADC_SetDSMRef0Reg
                0x00013e24       0x7c .\CortexM3\ARM_GCC_541\Release\Generic.a(ADC.o)
 .text.ADC_ISR1
                0x00013ea0        0xc .\CortexM3\ARM_GCC_541\Release\Generic.a(ADC_INT.o)
                0x00013ea0                ADC_ISR1
 .text.COUNTER_ENC_Init
                0x00013eac       0x7c .\CortexM3\ARM_GCC_541\Release\Generic.a(COUNTER_ENC.o)
                0x00013eac                COUNTER_ENC_Init
 .text.COUNTER_ENC_Enable
                0x00013f28       0x20 .\CortexM3\ARM_GCC_541\Release\Generic.a(COUNTER_ENC.o)
                0x00013f28                COUNTER_ENC_Enable
 .text.COUNTER_ENC_Start
                0x00013f48       0x24 .\CortexM3\ARM_GCC_541\Release\Generic.a(COUNTER_ENC.o)
                0x00013f48                COUNTER_ENC_Start
 .text.COUNTER_ENC_SetInterruptMode
                0x00013f6c       0x20 .\CortexM3\ARM_GCC_541\Release\Generic.a(COUNTER_ENC.o)
                0x00013f6c                COUNTER_ENC_SetInterruptMode
 .text.COUNTER_ENC_ReadStatusRegister
                0x00013f8c       0x18 .\CortexM3\ARM_GCC_541\Release\Generic.a(COUNTER_ENC.o)
                0x00013f8c                COUNTER_ENC_ReadStatusRegister
 .text.COUNTER_ENC_WriteCounter
                0x00013fa4       0x20 .\CortexM3\ARM_GCC_541\Release\Generic.a(COUNTER_ENC.o)
                0x00013fa4                COUNTER_ENC_WriteCounter
 .text.COUNTER_ENC_ReadCapture
                0x00013fc4       0x18 .\CortexM3\ARM_GCC_541\Release\Generic.a(COUNTER_ENC.o)
                0x00013fc4                COUNTER_ENC_ReadCapture
 .text.COUNTER_ENC_WritePeriod
                0x00013fdc       0x20 .\CortexM3\ARM_GCC_541\Release\Generic.a(COUNTER_ENC.o)
                0x00013fdc                COUNTER_ENC_WritePeriod
 .text.COUNTER_ENC_WriteCompare
                0x00013ffc       0x20 .\CortexM3\ARM_GCC_541\Release\Generic.a(COUNTER_ENC.o)
                0x00013ffc                COUNTER_ENC_WriteCompare
 .text.COUNTER_ENC_ClearFIFO
                0x0001401c       0x1c .\CortexM3\ARM_GCC_541\Release\Generic.a(COUNTER_ENC.o)
                0x0001401c                COUNTER_ENC_ClearFIFO
 .text.SHIFTREG_ENC_3_Start
                0x00014038       0x24 .\CortexM3\ARM_GCC_541\Release\Generic.a(SHIFTREG_ENC_3.o)
                0x00014038                SHIFTREG_ENC_3_Start
 .text.SHIFTREG_ENC_3_Enable
                0x0001405c       0x20 .\CortexM3\ARM_GCC_541\Release\Generic.a(SHIFTREG_ENC_3.o)
                0x0001405c                SHIFTREG_ENC_3_Enable
 .text.SHIFTREG_ENC_3_Init
                0x0001407c       0x10 .\CortexM3\ARM_GCC_541\Release\Generic.a(SHIFTREG_ENC_3.o)
                0x0001407c                SHIFTREG_ENC_3_Init
 .text.SHIFTREG_ENC_3_EnableInt
                0x0001408c       0x34 .\CortexM3\ARM_GCC_541\Release\Generic.a(SHIFTREG_ENC_3.o)
                0x0001408c                SHIFTREG_ENC_3_EnableInt
 .text.SHIFTREG_ENC_3_SetIntMode
                0x000140c0       0x40 .\CortexM3\ARM_GCC_541\Release\Generic.a(SHIFTREG_ENC_3.o)
                0x000140c0                SHIFTREG_ENC_3_SetIntMode
 .text.SHIFTREG_ENC_3_ReadData
                0x00014100       0x14 .\CortexM3\ARM_GCC_541\Release\Generic.a(SHIFTREG_ENC_3.o)
                0x00014100                SHIFTREG_ENC_3_ReadData
 .text.SHIFTREG_ENC_2_Start
                0x00014114       0x24 .\CortexM3\ARM_GCC_541\Release\Generic.a(SHIFTREG_ENC_2.o)
                0x00014114                SHIFTREG_ENC_2_Start
 .text.SHIFTREG_ENC_2_Enable
                0x00014138       0x20 .\CortexM3\ARM_GCC_541\Release\Generic.a(SHIFTREG_ENC_2.o)
                0x00014138                SHIFTREG_ENC_2_Enable
 .text.SHIFTREG_ENC_2_Init
                0x00014158       0x10 .\CortexM3\ARM_GCC_541\Release\Generic.a(SHIFTREG_ENC_2.o)
                0x00014158                SHIFTREG_ENC_2_Init
 .text.SHIFTREG_ENC_2_EnableInt
                0x00014168       0x34 .\CortexM3\ARM_GCC_541\Release\Generic.a(SHIFTREG_ENC_2.o)
                0x00014168                SHIFTREG_ENC_2_EnableInt
 .text.SHIFTREG_ENC_2_SetIntMode
                0x0001419c       0x40 .\CortexM3\ARM_GCC_541\Release\Generic.a(SHIFTREG_ENC_2.o)
                0x0001419c                SHIFTREG_ENC_2_SetIntMode
 .text.SHIFTREG_ENC_2_ReadData
                0x000141dc       0x14 .\CortexM3\ARM_GCC_541\Release\Generic.a(SHIFTREG_ENC_2.o)
                0x000141dc                SHIFTREG_ENC_2_ReadData
 .text.SHIFTREG_ENC_1_Start
                0x000141f0       0x24 .\CortexM3\ARM_GCC_541\Release\Generic.a(SHIFTREG_ENC_1.o)
                0x000141f0                SHIFTREG_ENC_1_Start
 .text.SHIFTREG_ENC_1_Enable
                0x00014214       0x20 .\CortexM3\ARM_GCC_541\Release\Generic.a(SHIFTREG_ENC_1.o)
                0x00014214                SHIFTREG_ENC_1_Enable
 .text.SHIFTREG_ENC_1_Init
                0x00014234       0x10 .\CortexM3\ARM_GCC_541\Release\Generic.a(SHIFTREG_ENC_1.o)
                0x00014234                SHIFTREG_ENC_1_Init
 .text.SHIFTREG_ENC_1_EnableInt
                0x00014244       0x34 .\CortexM3\ARM_GCC_541\Release\Generic.a(SHIFTREG_ENC_1.o)
                0x00014244                SHIFTREG_ENC_1_EnableInt
 .text.SHIFTREG_ENC_1_SetIntMode
                0x00014278       0x40 .\CortexM3\ARM_GCC_541\Release\Generic.a(SHIFTREG_ENC_1.o)
                0x00014278                SHIFTREG_ENC_1_SetIntMode
 .text.SHIFTREG_ENC_1_ReadData
                0x000142b8       0x14 .\CortexM3\ARM_GCC_541\Release\Generic.a(SHIFTREG_ENC_1.o)
                0x000142b8                SHIFTREG_ENC_1_ReadData
 .text.RESET_COUNTERS_Write
                0x000142cc       0x20 .\CortexM3\ARM_GCC_541\Release\Generic.a(RESET_COUNTERS.o)
                0x000142cc                RESET_COUNTERS_Write
 .text.Chip_Select_ENCODER_LINE_Write
                0x000142ec       0x20 .\CortexM3\ARM_GCC_541\Release\Generic.a(Chip_Select_ENCODER_LINE.o)
                0x000142ec                Chip_Select_ENCODER_LINE_Write
 .text.MY_TIMER_REG_Write
                0x0001430c       0x20 .\CortexM3\ARM_GCC_541\Release\Generic.a(MY_TIMER_REG.o)
                0x0001430c                MY_TIMER_REG_Write
 .text.MOTOR_DRIVER_TYPE_Write
                0x0001432c       0x20 .\CortexM3\ARM_GCC_541\Release\Generic.a(MOTOR_DRIVER_TYPE.o)
                0x0001432c                MOTOR_DRIVER_TYPE_Write
 .text.MOTOR_ON_OFF_2_Write
                0x0001434c       0x20 .\CortexM3\ARM_GCC_541\Release\Generic.a(MOTOR_ON_OFF_2.o)
                0x0001434c                MOTOR_ON_OFF_2_Write
 .text.DMA_DmaInitialize
                0x0001436c       0x64 .\CortexM3\ARM_GCC_541\Release\Generic.a(DMA_dma.o)
                0x0001436c                DMA_DmaInitialize
 .text.ADC_SOC_Write
                0x000143d0       0x20 .\CortexM3\ARM_GCC_541\Release\Generic.a(ADC_SOC.o)
                0x000143d0                ADC_SOC_Write
 .text.ADC_AMux_Start
                0x000143f0       0x34 .\CortexM3\ARM_GCC_541\Release\Generic.a(ADC_AMux.o)
                0x000143f0                ADC_AMux_Start
 .text.ADC_AMux_Select
                0x00014424       0x28 .\CortexM3\ARM_GCC_541\Release\Generic.a(ADC_AMux.o)
                0x00014424                ADC_AMux_Select
 .text.ADC_Ext_CP_Clk_SetDividerRegister
                0x0001444c      0x164 .\CortexM3\ARM_GCC_541\Release\Generic.a(ADC_Ext_CP_Clk.o)
                0x0001444c                ADC_Ext_CP_Clk_SetDividerRegister
 .text.ADC_Ext_CP_Clk_GetDividerRegister
                0x000145b0       0x18 .\CortexM3\ARM_GCC_541\Release\Generic.a(ADC_Ext_CP_Clk.o)
                0x000145b0                ADC_Ext_CP_Clk_GetDividerRegister
 .text.ADC_Ext_CP_Clk_SetModeRegister
                0x000145c8       0x34 .\CortexM3\ARM_GCC_541\Release\Generic.a(ADC_Ext_CP_Clk.o)
                0x000145c8                ADC_Ext_CP_Clk_SetModeRegister
 .text.ADC_Ext_CP_Clk_GetSourceRegister
                0x000145fc       0x1c .\CortexM3\ARM_GCC_541\Release\Generic.a(ADC_Ext_CP_Clk.o)
                0x000145fc                ADC_Ext_CP_Clk_GetSourceRegister
 .text.ADC_theACLK_SetDividerRegister
                0x00014618      0x164 .\CortexM3\ARM_GCC_541\Release\Generic.a(ADC_theACLK.o)
                0x00014618                ADC_theACLK_SetDividerRegister
 .text.ADC_theACLK_GetDividerRegister
                0x0001477c       0x18 .\CortexM3\ARM_GCC_541\Release\Generic.a(ADC_theACLK.o)
                0x0001477c                ADC_theACLK_GetDividerRegister
 .text.ADC_theACLK_SetModeRegister
                0x00014794       0x34 .\CortexM3\ARM_GCC_541\Release\Generic.a(ADC_theACLK.o)
                0x00014794                ADC_theACLK_SetModeRegister
 .text.ADC_theACLK_GetSourceRegister
                0x000147c8       0x1c .\CortexM3\ARM_GCC_541\Release\Generic.a(ADC_theACLK.o)
                0x000147c8                ADC_theACLK_GetSourceRegister
 .text.CyDmacConfigure
                0x000147e4       0x5c .\CortexM3\ARM_GCC_541\Release\Generic.a(CyDmac.o)
                0x000147e4                CyDmacConfigure
 .text.CyDmaChEnable
                0x00014840       0x8c .\CortexM3\ARM_GCC_541\Release\Generic.a(CyDmac.o)
                0x00014840                CyDmaChEnable
 .text.CyDmaChPriority
                0x000148cc       0x64 .\CortexM3\ARM_GCC_541\Release\Generic.a(CyDmac.o)
                0x000148cc                CyDmaChPriority
 .text.CyDmaChSetExtendedAddress
                0x00014930       0x78 .\CortexM3\ARM_GCC_541\Release\Generic.a(CyDmac.o)
                0x00014930                CyDmaChSetExtendedAddress
 .text.CyDmaChSetInitialTd
                0x000149a8       0x3c .\CortexM3\ARM_GCC_541\Release\Generic.a(CyDmac.o)
                0x000149a8                CyDmaChSetInitialTd
 .text.CyDmaChSetConfiguration
                0x000149e4       0xa0 .\CortexM3\ARM_GCC_541\Release\Generic.a(CyDmac.o)
                0x000149e4                CyDmaChSetConfiguration
 .text.CyDmaTdAllocate
                0x00014a84       0x5c .\CortexM3\ARM_GCC_541\Release\Generic.a(CyDmac.o)
                0x00014a84                CyDmaTdAllocate
 .text.CyDmaTdSetConfiguration
                0x00014ae0       0x80 .\CortexM3\ARM_GCC_541\Release\Generic.a(CyDmac.o)
                0x00014ae0                CyDmaTdSetConfiguration
 .text.CyDmaTdSetAddress
                0x00014b60       0x5c .\CortexM3\ARM_GCC_541\Release\Generic.a(CyDmac.o)
                0x00014b60                CyDmaTdSetAddress
 .text.CySetTempInt
                0x00014bbc       0x7c .\CortexM3\ARM_GCC_541\Release\Generic.a(CyFlash.o)
 .text.CyFlashGetSpcAlgorithm
                0x00014c38       0x70 .\CortexM3\ARM_GCC_541\Release\Generic.a(CyFlash.o)
                0x00014c38                CyFlashGetSpcAlgorithm
 .text.CySetTemp
                0x00014ca8       0x24 .\CortexM3\ARM_GCC_541\Release\Generic.a(CyFlash.o)
                0x00014ca8                CySetTemp
 .text.CyEEPROM_Start
                0x00014ccc       0x8c .\CortexM3\ARM_GCC_541\Release\Generic.a(CyFlash.o)
                0x00014ccc                CyEEPROM_Start
 .text.CySoftwareReset
                0x00014d58       0x20 .\CortexM3\ARM_GCC_541\Release\Generic.a(CyLib.o)
                0x00014d58                CySoftwareReset
 .text.CyDelay  0x00014d78       0x44 .\CortexM3\ARM_GCC_541\Release\Generic.a(CyLib.o)
                0x00014d78                CyDelay
 .text.CyDelayUs
                0x00014dbc       0x28 .\CortexM3\ARM_GCC_541\Release\Generic.a(CyLib.o)
                0x00014dbc                CyDelayUs
 .text.CyIntSetVector
                0x00014de4       0x48 .\CortexM3\ARM_GCC_541\Release\Generic.a(CyLib.o)
                0x00014de4                CyIntSetVector
 .text.CyIntSetPriority
                0x00014e2c       0x30 .\CortexM3\ARM_GCC_541\Release\Generic.a(CyLib.o)
                0x00014e2c                CyIntSetPriority
 .text.CySpcStart
                0x00014e5c       0x48 .\CortexM3\ARM_GCC_541\Release\Generic.a(CySpc.o)
                0x00014e5c                CySpcStart
 .text.CySpcReadData
                0x00014ea4       0x54 .\CortexM3\ARM_GCC_541\Release\Generic.a(CySpc.o)
                0x00014ea4                CySpcReadData
 .text.CySpcLoadRow
                0x00014ef8       0x88 .\CortexM3\ARM_GCC_541\Release\Generic.a(CySpc.o)
                0x00014ef8                CySpcLoadRow
 .text.CySpcWriteRow
                0x00014f80       0x98 .\CortexM3\ARM_GCC_541\Release\Generic.a(CySpc.o)
                0x00014f80                CySpcWriteRow
 .text.CySpcGetTemp
                0x00015018       0x64 .\CortexM3\ARM_GCC_541\Release\Generic.a(CySpc.o)
                0x00015018                CySpcGetTemp
 .text.CySpcLock
                0x0001507c       0x68 .\CortexM3\ARM_GCC_541\Release\Generic.a(CySpc.o)
                0x0001507c                CySpcLock
 .text.CySpcUnlock
                0x000150e4       0x50 .\CortexM3\ARM_GCC_541\Release\Generic.a(CySpc.o)
                0x000150e4                CySpcUnlock
 .text.CySpcGetAlgorithm
                0x00015134       0x44 .\CortexM3\ARM_GCC_541\Release\Generic.a(CySpc.o)
                0x00015134                CySpcGetAlgorithm
 .text          0x00015178       0x20 .\CortexM3\ARM_GCC_541\Release\Generic.a(CyBootAsmGnu.o)
                0x00015178                CyDelayCycles
                0x00015188                CyEnterCriticalSection
                0x00015190                CyExitCriticalSection
 .text._CopyString
                0x00015198       0x1c ..\src\emFile_V322c\LinkLibrary\PSoC5\GCC\libemf16noslfn.a(FAT_LFN.o)
 .text._CalcNumChar
                0x000151b4       0x1e ..\src\emFile_V322c\LinkLibrary\PSoC5\GCC\libemf16noslfn.a(FAT_LFN.o)
 .text._WriteName
                0x000151d2       0x32 ..\src\emFile_V322c\LinkLibrary\PSoC5\GCC\libemf16noslfn.a(FAT_LFN.o)
 .text._ToUpper
                0x00015204       0x10 ..\src\emFile_V322c\LinkLibrary\PSoC5\GCC\libemf16noslfn.a(FAT_LFN.o)
 .text._CompareChar
                0x00015214       0x44 ..\src\emFile_V322c\LinkLibrary\PSoC5\GCC\libemf16noslfn.a(FAT_LFN.o)
 .text._CalcCheckSum
                0x00015258       0x24 ..\src\emFile_V322c\LinkLibrary\PSoC5\GCC\libemf16noslfn.a(FAT_LFN.o)
 .text._SetDirPosIndex
                0x0001527c        0x8 ..\src\emFile_V322c\LinkLibrary\PSoC5\GCC\libemf16noslfn.a(FAT_LFN.o)
 .text.FS_FAT_SupportLFN
                0x00015284       0x10 ..\src\emFile_V322c\LinkLibrary\PSoC5\GCC\libemf16noslfn.a(FAT_LFN.o)
                0x00015284                FS_FAT_SupportLFN
 .text._LFN_DelLongEntry
                0x00015294       0x5e ..\src\emFile_V322c\LinkLibrary\PSoC5\GCC\libemf16noslfn.a(FAT_LFN.o)
 .text._CorrectTrail
                0x000152f2       0x28 ..\src\emFile_V322c\LinkLibrary\PSoC5\GCC\libemf16noslfn.a(FAT_LFN.o)
 .text._CalcNumLongEntries
                0x0001531a       0x16 ..\src\emFile_V322c\LinkLibrary\PSoC5\GCC\libemf16noslfn.a(FAT_LFN.o)
 .text._ComputeLongDirEntry
                0x00015330       0x88 ..\src\emFile_V322c\LinkLibrary\PSoC5\GCC\libemf16noslfn.a(FAT_LFN.o)
 .text._LFN_FindDirEntry
                0x000153b8      0x146 ..\src\emFile_V322c\LinkLibrary\PSoC5\GCC\libemf16noslfn.a(FAT_LFN.o)
 .text._GenerateShortEntry
                0x000154fe       0xce ..\src\emFile_V322c\LinkLibrary\PSoC5\GCC\libemf16noslfn.a(FAT_LFN.o)
 .text._LFN_ReadDirEntryInfo
                0x000155cc      0x1c6 ..\src\emFile_V322c\LinkLibrary\PSoC5\GCC\libemf16noslfn.a(FAT_LFN.o)
 .text._LFN_CreateDirEntry
                0x00015792      0x2a4 ..\src\emFile_V322c\LinkLibrary\PSoC5\GCC\libemf16noslfn.a(FAT_LFN.o)
 .text._ClusterId2FATOff
                0x00015a36       0x18 ..\src\emFile_V322c\LinkLibrary\PSoC5\GCC\libemf16noslfn.a(FAT_Misc.o)
 .text._CalcLogClusterPos
                0x00015a4e        0xe ..\src\emFile_V322c\LinkLibrary\PSoC5\GCC\libemf16noslfn.a(FAT_Misc.o)
 .text._ReadFromFreeClusterCache
                0x00015a5c       0x46 ..\src\emFile_V322c\LinkLibrary\PSoC5\GCC\libemf16noslfn.a(FAT_Misc.o)
 .text.FS_FAT_GetFATType
                0x00015aa2       0x1a ..\src\emFile_V322c\LinkLibrary\PSoC5\GCC\libemf16noslfn.a(FAT_Misc.o)
                0x00015aa2                FS_FAT_GetFATType
 .text.FS_FAT_ClusterId2SectorNo
                0x00015abc        0xc ..\src\emFile_V322c\LinkLibrary\PSoC5\GCC\libemf16noslfn.a(FAT_Misc.o)
                0x00015abc                FS_FAT_ClusterId2SectorNo
 .text.FS_FAT_IsValidShortNameChar
                0x00015ac8       0x34 ..\src\emFile_V322c\LinkLibrary\PSoC5\GCC\libemf16noslfn.a(FAT_Misc.o)
                0x00015ac8                FS_FAT_IsValidShortNameChar
 .text.FS_FAT_CopyShortName
                0x00015afc       0x56 ..\src\emFile_V322c\LinkLibrary\PSoC5\GCC\libemf16noslfn.a(FAT_Misc.o)
                0x00015afc                FS_FAT_CopyShortName
 .text._SFN_CreateDirEntry
                0x00015b52       0x5a ..\src\emFile_V322c\LinkLibrary\PSoC5\GCC\libemf16noslfn.a(FAT_Misc.o)
 .text._SFN_FindDirEntry
                0x00015bac       0x10 ..\src\emFile_V322c\LinkLibrary\PSoC5\GCC\libemf16noslfn.a(FAT_Misc.o)
 .text.FS_FAT_FindDirEntry
                0x00015bbc       0x60 ..\src\emFile_V322c\LinkLibrary\PSoC5\GCC\libemf16noslfn.a(FAT_Misc.o)
                0x00015bbc                FS_FAT_FindDirEntry
 .text.FS_FAT_CopyDirEntryInfo
                0x00015c1c       0x50 ..\src\emFile_V322c\LinkLibrary\PSoC5\GCC\libemf16noslfn.a(FAT_Misc.o)
                0x00015c1c                FS_FAT_CopyDirEntryInfo
 .text._SFN_ReadDirEntryInfo
                0x00015c6c       0x6e ..\src\emFile_V322c\LinkLibrary\PSoC5\GCC\libemf16noslfn.a(FAT_Misc.o)
 .text._SetFATSector
                0x00015cda        0x6 ..\src\emFile_V322c\LinkLibrary\PSoC5\GCC\libemf16noslfn.a(FAT_Misc.o)
 .text._WriteFATEntry
                0x00015ce0      0x152 ..\src\emFile_V322c\LinkLibrary\PSoC5\GCC\libemf16noslfn.a(FAT_Misc.o)
 .text.FS_FAT_MarkClusterEOC
                0x00015e32        0x8 ..\src\emFile_V322c\LinkLibrary\PSoC5\GCC\libemf16noslfn.a(FAT_Misc.o)
                0x00015e32                FS_FAT_MarkClusterEOC
 .text.FS_FAT_SyncFAT
                0x00015e3a       0x3c ..\src\emFile_V322c\LinkLibrary\PSoC5\GCC\libemf16noslfn.a(FAT_Misc.o)
                0x00015e3a                FS_FAT_SyncFAT
 .text.FS_FAT_LinkCluster
                0x00015e76       0x1c ..\src\emFile_V322c\LinkLibrary\PSoC5\GCC\libemf16noslfn.a(FAT_Misc.o)
                0x00015e76                FS_FAT_LinkCluster
 .text.FS_FAT_ReadFATEntry
                0x00015e92       0xb2 ..\src\emFile_V322c\LinkLibrary\PSoC5\GCC\libemf16noslfn.a(FAT_Misc.o)
                0x00015e92                FS_FAT_ReadFATEntry
 .text.FS_FAT_GetNumAdjClustersInChain
                0x00015f44       0x64 ..\src\emFile_V322c\LinkLibrary\PSoC5\GCC\libemf16noslfn.a(FAT_Misc.o)
                0x00015f44                FS_FAT_GetNumAdjClustersInChain
 .text.FS_FAT_WalkClusterEx
                0x00015fa8       0x5c ..\src\emFile_V322c\LinkLibrary\PSoC5\GCC\libemf16noslfn.a(FAT_Misc.o)
                0x00015fa8                FS_FAT_WalkClusterEx
 .text.FS_FAT_GotoCluster
                0x00016004       0x88 ..\src\emFile_V322c\LinkLibrary\PSoC5\GCC\libemf16noslfn.a(FAT_Misc.o)
                0x00016004                FS_FAT_GotoCluster
 .text.FS_FAT_WalkCluster
                0x0001608c       0x18 ..\src\emFile_V322c\LinkLibrary\PSoC5\GCC\libemf16noslfn.a(FAT_Misc.o)
                0x0001608c                FS_FAT_WalkCluster
 .text.FS_FAT_FindLastCluster
                0x000160a4       0x34 ..\src\emFile_V322c\LinkLibrary\PSoC5\GCC\libemf16noslfn.a(FAT_Misc.o)
                0x000160a4                FS_FAT_FindLastCluster
 .text._CalcFreeClusterCnt
                0x000160d8       0x88 ..\src\emFile_V322c\LinkLibrary\PSoC5\GCC\libemf16noslfn.a(FAT_Misc.o)
 .text.FS_FAT_FindFreeCluster
                0x00016160       0xa8 ..\src\emFile_V322c\LinkLibrary\PSoC5\GCC\libemf16noslfn.a(FAT_Misc.o)
                0x00016160                FS_FAT_FindFreeCluster
 .text.FS_FAT_AllocCluster
                0x00016208       0x20 ..\src\emFile_V322c\LinkLibrary\PSoC5\GCC\libemf16noslfn.a(FAT_Misc.o)
                0x00016208                FS_FAT_AllocCluster
 .text._WriteEmptyFATSectors
                0x00016228       0x3c ..\src\emFile_V322c\LinkLibrary\PSoC5\GCC\libemf16noslfn.a(FAT_Misc.o)
 .text.FS_FAT_FreeClusterChain
                0x00016264       0xe0 ..\src\emFile_V322c\LinkLibrary\PSoC5\GCC\libemf16noslfn.a(FAT_Misc.o)
                0x00016264                FS_FAT_FreeClusterChain
 .text.FS_FAT_CheckBPB
                0x00016344      0x14c ..\src\emFile_V322c\LinkLibrary\PSoC5\GCC\libemf16noslfn.a(FAT_Misc.o)
                0x00016344                FS_FAT_CheckBPB
 .text.FS_FAT_InitDirEntryScan
                0x00016490       0x14 ..\src\emFile_V322c\LinkLibrary\PSoC5\GCC\libemf16noslfn.a(FAT_Open.o)
                0x00016490                FS_FAT_InitDirEntryScan
 .text.FS_FAT_IncDirPos
                0x000164a4        0x8 ..\src\emFile_V322c\LinkLibrary\PSoC5\GCC\libemf16noslfn.a(FAT_Open.o)
                0x000164a4                FS_FAT_IncDirPos
 .text._CopyDirText
                0x000164ac       0x44 ..\src\emFile_V322c\LinkLibrary\PSoC5\GCC\libemf16noslfn.a(FAT_Open.o)
 .text.FS_FAT_Make83Name
                0x000164f0       0xb0 ..\src\emFile_V322c\LinkLibrary\PSoC5\GCC\libemf16noslfn.a(FAT_Open.o)
                0x000164f0                FS_FAT_Make83Name
 .text.FS_FAT_GetDirEntry
                0x000165a0       0xb2 ..\src\emFile_V322c\LinkLibrary\PSoC5\GCC\libemf16noslfn.a(FAT_Open.o)
                0x000165a0                FS_FAT_GetDirEntry
 .text.FS_FAT_FindDirEntryShortEx
                0x00016652       0x5a ..\src\emFile_V322c\LinkLibrary\PSoC5\GCC\libemf16noslfn.a(FAT_Open.o)
                0x00016652                FS_FAT_FindDirEntryShortEx
 .text.FS_FAT_FindDirEntryShort
                0x000166ac       0x36 ..\src\emFile_V322c\LinkLibrary\PSoC5\GCC\libemf16noslfn.a(FAT_Open.o)
                0x000166ac                FS_FAT_FindDirEntryShort
 .text.FS_FAT_FindEmptyDirEntry
                0x000166e2       0xb0 ..\src\emFile_V322c\LinkLibrary\PSoC5\GCC\libemf16noslfn.a(FAT_Open.o)
                0x000166e2                FS_FAT_FindEmptyDirEntry
 .text.FS_FAT_GetFirstCluster
                0x00016792       0x1a ..\src\emFile_V322c\LinkLibrary\PSoC5\GCC\libemf16noslfn.a(FAT_Open.o)
                0x00016792                FS_FAT_GetFirstCluster
 .text.FS_FAT_FindPath
                0x000167ac       0x7a ..\src\emFile_V322c\LinkLibrary\PSoC5\GCC\libemf16noslfn.a(FAT_Open.o)
                0x000167ac                FS_FAT_FindPath
 .text.FS_FAT_DeleteFileOrDir
                0x00016826       0x48 ..\src\emFile_V322c\LinkLibrary\PSoC5\GCC\libemf16noslfn.a(FAT_Open.o)
                0x00016826                FS_FAT_DeleteFileOrDir
 *fill*         0x0001686e        0x2 
 .text.FS_FAT_Open
                0x00016870      0x1dc ..\src\emFile_V322c\LinkLibrary\PSoC5\GCC\libemf16noslfn.a(FAT_Open.o)
                0x00016870                FS_FAT_Open
 .text.FS_FAT_WriteDirEntryCluster
                0x00016a4c       0x1c ..\src\emFile_V322c\LinkLibrary\PSoC5\GCC\libemf16noslfn.a(FAT_Open.o)
                0x00016a4c                FS_FAT_WriteDirEntryCluster
 .text.FS_FAT_WriteDirEntry83
                0x00016a68       0x6c ..\src\emFile_V322c\LinkLibrary\PSoC5\GCC\libemf16noslfn.a(FAT_Open.o)
                0x00016a68                FS_FAT_WriteDirEntry83
 .text._WriteBurst
                0x00016ad4       0x24 ..\src\emFile_V322c\LinkLibrary\PSoC5\GCC\libemf16noslfn.a(FAT_Write.o)
 .text.FS_FAT_GotoClusterAllocIfReq
                0x00016af8       0xa8 ..\src\emFile_V322c\LinkLibrary\PSoC5\GCC\libemf16noslfn.a(FAT_Write.o)
                0x00016af8                FS_FAT_GotoClusterAllocIfReq
 .text.FS_FAT_UpdateDirEntry
                0x00016ba0       0x68 ..\src\emFile_V322c\LinkLibrary\PSoC5\GCC\libemf16noslfn.a(FAT_Write.o)
                0x00016ba0                FS_FAT_UpdateDirEntry
 .text.FS_FAT_Close
                0x00016c08       0x44 ..\src\emFile_V322c\LinkLibrary\PSoC5\GCC\libemf16noslfn.a(FAT_Write.o)
                0x00016c08                FS_FAT_Close
 .text.FS_FAT_Write
                0x00016c4c      0x1c8 ..\src\emFile_V322c\LinkLibrary\PSoC5\GCC\libemf16noslfn.a(FAT_Write.o)
                0x00016c4c                FS_FAT_Write
 .text.FS__CLIB_memcmp
                0x00016e14       0x20 ..\src\emFile_V322c\LinkLibrary\PSoC5\GCC\libemf16noslfn.a(FS_CLib.o)
                0x00016e14                FS__CLIB_memcmp
 .text.FS__CLIB_memset
                0x00016e34       0x6c ..\src\emFile_V322c\LinkLibrary\PSoC5\GCC\libemf16noslfn.a(FS_CLib.o)
                0x00016e34                FS__CLIB_memset
 .text.FS__CLIB_strcmp
                0x00016ea0       0x1a ..\src\emFile_V322c\LinkLibrary\PSoC5\GCC\libemf16noslfn.a(FS_CLib.o)
                0x00016ea0                FS__CLIB_strcmp
 .text.FS__CLIB_strlen
                0x00016eba       0x10 ..\src\emFile_V322c\LinkLibrary\PSoC5\GCC\libemf16noslfn.a(FS_CLib.o)
                0x00016eba                FS__CLIB_strlen
 .text.FS__CLIB_strncmp
                0x00016eca       0x26 ..\src\emFile_V322c\LinkLibrary\PSoC5\GCC\libemf16noslfn.a(FS_CLib.o)
                0x00016eca                FS__CLIB_strncmp
 .text.FS__CLIB_toupper
                0x00016ef0        0xe ..\src\emFile_V322c\LinkLibrary\PSoC5\GCC\libemf16noslfn.a(FS_CLib.o)
                0x00016ef0                FS__CLIB_toupper
 .text.FS__strchr
                0x00016efe       0x14 ..\src\emFile_V322c\LinkLibrary\PSoC5\GCC\libemf16noslfn.a(FS_Core.o)
                0x00016efe                FS__strchr
 .text.FS_LoadU32BE
                0x00016f12       0x18 ..\src\emFile_V322c\LinkLibrary\PSoC5\GCC\libemf16noslfn.a(FS_Core.o)
                0x00016f12                FS_LoadU32BE
 .text.FS_LoadU32LE
                0x00016f2a       0x16 ..\src\emFile_V322c\LinkLibrary\PSoC5\GCC\libemf16noslfn.a(FS_Core.o)
                0x00016f2a                FS_LoadU32LE
 .text.FS_StoreU32LE
                0x00016f40       0x14 ..\src\emFile_V322c\LinkLibrary\PSoC5\GCC\libemf16noslfn.a(FS_Core.o)
                0x00016f40                FS_StoreU32LE
 .text.FS_StoreU16LE
                0x00016f54        0x8 ..\src\emFile_V322c\LinkLibrary\PSoC5\GCC\libemf16noslfn.a(FS_Core.o)
                0x00016f54                FS_StoreU16LE
 .text.FS_LoadU16LE
                0x00016f5c        0xa ..\src\emFile_V322c\LinkLibrary\PSoC5\GCC\libemf16noslfn.a(FS_Core.o)
                0x00016f5c                FS_LoadU16LE
 *fill*         0x00016f66        0x2 
 .text._Alloc   0x00016f68       0x30 ..\src\emFile_V322c\LinkLibrary\PSoC5\GCC\libemf16noslfn.a(FS_Core.o)
 .text.FS_Alloc
                0x00016f98        0xc ..\src\emFile_V322c\LinkLibrary\PSoC5\GCC\libemf16noslfn.a(FS_Core.o)
                0x00016f98                FS_Alloc
 .text.FS_TryAlloc
                0x00016fa4        0x4 ..\src\emFile_V322c\LinkLibrary\PSoC5\GCC\libemf16noslfn.a(FS_Core.o)
                0x00016fa4                FS_TryAlloc
 .text.FS_Free  0x00016fa8       0x1c ..\src\emFile_V322c\LinkLibrary\PSoC5\GCC\libemf16noslfn.a(FS_Core.o)
                0x00016fa8                FS_Free
 .text.FS_AssignMemory
                0x00016fc4        0xc ..\src\emFile_V322c\LinkLibrary\PSoC5\GCC\libemf16noslfn.a(FS_Core.o)
                0x00016fc4                FS_AssignMemory
 .text.FS_AllocZeroed
                0x00016fd0       0x16 ..\src\emFile_V322c\LinkLibrary\PSoC5\GCC\libemf16noslfn.a(FS_Core.o)
                0x00016fd0                FS_AllocZeroed
 *fill*         0x00016fe6        0x2 
 .text.FS_STORAGE_Init
                0x00016fe8       0x28 ..\src\emFile_V322c\LinkLibrary\PSoC5\GCC\libemf16noslfn.a(FS_Core.o)
                0x00016fe8                FS_STORAGE_Init
 .text.FS__FindClose
                0x00017010        0x6 ..\src\emFile_V322c\LinkLibrary\PSoC5\GCC\libemf16noslfn.a(FS_Dir.o)
                0x00017010                FS__FindClose
 .text.FS_FindClose
                0x00017016        0x4 ..\src\emFile_V322c\LinkLibrary\PSoC5\GCC\libemf16noslfn.a(FS_Dir.o)
                0x00017016                FS_FindClose
 .text.FS__FindNextFile
                0x0001701a       0x52 ..\src\emFile_V322c\LinkLibrary\PSoC5\GCC\libemf16noslfn.a(FS_Dir.o)
                0x0001701a                FS__FindNextFile
 .text.FS_FindNextFile
                0x0001706c        0xa ..\src\emFile_V322c\LinkLibrary\PSoC5\GCC\libemf16noslfn.a(FS_Dir.o)
                0x0001706c                FS_FindNextFile
 .text.FS__FindFirstFileEx
                0x00017076       0x86 ..\src\emFile_V322c\LinkLibrary\PSoC5\GCC\libemf16noslfn.a(FS_Dir.o)
                0x00017076                FS__FindFirstFileEx
 .text.FS__FindFirstFile
                0x000170fc       0x2e ..\src\emFile_V322c\LinkLibrary\PSoC5\GCC\libemf16noslfn.a(FS_Dir.o)
                0x000170fc                FS__FindFirstFile
 .text.FS_FindFirstFile
                0x0001712a        0xa ..\src\emFile_V322c\LinkLibrary\PSoC5\GCC\libemf16noslfn.a(FS_Dir.o)
                0x0001712a                FS_FindFirstFile
 .text.FS__MkDir
                0x00017134       0x24 ..\src\emFile_V322c\LinkLibrary\PSoC5\GCC\libemf16noslfn.a(FS_Dir.o)
                0x00017134                FS__MkDir
 .text.FS_MkDir
                0x00017158        0x4 ..\src\emFile_V322c\LinkLibrary\PSoC5\GCC\libemf16noslfn.a(FS_Dir.o)
                0x00017158                FS_MkDir
 .text._FreeDirHandle
                0x0001715c        0xa ..\src\emFile_V322c\LinkLibrary\PSoC5\GCC\libemf16noslfn.a(FS_DirOld.o)
 .text.FS__RewindDir
                0x00017166        0xa ..\src\emFile_V322c\LinkLibrary\PSoC5\GCC\libemf16noslfn.a(FS_DirOld.o)
                0x00017166                FS__RewindDir
 .text.FS__DirEnt2Attr
                0x00017170        0xc ..\src\emFile_V322c\LinkLibrary\PSoC5\GCC\libemf16noslfn.a(FS_DirOld.o)
                0x00017170                FS__DirEnt2Attr
 .text.FS__CloseDir
                0x0001717c       0x20 ..\src\emFile_V322c\LinkLibrary\PSoC5\GCC\libemf16noslfn.a(FS_DirOld.o)
                0x0001717c                FS__CloseDir
 .text.FS_CloseDir
                0x0001719c        0x4 ..\src\emFile_V322c\LinkLibrary\PSoC5\GCC\libemf16noslfn.a(FS_DirOld.o)
                0x0001719c                FS_CloseDir
 .text.FS__ReadDir
                0x000171a0       0x4c ..\src\emFile_V322c\LinkLibrary\PSoC5\GCC\libemf16noslfn.a(FS_DirOld.o)
                0x000171a0                FS__ReadDir
 .text.FS__OpenDir
                0x000171ec       0x48 ..\src\emFile_V322c\LinkLibrary\PSoC5\GCC\libemf16noslfn.a(FS_DirOld.o)
                0x000171ec                FS__OpenDir
 .text.FS_OpenDir
                0x00017234        0x4 ..\src\emFile_V322c\LinkLibrary\PSoC5\GCC\libemf16noslfn.a(FS_DirOld.o)
                0x00017234                FS_OpenDir
 .text.FS_FRead
                0x00017238       0x1c ..\src\emFile_V322c\LinkLibrary\PSoC5\GCC\libemf16noslfn.a(FS_FRead.o)
                0x00017238                FS_FRead
 .text.FS__GetNumFiles
                0x00017254       0x56 ..\src\emFile_V322c\LinkLibrary\PSoC5\GCC\libemf16noslfn.a(FS_GetNumFiles.o)
                0x00017254                FS__GetNumFiles
 .text.FS_GetNumFiles
                0x000172aa        0x4 ..\src\emFile_V322c\LinkLibrary\PSoC5\GCC\libemf16noslfn.a(FS_GetNumFiles.o)
                0x000172aa                FS_GetNumFiles
 .text._ClrBusyLED
                0x000172ae        0xc ..\src\emFile_V322c\LinkLibrary\PSoC5\GCC\libemf16noslfn.a(FS_LogBlock.o)
 .text._SetBusyLED
                0x000172ba        0xc ..\src\emFile_V322c\LinkLibrary\PSoC5\GCC\libemf16noslfn.a(FS_LogBlock.o)
 .text._Read    0x000172c6        0xc ..\src\emFile_V322c\LinkLibrary\PSoC5\GCC\libemf16noslfn.a(FS_LogBlock.o)
 .text._Write   0x000172d2       0x12 ..\src\emFile_V322c\LinkLibrary\PSoC5\GCC\libemf16noslfn.a(FS_LogBlock.o)
 .text.FS_LB_GetStatus
                0x000172e4        0xc ..\src\emFile_V322c\LinkLibrary\PSoC5\GCC\libemf16noslfn.a(FS_LogBlock.o)
                0x000172e4                FS_LB_GetStatus
 .text.FS_LB_InitMedium
                0x000172f0       0x1a ..\src\emFile_V322c\LinkLibrary\PSoC5\GCC\libemf16noslfn.a(FS_LogBlock.o)
                0x000172f0                FS_LB_InitMedium
 .text.FS_LB_InitMediumIfRequired
                0x0001730a       0x10 ..\src\emFile_V322c\LinkLibrary\PSoC5\GCC\libemf16noslfn.a(FS_LogBlock.o)
                0x0001730a                FS_LB_InitMediumIfRequired
 .text.FS_LB_ReadDevice
                0x0001731a       0x2e ..\src\emFile_V322c\LinkLibrary\PSoC5\GCC\libemf16noslfn.a(FS_LogBlock.o)
                0x0001731a                FS_LB_ReadDevice
 .text.FS_LB_ReadPart
                0x00017348        0xe ..\src\emFile_V322c\LinkLibrary\PSoC5\GCC\libemf16noslfn.a(FS_LogBlock.o)
                0x00017348                FS_LB_ReadPart
 .text.FS_LB_ReadBurst
                0x00017356       0x38 ..\src\emFile_V322c\LinkLibrary\PSoC5\GCC\libemf16noslfn.a(FS_LogBlock.o)
                0x00017356                FS_LB_ReadBurst
 .text.FS_LB_ReadBurstPart
                0x0001738e       0x14 ..\src\emFile_V322c\LinkLibrary\PSoC5\GCC\libemf16noslfn.a(FS_LogBlock.o)
                0x0001738e                FS_LB_ReadBurstPart
 .text.FS_LB_WriteBurst
                0x000173a2       0x30 ..\src\emFile_V322c\LinkLibrary\PSoC5\GCC\libemf16noslfn.a(FS_LogBlock.o)
                0x000173a2                FS_LB_WriteBurst
 .text.FS_LB_WriteBurstPart
                0x000173d2       0x14 ..\src\emFile_V322c\LinkLibrary\PSoC5\GCC\libemf16noslfn.a(FS_LogBlock.o)
                0x000173d2                FS_LB_WriteBurstPart
 .text.FS_LB_WriteMultiple
                0x000173e6       0x30 ..\src\emFile_V322c\LinkLibrary\PSoC5\GCC\libemf16noslfn.a(FS_LogBlock.o)
                0x000173e6                FS_LB_WriteMultiple
 .text.FS_LB_WriteMultiplePart
                0x00017416       0x14 ..\src\emFile_V322c\LinkLibrary\PSoC5\GCC\libemf16noslfn.a(FS_LogBlock.o)
                0x00017416                FS_LB_WriteMultiplePart
 .text.FS_LB_WriteDevice
                0x0001742a       0x36 ..\src\emFile_V322c\LinkLibrary\PSoC5\GCC\libemf16noslfn.a(FS_LogBlock.o)
                0x0001742a                FS_LB_WriteDevice
 .text.FS_LB_WritePart
                0x00017460        0xe ..\src\emFile_V322c\LinkLibrary\PSoC5\GCC\libemf16noslfn.a(FS_LogBlock.o)
                0x00017460                FS_LB_WritePart
 .text.FS_GetSectorSize
                0x0001746e       0x28 ..\src\emFile_V322c\LinkLibrary\PSoC5\GCC\libemf16noslfn.a(FS_LogBlock.o)
                0x0001746e                FS_GetSectorSize
 .text.FS_LB_GetDeviceInfo
                0x00017496       0x26 ..\src\emFile_V322c\LinkLibrary\PSoC5\GCC\libemf16noslfn.a(FS_LogBlock.o)
                0x00017496                FS_LB_GetDeviceInfo
 .text.FS_memcpy
                0x000174bc      0x120 ..\src\emFile_V322c\LinkLibrary\PSoC5\GCC\libemf16noslfn.a(FS_memcpy.o)
                0x000174bc                FS_memcpy
 .text.FS__AllocSectorBuffer
                0x000175dc       0x2c ..\src\emFile_V322c\LinkLibrary\PSoC5\GCC\libemf16noslfn.a(FS_Misc.o)
                0x000175dc                FS__AllocSectorBuffer
 .text.FS__FreeSectorBuffer
                0x00017608       0x28 ..\src\emFile_V322c\LinkLibrary\PSoC5\GCC\libemf16noslfn.a(FS_Misc.o)
                0x00017608                FS__FreeSectorBuffer
 .text.FS__SB_MarkDirty
                0x00017630        0x6 ..\src\emFile_V322c\LinkLibrary\PSoC5\GCC\libemf16noslfn.a(FS_Misc.o)
                0x00017630                FS__SB_MarkDirty
 .text.FS__SB_MarkNotDirty
                0x00017636        0x6 ..\src\emFile_V322c\LinkLibrary\PSoC5\GCC\libemf16noslfn.a(FS_Misc.o)
                0x00017636                FS__SB_MarkNotDirty
 .text.FS__FreeFileHandle
                0x0001763c        0xa ..\src\emFile_V322c\LinkLibrary\PSoC5\GCC\libemf16noslfn.a(FS_Misc.o)
                0x0001763c                FS__FreeFileHandle
 .text.FS__FreeFileObj
                0x00017646        0xc ..\src\emFile_V322c\LinkLibrary\PSoC5\GCC\libemf16noslfn.a(FS_Misc.o)
                0x00017646                FS__FreeFileObj
 *fill*         0x00017652        0x2 
 .text.FS_Init  0x00017654       0x58 ..\src\emFile_V322c\LinkLibrary\PSoC5\GCC\libemf16noslfn.a(FS_Misc.o)
                0x00017654                FS_Init
 .text.FS__SB_Create
                0x000176ac       0x28 ..\src\emFile_V322c\LinkLibrary\PSoC5\GCC\libemf16noslfn.a(FS_Misc.o)
                0x000176ac                FS__SB_Create
 .text.FS__FCloseNL
                0x000176d4       0x1e ..\src\emFile_V322c\LinkLibrary\PSoC5\GCC\libemf16noslfn.a(FS_Misc.o)
                0x000176d4                FS__FCloseNL
 .text.FS__FClose
                0x000176f2       0x1a ..\src\emFile_V322c\LinkLibrary\PSoC5\GCC\libemf16noslfn.a(FS_Misc.o)
                0x000176f2                FS__FClose
 .text.FS_FClose
                0x0001770c        0xa ..\src\emFile_V322c\LinkLibrary\PSoC5\GCC\libemf16noslfn.a(FS_Misc.o)
                0x0001770c                FS_FClose
 *fill*         0x00017716        0x2 
 .text.FS__AllocFileObj
                0x00017718       0x48 ..\src\emFile_V322c\LinkLibrary\PSoC5\GCC\libemf16noslfn.a(FS_Misc.o)
                0x00017718                FS__AllocFileObj
 .text.FS__AllocFileHandle
                0x00017760       0x40 ..\src\emFile_V322c\LinkLibrary\PSoC5\GCC\libemf16noslfn.a(FS_Misc.o)
                0x00017760                FS__AllocFileHandle
 .text.FS__OpenEx
                0x000177a0       0x58 ..\src\emFile_V322c\LinkLibrary\PSoC5\GCC\libemf16noslfn.a(FS_Misc.o)
                0x000177a0                FS__OpenEx
 .text.FS__FOpenEx
                0x000177f8       0x56 ..\src\emFile_V322c\LinkLibrary\PSoC5\GCC\libemf16noslfn.a(FS_Misc.o)
                0x000177f8                FS__FOpenEx
 *fill*         0x0001784e        0x2 
 .text.FS__FOpen
                0x00017850       0x48 ..\src\emFile_V322c\LinkLibrary\PSoC5\GCC\libemf16noslfn.a(FS_Misc.o)
                0x00017850                FS__FOpen
 .text.FS_FOpen
                0x00017898        0x4 ..\src\emFile_V322c\LinkLibrary\PSoC5\GCC\libemf16noslfn.a(FS_Misc.o)
                0x00017898                FS_FOpen
 .text.FS__Remove
                0x0001789c       0x28 ..\src\emFile_V322c\LinkLibrary\PSoC5\GCC\libemf16noslfn.a(FS_Misc.o)
                0x0001789c                FS__Remove
 .text.FS_Remove
                0x000178c4        0x4 ..\src\emFile_V322c\LinkLibrary\PSoC5\GCC\libemf16noslfn.a(FS_Misc.o)
                0x000178c4                FS_Remove
 .text.FS__SB_Write
                0x000178c8       0x24 ..\src\emFile_V322c\LinkLibrary\PSoC5\GCC\libemf16noslfn.a(FS_Misc.o)
                0x000178c8                FS__SB_Write
 .text._SB_Clean
                0x000178ec       0x24 ..\src\emFile_V322c\LinkLibrary\PSoC5\GCC\libemf16noslfn.a(FS_Misc.o)
 .text.FS__SB_SetSector
                0x00017910       0x20 ..\src\emFile_V322c\LinkLibrary\PSoC5\GCC\libemf16noslfn.a(FS_Misc.o)
                0x00017910                FS__SB_SetSector
 .text.FS__SB_MarkValid
                0x00017930       0x10 ..\src\emFile_V322c\LinkLibrary\PSoC5\GCC\libemf16noslfn.a(FS_Misc.o)
                0x00017930                FS__SB_MarkValid
 .text.FS__SB_Clean
                0x00017940        0x4 ..\src\emFile_V322c\LinkLibrary\PSoC5\GCC\libemf16noslfn.a(FS_Misc.o)
                0x00017940                FS__SB_Clean
 .text.FS__SB_Delete
                0x00017944       0x12 ..\src\emFile_V322c\LinkLibrary\PSoC5\GCC\libemf16noslfn.a(FS_Misc.o)
                0x00017944                FS__SB_Delete
 .text.FS__SB_Flush
                0x00017956        0x8 ..\src\emFile_V322c\LinkLibrary\PSoC5\GCC\libemf16noslfn.a(FS_Misc.o)
                0x00017956                FS__SB_Flush
 .text.FS__SB_Read
                0x0001795e       0x2a ..\src\emFile_V322c\LinkLibrary\PSoC5\GCC\libemf16noslfn.a(FS_Misc.o)
                0x0001795e                FS__SB_Read
 .text.FS__Read
                0x00017988       0x2e ..\src\emFile_V322c\LinkLibrary\PSoC5\GCC\libemf16noslfn.a(FS_Read.o)
                0x00017988                FS__Read
 .text.FS__AddPhysDevice
                0x000179b6       0x10 ..\src\emFile_V322c\LinkLibrary\PSoC5\GCC\libemf16noslfn.a(FS_Storage.o)
                0x000179b6                FS__AddPhysDevice
 *fill*         0x000179c6        0x2 
 .text.FS__FindVolume
                0x000179c8       0x78 ..\src\emFile_V322c\LinkLibrary\PSoC5\GCC\libemf16noslfn.a(FS_Storage.o)
                0x000179c8                FS__FindVolume
 .text.FS__AddDevice
                0x00017a40       0x68 ..\src\emFile_V322c\LinkLibrary\PSoC5\GCC\libemf16noslfn.a(FS_Storage.o)
                0x00017a40                FS__AddDevice
 .text.FS_AddDevice
                0x00017aa8        0x4 ..\src\emFile_V322c\LinkLibrary\PSoC5\GCC\libemf16noslfn.a(FS_Storage.o)
                0x00017aa8                FS_AddDevice
 .text._Mount   0x00017aac       0x2e ..\src\emFile_V322c\LinkLibrary\PSoC5\GCC\libemf16noslfn.a(FS_Volume.o)
 .text.FS__AutoMount
                0x00017ada       0x14 ..\src\emFile_V322c\LinkLibrary\PSoC5\GCC\libemf16noslfn.a(FS_Volume.o)
                0x00017ada                FS__AutoMount
 .text.FS__Write
                0x00017aee       0x3a ..\src\emFile_V322c\LinkLibrary\PSoC5\GCC\libemf16noslfn.a(FS_Write.o)
                0x00017aee                FS__Write
 .text.FS_Write
                0x00017b28        0x4 ..\src\emFile_V322c\LinkLibrary\PSoC5\GCC\libemf16noslfn.a(FS_Write.o)
                0x00017b28                FS_Write
 .text.FS_FAT_CloseDir
                0x00017b2c        0xc ..\src\emFile_V322c\LinkLibrary\PSoC5\GCC\libemf16noslfn.a(FAT_Dir.o)
                0x00017b2c                FS_FAT_CloseDir
 .text.FS_FAT_ReadDir
                0x00017b38       0x38 ..\src\emFile_V322c\LinkLibrary\PSoC5\GCC\libemf16noslfn.a(FAT_Dir.o)
                0x00017b38                FS_FAT_ReadDir
 .text.FS_FAT_OpenDir
                0x00017b70       0x72 ..\src\emFile_V322c\LinkLibrary\PSoC5\GCC\libemf16noslfn.a(FAT_Dir.o)
                0x00017b70                FS_FAT_OpenDir
 *fill*         0x00017be2        0x2 
 .text.FS_FAT_CreateDirEx
                0x00017be4      0x110 ..\src\emFile_V322c\LinkLibrary\PSoC5\GCC\libemf16noslfn.a(FAT_Dir.o)
                0x00017be4                FS_FAT_CreateDirEx
 .text.FS_FAT_CreateDir
                0x00017cf4       0x64 ..\src\emFile_V322c\LinkLibrary\PSoC5\GCC\libemf16noslfn.a(FAT_Dir.o)
                0x00017cf4                FS_FAT_CreateDir
 .text._ReadBurst
                0x00017d58       0x24 ..\src\emFile_V322c\LinkLibrary\PSoC5\GCC\libemf16noslfn.a(FAT_Read.o)
 .text.FS_FAT_Read
                0x00017d7c      0x194 ..\src\emFile_V322c\LinkLibrary\PSoC5\GCC\libemf16noslfn.a(FAT_Read.o)
                0x00017d7c                FS_FAT_Read
 .text._IsBPB   0x00017f10       0x1e ..\src\emFile_V322c\LinkLibrary\PSoC5\GCC\libemf16noslfn.a(FS_Partition.o)
 .text._HasSignature
                0x00017f2e       0x18 ..\src\emFile_V322c\LinkLibrary\PSoC5\GCC\libemf16noslfn.a(FS_Partition.o)
 .text._GetPartitionStartSector
                0x00017f46        0xc ..\src\emFile_V322c\LinkLibrary\PSoC5\GCC\libemf16noslfn.a(FS_Partition.o)
 .text.FS__GetMediaStartSecEx
                0x00017f52       0x6e ..\src\emFile_V322c\LinkLibrary\PSoC5\GCC\libemf16noslfn.a(FS_Partition.o)
                0x00017f52                FS__GetMediaStartSecEx
 .text.FS__LocatePartition
                0x00017fc0       0x44 ..\src\emFile_V322c\LinkLibrary\PSoC5\GCC\libemf16noslfn.a(FS_Partition.o)
                0x00017fc0                FS__LocatePartition
 .text.FS_X_AddDevices
                0x00018004       0x20 .\CortexM3\ARM_GCC_541\Release\Generic.a(SD_ConfigMMC_SPI.o)
                0x00018004                FS_X_AddDevices
 .text.FS_X_GetTimeDate
                0x00018024       0x58 .\CortexM3\ARM_GCC_541\Release\Generic.a(SD_ConfigMMC_SPI.o)
                0x00018024                FS_X_GetTimeDate
 .text._CalcDataCRC16Dummy
                0x0001807c        0x6 ..\src\emFile_V322c\LinkLibrary\PSoC5\GCC\libemf16noslfn.a(MMC_Drv.o)
 *fill*         0x00018082        0x2 
 .text._MMC_GetNumUnits
                0x00018084        0xc ..\src\emFile_V322c\LinkLibrary\PSoC5\GCC\libemf16noslfn.a(MMC_Drv.o)
 .text._MMC_GetDriverName
                0x00018090        0x8 ..\src\emFile_V322c\LinkLibrary\PSoC5\GCC\libemf16noslfn.a(MMC_Drv.o)
 .text._MMC_GetStatus
                0x00018098        0x4 ..\src\emFile_V322c\LinkLibrary\PSoC5\GCC\libemf16noslfn.a(MMC_Drv.o)
 .text._CheckR1
                0x0001809c       0x38 ..\src\emFile_V322c\LinkLibrary\PSoC5\GCC\libemf16noslfn.a(MMC_Drv.o)
 .text._WaitToGetReady
                0x000180d4       0x26 ..\src\emFile_V322c\LinkLibrary\PSoC5\GCC\libemf16noslfn.a(MMC_Drv.o)
 .text._SendEmptyCycles
                0x000180fa       0x24 ..\src\emFile_V322c\LinkLibrary\PSoC5\GCC\libemf16noslfn.a(MMC_Drv.o)
 *fill*         0x0001811e        0x2 
 .text._MMC_AddDevice
                0x00018120       0x2c ..\src\emFile_V322c\LinkLibrary\PSoC5\GCC\libemf16noslfn.a(MMC_Drv.o)
 .text.T.53     0x0001814c       0x14 ..\src\emFile_V322c\LinkLibrary\PSoC5\GCC\libemf16noslfn.a(MMC_Drv.o)
 .text._GetFromCSD
                0x00018160       0x34 ..\src\emFile_V322c\LinkLibrary\PSoC5\GCC\libemf16noslfn.a(MMC_Drv.o)
 .text._ExecCmdR1
                0x00018194       0x98 ..\src\emFile_V322c\LinkLibrary\PSoC5\GCC\libemf16noslfn.a(MMC_Drv.o)
 .text._ReadCSD
                0x0001822c       0x86 ..\src\emFile_V322c\LinkLibrary\PSoC5\GCC\libemf16noslfn.a(MMC_Drv.o)
 *fill*         0x000182b2        0x2 
 .text._MMC_Read
                0x000182b4      0x130 ..\src\emFile_V322c\LinkLibrary\PSoC5\GCC\libemf16noslfn.a(MMC_Drv.o)
 .text._MMC_Write
                0x000183e4      0x13c ..\src\emFile_V322c\LinkLibrary\PSoC5\GCC\libemf16noslfn.a(MMC_Drv.o)
 .text._ApplyCSD
                0x00018520      0x228 ..\src\emFile_V322c\LinkLibrary\PSoC5\GCC\libemf16noslfn.a(MMC_Drv.o)
 .text._MMC_Init
                0x00018748      0x1c0 ..\src\emFile_V322c\LinkLibrary\PSoC5\GCC\libemf16noslfn.a(MMC_Drv.o)
 .text._MMC_InitMedium
                0x00018908       0x28 ..\src\emFile_V322c\LinkLibrary\PSoC5\GCC\libemf16noslfn.a(MMC_Drv.o)
 .text._MMC_IoCtl
                0x00018930       0x60 ..\src\emFile_V322c\LinkLibrary\PSoC5\GCC\libemf16noslfn.a(MMC_Drv.o)
 .text.SD_Init  0x00018990       0x6c .\CortexM3\ARM_GCC_541\Release\Generic.a(SD_MMC_HW_SPI.o)
 .text.SD_ReadWriteSPI
                0x000189fc       0x68 .\CortexM3\ARM_GCC_541\Release\Generic.a(SD_MMC_HW_SPI.o)
 .text.FS_MMC_HW_X_EnableCS
                0x00018a64       0x28 .\CortexM3\ARM_GCC_541\Release\Generic.a(SD_MMC_HW_SPI.o)
                0x00018a64                FS_MMC_HW_X_EnableCS
 .text.FS_MMC_HW_X_DisableCS
                0x00018a8c       0x28 .\CortexM3\ARM_GCC_541\Release\Generic.a(SD_MMC_HW_SPI.o)
                0x00018a8c                FS_MMC_HW_X_DisableCS
 .text.FS_MMC_HW_X_IsWriteProtected
                0x00018ab4       0x28 .\CortexM3\ARM_GCC_541\Release\Generic.a(SD_MMC_HW_SPI.o)
                0x00018ab4                FS_MMC_HW_X_IsWriteProtected
 .text.FS_MMC_HW_X_SetMaxSpeed
                0x00018adc       0x88 .\CortexM3\ARM_GCC_541\Release\Generic.a(SD_MMC_HW_SPI.o)
                0x00018adc                FS_MMC_HW_X_SetMaxSpeed
 .text.FS_MMC_HW_X_SetVoltage
                0x00018b64       0x68 .\CortexM3\ARM_GCC_541\Release\Generic.a(SD_MMC_HW_SPI.o)
                0x00018b64                FS_MMC_HW_X_SetVoltage
 .text.FS_MMC_HW_X_IsPresent
                0x00018bcc       0x30 .\CortexM3\ARM_GCC_541\Release\Generic.a(SD_MMC_HW_SPI.o)
                0x00018bcc                FS_MMC_HW_X_IsPresent
 .text.FS_MMC_HW_X_Read
                0x00018bfc       0x38 .\CortexM3\ARM_GCC_541\Release\Generic.a(SD_MMC_HW_SPI.o)
                0x00018bfc                FS_MMC_HW_X_Read
 .text.FS_MMC_HW_X_Write
                0x00018c34       0x34 .\CortexM3\ARM_GCC_541\Release\Generic.a(SD_MMC_HW_SPI.o)
                0x00018c34                FS_MMC_HW_X_Write
 .text.SD_SPI0_Init
                0x00018c68       0x34 .\CortexM3\ARM_GCC_541\Release\Generic.a(SD_SPI0.o)
                0x00018c68                SD_SPI0_Init
 .text.SD_SPI0_Enable
                0x00018c9c       0x64 .\CortexM3\ARM_GCC_541\Release\Generic.a(SD_SPI0.o)
                0x00018c9c                SD_SPI0_Enable
 .text.SD_SPI0_Start
                0x00018d00       0x24 .\CortexM3\ARM_GCC_541\Release\Generic.a(SD_SPI0.o)
                0x00018d00                SD_SPI0_Start
 .text.SD_SPI0_EnableTxInt
                0x00018d24        0xc .\CortexM3\ARM_GCC_541\Release\Generic.a(SD_SPI0.o)
                0x00018d24                SD_SPI0_EnableTxInt
 .text.SD_SPI0_EnableRxInt
                0x00018d30        0xc .\CortexM3\ARM_GCC_541\Release\Generic.a(SD_SPI0.o)
                0x00018d30                SD_SPI0_EnableRxInt
 .text.SD_SPI0_ReadTxStatus
                0x00018d3c       0x1c .\CortexM3\ARM_GCC_541\Release\Generic.a(SD_SPI0.o)
                0x00018d3c                SD_SPI0_ReadTxStatus
 .text.SD_SPI0_ReadRxStatus
                0x00018d58       0x1c .\CortexM3\ARM_GCC_541\Release\Generic.a(SD_SPI0.o)
                0x00018d58                SD_SPI0_ReadRxStatus
 .text.SD_SPI0_WriteTxData
                0x00018d74       0x34 .\CortexM3\ARM_GCC_541\Release\Generic.a(SD_SPI0.o)
                0x00018d74                SD_SPI0_WriteTxData
 .text.SD_SPI0_ReadRxData
                0x00018da8       0x1c .\CortexM3\ARM_GCC_541\Release\Generic.a(SD_SPI0.o)
                0x00018da8                SD_SPI0_ReadRxData
 .text.SD_SPI0_ClearFIFO
                0x00018dc4       0x60 .\CortexM3\ARM_GCC_541\Release\Generic.a(SD_SPI0.o)
                0x00018dc4                SD_SPI0_ClearFIFO
 .text.SD_Clock_1_Start
                0x00018e24       0x34 .\CortexM3\ARM_GCC_541\Release\Generic.a(SD_Clock_1.o)
                0x00018e24                SD_Clock_1_Start
 .text.SD_Clock_1_Stop
                0x00018e58       0x34 .\CortexM3\ARM_GCC_541\Release\Generic.a(SD_Clock_1.o)
                0x00018e58                SD_Clock_1_Stop
 .text.SD_Clock_1_SetDividerRegister
                0x00018e8c      0x164 .\CortexM3\ARM_GCC_541\Release\Generic.a(SD_Clock_1.o)
                0x00018e8c                SD_Clock_1_SetDividerRegister
 .text.SD_Clock_1_GetDividerRegister
                0x00018ff0       0x18 .\CortexM3\ARM_GCC_541\Release\Generic.a(SD_Clock_1.o)
                0x00018ff0                SD_Clock_1_GetDividerRegister
 .text.SD_Clock_1_GetSourceRegister
                0x00019008       0x1c .\CortexM3\ARM_GCC_541\Release\Generic.a(SD_Clock_1.o)
                0x00019008                SD_Clock_1_GetSourceRegister
 .text.SD_SPI0_CS_Write
                0x00019024       0x3c .\CortexM3\ARM_GCC_541\Release\Generic.a(SD_SPI0_CS.o)
                0x00019024                SD_SPI0_CS_Write
 .text          0x00019060      0x370 c:/program files (x86)/cypress/psoc creator/4.4/psoc creator/import/gnu/arm/5.4.1/bin/../lib/gcc/arm-none-eabi/5.4.1/armv7-m\libgcc.a(_arm_addsubdf3.o)
                0x00019060                __aeabi_drsub
                0x00019068                __aeabi_dsub
                0x00019068                __subdf3
                0x0001906c                __aeabi_dadd
                0x0001906c                __adddf3
                0x000192e4                __floatunsidf
                0x000192e4                __aeabi_ui2d
                0x00019304                __floatsidf
                0x00019304                __aeabi_i2d
                0x00019328                __aeabi_f2d
                0x00019328                __extendsfdf2
                0x00019364                __floatundidf
                0x00019364                __aeabi_ul2d
                0x00019374                __floatdidf
                0x00019374                __aeabi_l2d
 .text          0x000193d0      0x424 c:/program files (x86)/cypress/psoc creator/4.4/psoc creator/import/gnu/arm/5.4.1/bin/../lib/gcc/arm-none-eabi/5.4.1/armv7-m\libgcc.a(_arm_muldivdf3.o)
                0x000193d0                __aeabi_dmul
                0x000193d0                __muldf3
                0x00019624                __divdf3
                0x00019624                __aeabi_ddiv
 .text          0x000197f4      0x110 c:/program files (x86)/cypress/psoc creator/4.4/psoc creator/import/gnu/arm/5.4.1/bin/../lib/gcc/arm-none-eabi/5.4.1/armv7-m\libgcc.a(_arm_cmpdf2.o)
                0x000197f4                __gtdf2
                0x000197f4                __gedf2
                0x000197fc                __ltdf2
                0x000197fc                __ledf2
                0x00019804                __nedf2
                0x00019804                __eqdf2
                0x00019804                __cmpdf2
                0x00019880                __aeabi_cdrcmple
                0x00019890                __aeabi_cdcmpeq
                0x00019890                __aeabi_cdcmple